<?xml version="1.0" encoding="ISO-8859-1" ?>
<link_info>
   <banner>TI ARM Linker PC v20.2.6.LTS</banner>
   <copyright>Copyright (c) 1996-2018 Texas Instruments Incorporated</copyright>
   <link_time>0x626db15f</link_time>
   <link_errors>0x0</link_errors>
   <output_file>MSP432_FINAL_A.out</output_file>
   <entry_point>
      <name>_c_int00_noargs</name>
      <address>0x51dd</address>
   </entry_point>
   <input_file_list>
      <input_file id="fl-2">
         <path>.\</path>
         <kind>object</kind>
         <file>FINAL_A.obj</file>
         <name>FINAL_A.obj</name>
      </input_file>
      <input_file id="fl-3">
         <path>.\</path>
         <kind>object</kind>
         <file>startup_msp432p401r_ccs.obj</file>
         <name>startup_msp432p401r_ccs.obj</name>
      </input_file>
      <input_file id="fl-4">
         <path>.\</path>
         <kind>object</kind>
         <file>system_msp432p401r.obj</file>
         <name>system_msp432p401r.obj</name>
      </input_file>
      <input_file id="fl-9">
         <kind>object</kind>
         <file>&lt;internal&gt;</file>
         <name>&lt;internal&gt;</name>
      </input_file>
      <input_file id="fl-a">
         <path>C:\ti\simplelink_msp432p4_sdk_3_40_01_02\source\ti\devices\msp432p4xx\driverlib\ccs\</path>
         <kind>archive</kind>
         <file>msp432p4xx_driverlib.lib</file>
         <name>cs.o</name>
      </input_file>
      <input_file id="fl-b">
         <path>C:\ti\simplelink_msp432p4_sdk_3_40_01_02\source\ti\devices\msp432p4xx\driverlib\ccs\</path>
         <kind>archive</kind>
         <file>msp432p4xx_driverlib.lib</file>
         <name>flash.o</name>
      </input_file>
      <input_file id="fl-c">
         <path>C:\ti\simplelink_msp432p4_sdk_3_40_01_02\source\ti\devices\msp432p4xx\driverlib\ccs\</path>
         <kind>archive</kind>
         <file>msp432p4xx_driverlib.lib</file>
         <name>fpu.o</name>
      </input_file>
      <input_file id="fl-d">
         <path>C:\ti\simplelink_msp432p4_sdk_3_40_01_02\source\ti\devices\msp432p4xx\driverlib\ccs\</path>
         <kind>archive</kind>
         <file>msp432p4xx_driverlib.lib</file>
         <name>gpio.o</name>
      </input_file>
      <input_file id="fl-e">
         <path>C:\ti\simplelink_msp432p4_sdk_3_40_01_02\source\ti\devices\msp432p4xx\driverlib\ccs\</path>
         <kind>archive</kind>
         <file>msp432p4xx_driverlib.lib</file>
         <name>interrupt.o</name>
      </input_file>
      <input_file id="fl-f">
         <path>C:\ti\simplelink_msp432p4_sdk_3_40_01_02\source\ti\devices\msp432p4xx\driverlib\ccs\</path>
         <kind>archive</kind>
         <file>msp432p4xx_driverlib.lib</file>
         <name>pcm.o</name>
      </input_file>
      <input_file id="fl-10">
         <path>C:\ti\simplelink_msp432p4_sdk_3_40_01_02\source\ti\devices\msp432p4xx\driverlib\ccs\</path>
         <kind>archive</kind>
         <file>msp432p4xx_driverlib.lib</file>
         <name>rtc_c.o</name>
      </input_file>
      <input_file id="fl-11">
         <path>C:\ti\simplelink_msp432p4_sdk_3_40_01_02\source\ti\devices\msp432p4xx\driverlib\ccs\</path>
         <kind>archive</kind>
         <file>msp432p4xx_driverlib.lib</file>
         <name>sysctl.o</name>
      </input_file>
      <input_file id="fl-12">
         <path>C:\ti\simplelink_msp432p4_sdk_3_40_01_02\source\ti\devices\msp432p4xx\driverlib\ccs\</path>
         <kind>archive</kind>
         <file>msp432p4xx_driverlib.lib</file>
         <name>sysctl_a.o</name>
      </input_file>
      <input_file id="fl-13">
         <path>C:\ti\simplelink_msp432p4_sdk_3_40_01_02\source\ti\devices\msp432p4xx\driverlib\ccs\</path>
         <kind>archive</kind>
         <file>msp432p4xx_driverlib.lib</file>
         <name>systick.o</name>
      </input_file>
      <input_file id="fl-14">
         <path>C:\ti\simplelink_msp432p4_sdk_3_40_01_02\source\ti\devices\msp432p4xx\driverlib\ccs\</path>
         <kind>archive</kind>
         <file>msp432p4xx_driverlib.lib</file>
         <name>timer32.o</name>
      </input_file>
      <input_file id="fl-15">
         <path>C:\ti\simplelink_msp432p4_sdk_3_40_01_02\source\ti\devices\msp432p4xx\driverlib\ccs\</path>
         <kind>archive</kind>
         <file>msp432p4xx_driverlib.lib</file>
         <name>timer_a.o</name>
      </input_file>
      <input_file id="fl-16">
         <path>C:\ti\simplelink_msp432p4_sdk_3_40_01_02\source\ti\devices\msp432p4xx\driverlib\ccs\</path>
         <kind>archive</kind>
         <file>msp432p4xx_driverlib.lib</file>
         <name>uart.o</name>
      </input_file>
      <input_file id="fl-17">
         <path>C:\ti\simplelink_msp432p4_sdk_3_40_01_02\source\ti\devices\msp432p4xx\driverlib\ccs\</path>
         <kind>archive</kind>
         <file>msp432p4xx_driverlib.lib</file>
         <name>wdt_a.o</name>
      </input_file>
      <input_file id="fl-18">
         <path>C:\ti\simplelink_msp432p4_sdk_3_40_01_02\source\ti\devices\msp432p4xx\driverlib\ccs\</path>
         <kind>archive</kind>
         <file>msp432p4xx_driverlib.lib</file>
         <name>cpu.o</name>
      </input_file>
      <input_file id="fl-ce">
         <path>C:\ti\ccs1110\ccs\tools\compiler\ti-cgt-arm_20.2.6.LTS\lib\</path>
         <kind>archive</kind>
         <file>rtsv7M4_T_le_v4SPD16_eabi.lib</file>
         <name>snprintf.c.obj</name>
      </input_file>
      <input_file id="fl-cf">
         <path>C:\ti\ccs1110\ccs\tools\compiler\ti-cgt-arm_20.2.6.LTS\lib\</path>
         <kind>archive</kind>
         <file>rtsv7M4_T_le_v4SPD16_eabi.lib</file>
         <name>fd_cmp_t2.asm.obj</name>
      </input_file>
      <input_file id="fl-d0">
         <path>C:\ti\ccs1110\ccs\tools\compiler\ti-cgt-arm_20.2.6.LTS\lib\</path>
         <kind>archive</kind>
         <file>rtsv7M4_T_le_v4SPD16_eabi.lib</file>
         <name>fd_div_t2.asm.obj</name>
      </input_file>
      <input_file id="fl-d1">
         <path>C:\ti\ccs1110\ccs\tools\compiler\ti-cgt-arm_20.2.6.LTS\lib\</path>
         <kind>archive</kind>
         <file>rtsv7M4_T_le_v4SPD16_eabi.lib</file>
         <name>fd_mul_t2.asm.obj</name>
      </input_file>
      <input_file id="fl-d2">
         <path>C:\ti\ccs1110\ccs\tools\compiler\ti-cgt-arm_20.2.6.LTS\lib\</path>
         <kind>archive</kind>
         <file>rtsv7M4_T_le_v4SPD16_eabi.lib</file>
         <name>fd_toi_t2.asm.obj</name>
      </input_file>
      <input_file id="fl-d3">
         <path>C:\ti\ccs1110\ccs\tools\compiler\ti-cgt-arm_20.2.6.LTS\lib\</path>
         <kind>archive</kind>
         <file>rtsv7M4_T_le_v4SPD16_eabi.lib</file>
         <name>fd_tos_t2.asm.obj</name>
      </input_file>
      <input_file id="fl-d4">
         <path>C:\ti\ccs1110\ccs\tools\compiler\ti-cgt-arm_20.2.6.LTS\lib\</path>
         <kind>archive</kind>
         <file>rtsv7M4_T_le_v4SPD16_eabi.lib</file>
         <name>fd_tou_t2.asm.obj</name>
      </input_file>
      <input_file id="fl-d5">
         <path>C:\ti\ccs1110\ccs\tools\compiler\ti-cgt-arm_20.2.6.LTS\lib\</path>
         <kind>archive</kind>
         <file>rtsv7M4_T_le_v4SPD16_eabi.lib</file>
         <name>fs_tod_t2.asm.obj</name>
      </input_file>
      <input_file id="fl-d6">
         <path>C:\ti\ccs1110\ccs\tools\compiler\ti-cgt-arm_20.2.6.LTS\lib\</path>
         <kind>archive</kind>
         <file>rtsv7M4_T_le_v4SPD16_eabi.lib</file>
         <name>i_tofd_t2.asm.obj</name>
      </input_file>
      <input_file id="fl-d7">
         <path>C:\ti\ccs1110\ccs\tools\compiler\ti-cgt-arm_20.2.6.LTS\lib\</path>
         <kind>archive</kind>
         <file>rtsv7M4_T_le_v4SPD16_eabi.lib</file>
         <name>memcpy_t2.asm.obj</name>
      </input_file>
      <input_file id="fl-d8">
         <path>C:\ti\ccs1110\ccs\tools\compiler\ti-cgt-arm_20.2.6.LTS\lib\</path>
         <kind>archive</kind>
         <file>rtsv7M4_T_le_v4SPD16_eabi.lib</file>
         <name>u_tofd_t2.asm.obj</name>
      </input_file>
      <input_file id="fl-d9">
         <path>C:\ti\ccs1110\ccs\tools\compiler\ti-cgt-arm_20.2.6.LTS\lib\</path>
         <kind>archive</kind>
         <file>rtsv7M4_T_le_v4SPD16_eabi.lib</file>
         <name>copy_zero_init.c.obj</name>
      </input_file>
      <input_file id="fl-da">
         <path>C:\ti\ccs1110\ccs\tools\compiler\ti-cgt-arm_20.2.6.LTS\lib\</path>
         <kind>archive</kind>
         <file>rtsv7M4_T_le_v4SPD16_eabi.lib</file>
         <name>copy_decompress_none.c.obj</name>
      </input_file>
      <input_file id="fl-db">
         <path>C:\ti\ccs1110\ccs\tools\compiler\ti-cgt-arm_20.2.6.LTS\lib\</path>
         <kind>archive</kind>
         <file>rtsv7M4_T_le_v4SPD16_eabi.lib</file>
         <name>copy_decompress_lzss.c.obj</name>
      </input_file>
      <input_file id="fl-dc">
         <path>C:\ti\ccs1110\ccs\tools\compiler\ti-cgt-arm_20.2.6.LTS\lib\</path>
         <kind>archive</kind>
         <file>rtsv7M4_T_le_v4SPD16_eabi.lib</file>
         <name>rand.c.obj</name>
      </input_file>
      <input_file id="fl-dd">
         <path>C:\ti\ccs1110\ccs\tools\compiler\ti-cgt-arm_20.2.6.LTS\lib\</path>
         <kind>archive</kind>
         <file>rtsv7M4_T_le_v4SPD16_eabi.lib</file>
         <name>strlen.c.obj</name>
      </input_file>
      <input_file id="fl-de">
         <path>C:\ti\ccs1110\ccs\tools\compiler\ti-cgt-arm_20.2.6.LTS\lib\</path>
         <kind>archive</kind>
         <file>rtsv7M4_T_le_v4SPD16_eabi.lib</file>
         <name>boot_cortex_m.c.obj</name>
      </input_file>
      <input_file id="fl-df">
         <path>C:\ti\ccs1110\ccs\tools\compiler\ti-cgt-arm_20.2.6.LTS\lib\</path>
         <kind>archive</kind>
         <file>rtsv7M4_T_le_v4SPD16_eabi.lib</file>
         <name>_printfi.c.obj</name>
      </input_file>
      <input_file id="fl-e0">
         <path>C:\ti\ccs1110\ccs\tools\compiler\ti-cgt-arm_20.2.6.LTS\lib\</path>
         <kind>archive</kind>
         <file>rtsv7M4_T_le_v4SPD16_eabi.lib</file>
         <name>fd_add_t2.asm.obj</name>
      </input_file>
      <input_file id="fl-e1">
         <path>C:\ti\ccs1110\ccs\tools\compiler\ti-cgt-arm_20.2.6.LTS\lib\</path>
         <kind>archive</kind>
         <file>rtsv7M4_T_le_v4SPD16_eabi.lib</file>
         <name>memset_t2.asm.obj</name>
      </input_file>
      <input_file id="fl-e2">
         <path>C:\ti\ccs1110\ccs\tools\compiler\ti-cgt-arm_20.2.6.LTS\lib\</path>
         <kind>archive</kind>
         <file>rtsv7M4_T_le_v4SPD16_eabi.lib</file>
         <name>ull_div_t2.asm.obj</name>
      </input_file>
      <input_file id="fl-e3">
         <path>C:\ti\ccs1110\ccs\tools\compiler\ti-cgt-arm_20.2.6.LTS\lib\</path>
         <kind>archive</kind>
         <file>rtsv7M4_T_le_v4SPD16_eabi.lib</file>
         <name>autoinit.c.obj</name>
      </input_file>
      <input_file id="fl-e4">
         <path>C:\ti\ccs1110\ccs\tools\compiler\ti-cgt-arm_20.2.6.LTS\lib\</path>
         <kind>archive</kind>
         <file>rtsv7M4_T_le_v4SPD16_eabi.lib</file>
         <name>pre_init.c.obj</name>
      </input_file>
      <input_file id="fl-e5">
         <path>C:\ti\ccs1110\ccs\tools\compiler\ti-cgt-arm_20.2.6.LTS\lib\</path>
         <kind>archive</kind>
         <file>rtsv7M4_T_le_v4SPD16_eabi.lib</file>
         <name>cpy_tbl.c.obj</name>
      </input_file>
      <input_file id="fl-e6">
         <path>C:\ti\ccs1110\ccs\tools\compiler\ti-cgt-arm_20.2.6.LTS\lib\</path>
         <kind>archive</kind>
         <file>rtsv7M4_T_le_v4SPD16_eabi.lib</file>
         <name>exit.c.obj</name>
      </input_file>
      <input_file id="fl-e7">
         <path>C:\ti\ccs1110\ccs\tools\compiler\ti-cgt-arm_20.2.6.LTS\lib\</path>
         <kind>archive</kind>
         <file>rtsv7M4_T_le_v4SPD16_eabi.lib</file>
         <name>_lock.c.obj</name>
      </input_file>
      <input_file id="fl-e8">
         <path>C:\ti\ccs1110\ccs\tools\compiler\ti-cgt-arm_20.2.6.LTS\lib\</path>
         <kind>archive</kind>
         <file>rtsv7M4_T_le_v4SPD16_eabi.lib</file>
         <name>_ltoa.c.obj</name>
      </input_file>
      <input_file id="fl-e9">
         <path>C:\ti\ccs1110\ccs\tools\compiler\ti-cgt-arm_20.2.6.LTS\lib\</path>
         <kind>archive</kind>
         <file>rtsv7M4_T_le_v4SPD16_eabi.lib</file>
         <name>args_main.c.obj</name>
      </input_file>
      <input_file id="fl-ea">
         <path>C:\ti\ccs1110\ccs\tools\compiler\ti-cgt-arm_20.2.6.LTS\lib\</path>
         <kind>archive</kind>
         <file>rtsv7M4_T_le_v4SPD16_eabi.lib</file>
         <name>atoi.c.obj</name>
      </input_file>
      <input_file id="fl-eb">
         <path>C:\ti\ccs1110\ccs\tools\compiler\ti-cgt-arm_20.2.6.LTS\lib\</path>
         <kind>archive</kind>
         <file>rtsv7M4_T_le_v4SPD16_eabi.lib</file>
         <name>ctype.c.obj</name>
      </input_file>
      <input_file id="fl-ec">
         <path>C:\ti\ccs1110\ccs\tools\compiler\ti-cgt-arm_20.2.6.LTS\lib\</path>
         <kind>archive</kind>
         <file>rtsv7M4_T_le_v4SPD16_eabi.lib</file>
         <name>memccpy.c.obj</name>
      </input_file>
      <input_file id="fl-ed">
         <path>C:\ti\ccs1110\ccs\tools\compiler\ti-cgt-arm_20.2.6.LTS\lib\</path>
         <kind>archive</kind>
         <file>rtsv7M4_T_le_v4SPD16_eabi.lib</file>
         <name>strchr.c.obj</name>
      </input_file>
      <input_file id="fl-ee">
         <path>C:\ti\ccs1110\ccs\tools\compiler\ti-cgt-arm_20.2.6.LTS\lib\</path>
         <kind>archive</kind>
         <file>rtsv7M4_T_le_v4SPD16_eabi.lib</file>
         <name>errno.c.obj</name>
      </input_file>
      <input_file id="fl-ef">
         <path>C:\ti\ccs1110\ccs\tools\compiler\ti-cgt-arm_20.2.6.LTS\lib\</path>
         <kind>archive</kind>
         <file>rtsv7M4_T_le_v4SPD16_eabi.lib</file>
         <name>s_frexp.c.obj</name>
      </input_file>
      <input_file id="fl-f0">
         <path>C:\ti\ccs1110\ccs\tools\compiler\ti-cgt-arm_20.2.6.LTS\lib\</path>
         <kind>archive</kind>
         <file>rtsv7M4_T_le_v4SPD16_eabi.lib</file>
         <name>s_scalbn.c.obj</name>
      </input_file>
      <input_file id="fl-f1">
         <path>C:\ti\ccs1110\ccs\tools\compiler\ti-cgt-arm_20.2.6.LTS\lib\</path>
         <kind>archive</kind>
         <file>rtsv7M4_T_le_v4SPD16_eabi.lib</file>
         <name>s_copysign.c.obj</name>
      </input_file>
      <input_file id="fl-f2">
         <path>C:\ti\ccs1110\ccs\tools\compiler\ti-cgt-arm_20.2.6.LTS\lib\</path>
         <kind>archive</kind>
         <file>rtsv7M4_T_le_v4SPD16_eabi.lib</file>
         <name>wcslen.c.obj</name>
      </input_file>
      <input_file id="fl-f3">
         <path>C:\ti\ccs1110\ccs\tools\compiler\ti-cgt-arm_20.2.6.LTS\lib\</path>
         <kind>archive</kind>
         <file>rtsv7M4_T_le_v4SPD16_eabi.lib</file>
         <name>div0.asm.obj</name>
      </input_file>
   </input_file_list>
   <object_component_list>
      <object_component id="oc-26">
         <name>.intvecs:retain</name>
         <load_address>0x0</load_address>
         <run_address>0x0</run_address>
         <size>0xe4</size>
         <input_file_ref idref="fl-3"/>
      </object_component>
      <object_component id="oc-6d">
         <name>.text</name>
         <load_address>0xe4</load_address>
         <run_address>0xe4</run_address>
         <size>0x1b20</size>
         <input_file_ref idref="fl-2"/>
      </object_component>
      <object_component id="oc-388">
         <name>.text:__TI_printfi</name>
         <load_address>0x1c04</load_address>
         <run_address>0x1c04</run_address>
         <size>0xa4e</size>
         <input_file_ref idref="fl-df"/>
      </object_component>
      <object_component id="oc-4c1">
         <name>.text:_nop</name>
         <load_address>0x2652</load_address>
         <run_address>0x2652</run_address>
         <size>0x2</size>
         <input_file_ref idref="fl-e7"/>
      </object_component>
      <object_component id="oc-a5">
         <name>.text</name>
         <load_address>0x2654</load_address>
         <run_address>0x2654</run_address>
         <size>0x334</size>
         <input_file_ref idref="fl-4"/>
      </object_component>
      <object_component id="oc-305">
         <name>.text:__PCM_setPowerStateAdvanced</name>
         <load_address>0x2988</load_address>
         <run_address>0x2988</run_address>
         <size>0x28a</size>
         <input_file_ref idref="fl-f"/>
      </object_component>
      <object_component id="oc-5a4">
         <name>.text</name>
         <load_address>0x2c12</load_address>
         <run_address>0x2c12</run_address>
         <size>0x2</size>
         <input_file_ref idref="fl-f3"/>
      </object_component>
      <object_component id="oc-499">
         <name>.text:_pconv_a</name>
         <load_address>0x2c14</load_address>
         <run_address>0x2c14</run_address>
         <size>0x270</size>
         <input_file_ref idref="fl-df"/>
      </object_component>
      <object_component id="oc-487">
         <name>.text:_pconv_g</name>
         <load_address>0x2e84</load_address>
         <run_address>0x2e84</run_address>
         <size>0x1d0</size>
         <input_file_ref idref="fl-df"/>
      </object_component>
      <object_component id="oc-534">
         <name>.text</name>
         <load_address>0x3054</load_address>
         <run_address>0x3054</run_address>
         <size>0x1b6</size>
         <input_file_ref idref="fl-e0"/>
      </object_component>
      <object_component id="oc-404">
         <name>.text:__PCM_setPowerModeAdvanced</name>
         <load_address>0x320c</load_address>
         <run_address>0x320c</run_address>
         <size>0x15c</size>
         <input_file_ref idref="fl-f"/>
      </object_component>
      <object_component id="oc-343">
         <name>.text:privateTimer_AProcessClockSourceDivider</name>
         <load_address>0x3368</load_address>
         <run_address>0x3368</run_address>
         <size>0x144</size>
         <input_file_ref idref="fl-15"/>
      </object_component>
      <object_component id="oc-493">
         <name>.text:_pconv_e</name>
         <load_address>0x34ac</load_address>
         <run_address>0x34ac</run_address>
         <size>0x13c</size>
         <input_file_ref idref="fl-df"/>
      </object_component>
      <object_component id="oc-144">
         <name>.text</name>
         <load_address>0x35e8</load_address>
         <run_address>0x35e8</run_address>
         <size>0x136</size>
         <input_file_ref idref="fl-d0"/>
      </object_component>
      <object_component id="oc-f7">
         <name>.text:CS_initClockSignal</name>
         <load_address>0x3720</load_address>
         <run_address>0x3720</run_address>
         <size>0x130</size>
         <input_file_ref idref="fl-a"/>
      </object_component>
      <object_component id="oc-546">
         <name>.text:fcvt</name>
         <load_address>0x3850</load_address>
         <run_address>0x3850</run_address>
         <size>0x124</size>
         <input_file_ref idref="fl-df"/>
      </object_component>
      <object_component id="oc-15a">
         <name>.text:UART_initModule</name>
         <load_address>0x3974</load_address>
         <run_address>0x3974</run_address>
         <size>0x11c</size>
         <input_file_ref idref="fl-16"/>
      </object_component>
      <object_component id="oc-55a">
         <name>.text:scalbn</name>
         <load_address>0x3a90</load_address>
         <run_address>0x3a90</run_address>
         <size>0x110</size>
         <input_file_ref idref="fl-f0"/>
      </object_component>
      <object_component id="oc-3fe">
         <name>.text:__PCM_setCoreVoltageLevelAdvanced</name>
         <load_address>0x3ba0</load_address>
         <run_address>0x3ba0</run_address>
         <size>0x108</size>
         <input_file_ref idref="fl-f"/>
      </object_component>
      <object_component id="oc-31f">
         <name>.text:_CSComputeCLKFrequency</name>
         <load_address>0x3ca8</load_address>
         <run_address>0x3ca8</run_address>
         <size>0x104</size>
         <input_file_ref idref="fl-a"/>
      </object_component>
      <object_component id="oc-172">
         <name>.text</name>
         <load_address>0x3dac</load_address>
         <run_address>0x3dac</run_address>
         <size>0xfc</size>
         <input_file_ref idref="fl-d1"/>
      </object_component>
      <object_component id="oc-44d">
         <name>.text:CS_getDCOFrequency</name>
         <load_address>0x3ea8</load_address>
         <run_address>0x3ea8</run_address>
         <size>0xf8</size>
         <input_file_ref idref="fl-a"/>
      </object_component>
      <object_component id="oc-317">
         <name>.text:CS_startHFXTWithTimeout</name>
         <load_address>0x3fa0</load_address>
         <run_address>0x3fa0</run_address>
         <size>0xe4</size>
         <input_file_ref idref="fl-a"/>
      </object_component>
      <object_component id="oc-434">
         <name>.text:_CSGetHFXTFrequency</name>
         <load_address>0x4084</load_address>
         <run_address>0x4084</run_address>
         <size>0xdc</size>
         <input_file_ref idref="fl-a"/>
      </object_component>
      <object_component id="oc-47c">
         <name>.text:_ltostr</name>
         <load_address>0x4160</load_address>
         <run_address>0x4160</run_address>
         <size>0xb1</size>
         <input_file_ref idref="fl-df"/>
      </object_component>
      <object_component id="oc-37">
         <name>.text</name>
         <load_address>0x4212</load_address>
         <run_address>0x4212</run_address>
         <size>0x9c</size>
         <input_file_ref idref="fl-d7"/>
      </object_component>
      <object_component id="oc-527">
         <name>.text</name>
         <load_address>0x42ae</load_address>
         <run_address>0x42ae</run_address>
         <size>0x96</size>
         <input_file_ref idref="fl-e2"/>
      </object_component>
      <object_component id="oc-513">
         <name>.text:SysCtl_A_getTLVInfo</name>
         <load_address>0x4344</load_address>
         <run_address>0x4344</run_address>
         <size>0x94</size>
         <input_file_ref idref="fl-12"/>
      </object_component>
      <object_component id="oc-154">
         <name>.text:GPIO_setAsPeripheralModuleFunctionInputPin</name>
         <load_address>0x43d8</load_address>
         <run_address>0x43d8</run_address>
         <size>0x88</size>
         <input_file_ref idref="fl-d"/>
      </object_component>
      <object_component id="oc-e5">
         <name>.text:GPIO_setAsPeripheralModuleFunctionOutputPin</name>
         <load_address>0x4460</load_address>
         <run_address>0x4460</run_address>
         <size>0x88</size>
         <input_file_ref idref="fl-d"/>
      </object_component>
      <object_component id="oc-482">
         <name>.text:__aeabi_cdcmple</name>
         <load_address>0x44e8</load_address>
         <run_address>0x44e8</run_address>
         <size>0x86</size>
         <input_file_ref idref="fl-cf"/>
      </object_component>
      <object_component id="oc-1c3">
         <name>.text:__aeabi_cdrcmple</name>
         <load_address>0x456e</load_address>
         <run_address>0x456e</run_address>
         <size>0x86</size>
         <input_file_ref idref="fl-cf"/>
      </object_component>
      <object_component id="oc-23d">
         <name>.text:GPIO_getEnabledInterruptStatus</name>
         <load_address>0x45f4</load_address>
         <run_address>0x45f4</run_address>
         <size>0x84</size>
         <input_file_ref idref="fl-d"/>
      </object_component>
      <object_component id="oc-410">
         <name>.text:PCM_gotoLPM3</name>
         <load_address>0x4678</load_address>
         <run_address>0x4678</run_address>
         <size>0x84</size>
         <input_file_ref idref="fl-f"/>
      </object_component>
      <object_component id="oc-127">
         <name>.text:Interrupt_enableInterrupt</name>
         <load_address>0x46fc</load_address>
         <run_address>0x46fc</run_address>
         <size>0x80</size>
         <input_file_ref idref="fl-e"/>
      </object_component>
      <object_component id="oc-519">
         <name>.text:_CSGetDOCFrequency</name>
         <load_address>0x477c</load_address>
         <run_address>0x477c</run_address>
         <size>0x7c</size>
         <input_file_ref idref="fl-a"/>
      </object_component>
      <object_component id="oc-8d">
         <name>.text</name>
         <load_address>0x47f8</load_address>
         <run_address>0x47f8</run_address>
         <size>0x7a</size>
         <input_file_ref idref="fl-e1"/>
      </object_component>
      <object_component id="oc-183">
         <name>.text:Timer_A_generatePWM</name>
         <load_address>0x4874</load_address>
         <run_address>0x4874</run_address>
         <size>0x74</size>
         <input_file_ref idref="fl-15"/>
      </object_component>
      <object_component id="oc-53f">
         <name>.text:_mcpy</name>
         <load_address>0x48e8</load_address>
         <run_address>0x48e8</run_address>
         <size>0x6e</size>
         <input_file_ref idref="fl-df"/>
      </object_component>
      <object_component id="oc-1e0">
         <name>.text</name>
         <load_address>0x4956</load_address>
         <run_address>0x4956</run_address>
         <size>0x6e</size>
         <input_file_ref idref="fl-d3"/>
      </object_component>
      <object_component id="oc-12d">
         <name>.text:Timer32_initModule</name>
         <load_address>0x49c4</load_address>
         <run_address>0x49c4</run_address>
         <size>0x68</size>
         <input_file_ref idref="fl-14"/>
      </object_component>
      <object_component id="oc-17">
         <name>.text:decompress:lzss:__TI_decompress_lzss</name>
         <load_address>0x4a2c</load_address>
         <run_address>0x4a2c</run_address>
         <size>0x68</size>
         <input_file_ref idref="fl-db"/>
      </object_component>
      <object_component id="oc-554">
         <name>.text:frexp</name>
         <load_address>0x4a94</load_address>
         <run_address>0x4a94</run_address>
         <size>0x64</size>
         <input_file_ref idref="fl-ef"/>
      </object_component>
      <object_component id="oc-441">
         <name>.text:_CSGetDividerValue</name>
         <load_address>0x4af8</load_address>
         <run_address>0x4af8</run_address>
         <size>0x62</size>
         <input_file_ref idref="fl-a"/>
      </object_component>
      <object_component id="oc-4ed">
         <name>.text:PCM_getCoreVoltageLevel</name>
         <load_address>0x4b5a</load_address>
         <run_address>0x4b5a</run_address>
         <size>0x5e</size>
         <input_file_ref idref="fl-f"/>
      </object_component>
      <object_component id="oc-4e7">
         <name>.text:PCM_getPowerMode</name>
         <load_address>0x4bb8</load_address>
         <run_address>0x4bb8</run_address>
         <size>0x5a</size>
         <input_file_ref idref="fl-f"/>
      </object_component>
      <object_component id="oc-10f">
         <name>.text:GPIO_setAsInputPinWithPullUpResistor</name>
         <load_address>0x4c14</load_address>
         <run_address>0x4c14</run_address>
         <size>0x58</size>
         <input_file_ref idref="fl-d"/>
      </object_component>
      <object_component id="oc-18f">
         <name>.text:Timer_A_initCapture</name>
         <load_address>0x4c6c</load_address>
         <run_address>0x4c6c</run_address>
         <size>0x58</size>
         <input_file_ref idref="fl-15"/>
      </object_component>
      <object_component id="oc-48d">
         <name>.text:_pconv_f</name>
         <load_address>0x4cc4</load_address>
         <run_address>0x4cc4</run_address>
         <size>0x56</size>
         <input_file_ref idref="fl-df"/>
      </object_component>
      <object_component id="oc-41c">
         <name>.text:PCM_shutdownDevice</name>
         <load_address>0x4d1c</load_address>
         <run_address>0x4d1c</run_address>
         <size>0x54</size>
         <input_file_ref idref="fl-f"/>
      </object_component>
      <object_component id="oc-52e">
         <name>.text:__TI_ltoa</name>
         <load_address>0x4d70</load_address>
         <run_address>0x4d70</run_address>
         <size>0x54</size>
         <input_file_ref idref="fl-e8"/>
      </object_component>
      <object_component id="oc-539">
         <name>.text:_ecpy</name>
         <load_address>0x4dc4</load_address>
         <run_address>0x4dc4</run_address>
         <size>0x52</size>
         <input_file_ref idref="fl-df"/>
      </object_component>
      <object_component id="oc-195">
         <name>.text:GPIO_setAsInputPin</name>
         <load_address>0x4e18</load_address>
         <run_address>0x4e18</run_address>
         <size>0x4c</size>
         <input_file_ref idref="fl-d"/>
      </object_component>
      <object_component id="oc-476">
         <name>.text:atoi</name>
         <load_address>0x4e64</load_address>
         <run_address>0x4e64</run_address>
         <size>0x4c</size>
         <input_file_ref idref="fl-ea"/>
      </object_component>
      <object_component id="oc-208">
         <name>.text:snprintf</name>
         <load_address>0x4eb0</load_address>
         <run_address>0x4eb0</run_address>
         <size>0x4c</size>
         <input_file_ref idref="fl-ce"/>
      </object_component>
      <object_component id="oc-d3">
         <name>.text:FlashCtl_setWaitState</name>
         <load_address>0x4efc</load_address>
         <run_address>0x4efc</run_address>
         <size>0x48</size>
         <input_file_ref idref="fl-b"/>
      </object_component>
      <object_component id="oc-215">
         <name>.text</name>
         <load_address>0x4f44</load_address>
         <run_address>0x4f44</run_address>
         <size>0x48</size>
         <input_file_ref idref="fl-d2"/>
      </object_component>
      <object_component id="oc-29f">
         <name>.text:__TI_auto_init_nobinit_nopinit:__TI_auto_init_nobinit_nopinit</name>
         <load_address>0x4f8c</load_address>
         <run_address>0x4f8c</run_address>
         <size>0x44</size>
         <input_file_ref idref="fl-e3"/>
      </object_component>
      <object_component id="oc-149">
         <name>.text</name>
         <load_address>0x4fd0</load_address>
         <run_address>0x4fd0</run_address>
         <size>0x44</size>
         <input_file_ref idref="fl-d4"/>
      </object_component>
      <object_component id="oc-109">
         <name>.text:GPIO_setAsOutputPin</name>
         <load_address>0x5014</load_address>
         <run_address>0x5014</run_address>
         <size>0x40</size>
         <input_file_ref idref="fl-d"/>
      </object_component>
      <object_component id="oc-54c">
         <name>.text:_fcpy</name>
         <load_address>0x5054</load_address>
         <run_address>0x5054</run_address>
         <size>0x3e</size>
         <input_file_ref idref="fl-df"/>
      </object_component>
      <object_component id="oc-11b">
         <name>.text:GPIO_interruptEdgeSelect</name>
         <load_address>0x5094</load_address>
         <run_address>0x5094</run_address>
         <size>0x3c</size>
         <input_file_ref idref="fl-d"/>
      </object_component>
      <object_component id="oc-1a1">
         <name>.text:Timer32_startTimer</name>
         <load_address>0x50d0</load_address>
         <run_address>0x50d0</run_address>
         <size>0x38</size>
         <input_file_ref idref="fl-14"/>
      </object_component>
      <object_component id="oc-203">
         <name>.text</name>
         <load_address>0x5108</load_address>
         <run_address>0x5108</run_address>
         <size>0x38</size>
         <input_file_ref idref="fl-d5"/>
      </object_component>
      <object_component id="oc-133">
         <name>.text:Timer32_setCount</name>
         <load_address>0x5140</load_address>
         <run_address>0x5140</run_address>
         <size>0x34</size>
         <input_file_ref idref="fl-14"/>
      </object_component>
      <object_component id="oc-189">
         <name>.text:Timer_A_configureContinuousMode</name>
         <load_address>0x5174</load_address>
         <run_address>0x5174</run_address>
         <size>0x34</size>
         <input_file_ref idref="fl-15"/>
      </object_component>
      <object_component id="oc-b2">
         <name>.text:UART_transmitData</name>
         <load_address>0x51a8</load_address>
         <run_address>0x51a8</run_address>
         <size>0x34</size>
         <input_file_ref idref="fl-16"/>
      </object_component>
      <object_component id="oc-55">
         <name>.text:_c_int00_noargs:_c_int00_noargs</name>
         <load_address>0x51dc</load_address>
         <run_address>0x51dc</run_address>
         <size>0x34</size>
         <input_file_ref idref="fl-de"/>
      </object_component>
      <object_component id="oc-20e">
         <name>.text:rand</name>
         <load_address>0x5210</load_address>
         <run_address>0x5210</run_address>
         <size>0x34</size>
         <input_file_ref idref="fl-dc"/>
      </object_component>
      <object_component id="oc-447">
         <name>.text:CS_clearInterruptFlag</name>
         <load_address>0x5244</load_address>
         <run_address>0x5244</run_address>
         <size>0x30</size>
         <input_file_ref idref="fl-a"/>
      </object_component>
      <object_component id="oc-222">
         <name>.text:GPIO_getInputPinValue</name>
         <load_address>0x5274</load_address>
         <run_address>0x5274</run_address>
         <size>0x30</size>
         <input_file_ref idref="fl-d"/>
      </object_component>
      <object_component id="oc-21a">
         <name>.text:UART_receiveData</name>
         <load_address>0x52a4</load_address>
         <run_address>0x52a4</run_address>
         <size>0x30</size>
         <input_file_ref idref="fl-16"/>
      </object_component>
      <object_component id="oc-38e">
         <name>.text:_outs</name>
         <load_address>0x52d4</load_address>
         <run_address>0x52d4</run_address>
         <size>0x30</size>
         <input_file_ref idref="fl-ce"/>
      </object_component>
      <object_component id="oc-16d">
         <name>.text</name>
         <load_address>0x5304</load_address>
         <run_address>0x5304</run_address>
         <size>0x2e</size>
         <input_file_ref idref="fl-d6"/>
      </object_component>
      <object_component id="oc-503">
         <name>.text:RTC_C_holdClock</name>
         <load_address>0x5334</load_address>
         <run_address>0x5334</run_address>
         <size>0x2c</size>
         <input_file_ref idref="fl-10"/>
      </object_component>
      <object_component id="oc-255">
         <name>.text:Timer_A_clearCaptureCompareInterrupt</name>
         <load_address>0x5360</load_address>
         <run_address>0x5360</run_address>
         <size>0x2c</size>
         <input_file_ref idref="fl-15"/>
      </object_component>
      <object_component id="oc-fd">
         <name>.text:CS_getMCLK</name>
         <load_address>0x538c</load_address>
         <run_address>0x538c</run_address>
         <size>0x28</size>
         <input_file_ref idref="fl-a"/>
      </object_component>
      <object_component id="oc-103">
         <name>.text:CS_getSMCLK</name>
         <load_address>0x53b4</load_address>
         <run_address>0x53b4</run_address>
         <size>0x28</size>
         <input_file_ref idref="fl-a"/>
      </object_component>
      <object_component id="oc-115">
         <name>.text:GPIO_clearInterruptFlag</name>
         <load_address>0x53dc</load_address>
         <run_address>0x53dc</run_address>
         <size>0x28</size>
         <input_file_ref idref="fl-d"/>
      </object_component>
      <object_component id="oc-121">
         <name>.text:GPIO_enableInterrupt</name>
         <load_address>0x5404</load_address>
         <run_address>0x5404</run_address>
         <size>0x28</size>
         <input_file_ref idref="fl-d"/>
      </object_component>
      <object_component id="oc-177">
         <name>.text:GPIO_setOutputHighOnPin</name>
         <load_address>0x542c</load_address>
         <run_address>0x542c</run_address>
         <size>0x28</size>
         <input_file_ref idref="fl-d"/>
      </object_component>
      <object_component id="oc-17d">
         <name>.text:GPIO_setOutputLowOnPin</name>
         <load_address>0x5454</load_address>
         <run_address>0x5454</run_address>
         <size>0x28</size>
         <input_file_ref idref="fl-d"/>
      </object_component>
      <object_component id="oc-40a">
         <name>.text:PCM_gotoLPM0</name>
         <load_address>0x547c</load_address>
         <run_address>0x547c</run_address>
         <size>0x28</size>
         <input_file_ref idref="fl-f"/>
      </object_component>
      <object_component id="oc-1c8">
         <name>.text:Timer_A_setCompareValue</name>
         <load_address>0x54a4</load_address>
         <run_address>0x54a4</run_address>
         <size>0x28</size>
         <input_file_ref idref="fl-15"/>
      </object_component>
      <object_component id="oc-3bd">
         <name>.text:GPIO_getInterruptStatus</name>
         <load_address>0x54cc</load_address>
         <run_address>0x54cc</run_address>
         <size>0x24</size>
         <input_file_ref idref="fl-d"/>
      </object_component>
      <object_component id="oc-c7">
         <name>.text:WDT_A_holdTimer</name>
         <load_address>0x54f0</load_address>
         <run_address>0x54f0</run_address>
         <size>0x24</size>
         <input_file_ref idref="fl-17"/>
      </object_component>
      <object_component id="oc-25b">
         <name>.text:Timer_A_getCaptureCompareCount</name>
         <load_address>0x5514</load_address>
         <run_address>0x5514</run_address>
         <size>0x22</size>
         <input_file_ref idref="fl-15"/>
      </object_component>
      <object_component id="oc-eb">
         <name>.text:CS_setExternalClockSourceFrequency</name>
         <load_address>0x5538</load_address>
         <run_address>0x5538</run_address>
         <size>0x20</size>
         <input_file_ref idref="fl-a"/>
      </object_component>
      <object_component id="oc-13f">
         <name>.text</name>
         <load_address>0x5558</load_address>
         <run_address>0x5558</run_address>
         <size>0x20</size>
         <input_file_ref idref="fl-d8"/>
      </object_component>
      <object_component id="oc-43">
         <name>.text:decompress:ZI:__TI_zero_init_nomemset:__TI_zero_init_nomemset</name>
         <load_address>0x5578</load_address>
         <run_address>0x5578</run_address>
         <size>0x1c</size>
         <input_file_ref idref="fl-d9"/>
      </object_component>
      <object_component id="oc-49f">
         <name>.text:memccpy</name>
         <load_address>0x5594</load_address>
         <run_address>0x5594</run_address>
         <size>0x1c</size>
         <input_file_ref idref="fl-ec"/>
      </object_component>
      <object_component id="oc-5b8">
         <name>.text:copysign</name>
         <load_address>0x55b0</load_address>
         <run_address>0x55b0</run_address>
         <size>0x1a</size>
         <input_file_ref idref="fl-f1"/>
      </object_component>
      <object_component id="oc-d9">
         <name>.text:FPU_enableModule</name>
         <load_address>0x55cc</load_address>
         <run_address>0x55cc</run_address>
         <size>0x18</size>
         <input_file_ref idref="fl-c"/>
      </object_component>
      <object_component id="oc-42e">
         <name>.text:SysCtl_A_disableNMISource</name>
         <load_address>0x55e4</load_address>
         <run_address>0x55e4</run_address>
         <size>0x18</size>
         <input_file_ref idref="fl-12"/>
      </object_component>
      <object_component id="oc-43a">
         <name>.text:SysCtl_A_enableNMISource</name>
         <load_address>0x55fc</load_address>
         <run_address>0x55fc</run_address>
         <size>0x18</size>
         <input_file_ref idref="fl-12"/>
      </object_component>
      <object_component id="oc-14e">
         <name>.text:SysTick_setPeriod</name>
         <load_address>0x5614</load_address>
         <run_address>0x5614</run_address>
         <size>0x18</size>
         <input_file_ref idref="fl-13"/>
      </object_component>
      <object_component id="oc-b8">
         <name>.text:UART_getInterruptStatus</name>
         <load_address>0x562c</load_address>
         <run_address>0x562c</run_address>
         <size>0x18</size>
         <input_file_ref idref="fl-16"/>
      </object_component>
      <object_component id="oc-394">
         <name>.text:_outc</name>
         <load_address>0x5644</load_address>
         <run_address>0x5644</run_address>
         <size>0x18</size>
         <input_file_ref idref="fl-ce"/>
      </object_component>
      <object_component id="oc-1a7">
         <name>.text:Timer_A_startCounter</name>
         <load_address>0x565c</load_address>
         <run_address>0x565c</run_address>
         <size>0x16</size>
         <input_file_ref idref="fl-15"/>
      </object_component>
      <object_component id="oc-be">
         <name>.text:UART_clearInterruptFlag</name>
         <load_address>0x5672</load_address>
         <run_address>0x5672</run_address>
         <size>0x16</size>
         <input_file_ref idref="fl-16"/>
      </object_component>
      <object_component id="oc-160">
         <name>.text:UART_enableModule</name>
         <load_address>0x5688</load_address>
         <run_address>0x5688</run_address>
         <size>0x16</size>
         <input_file_ref idref="fl-16"/>
      </object_component>
      <object_component id="oc-560">
         <name>.text:strchr</name>
         <load_address>0x569e</load_address>
         <run_address>0x569e</run_address>
         <size>0x16</size>
         <input_file_ref idref="fl-ed"/>
      </object_component>
      <object_component id="oc-3f8">
         <name>.text:PCM_getPowerState</name>
         <load_address>0x56b4</load_address>
         <run_address>0x56b4</run_address>
         <size>0x14</size>
         <input_file_ref idref="fl-f"/>
      </object_component>
      <object_component id="oc-24f">
         <name>.text:Timer32_clearInterruptFlag</name>
         <load_address>0x56c8</load_address>
         <run_address>0x56c8</run_address>
         <size>0x14</size>
         <input_file_ref idref="fl-14"/>
      </object_component>
      <object_component id="oc-139">
         <name>.text:Timer32_enableInterrupt</name>
         <load_address>0x56dc</load_address>
         <run_address>0x56dc</run_address>
         <size>0x14</size>
         <input_file_ref idref="fl-14"/>
      </object_component>
      <object_component id="oc-ac">
         <name>.text:strlen</name>
         <load_address>0x56f0</load_address>
         <run_address>0x56f0</run_address>
         <size>0x14</size>
         <input_file_ref idref="fl-dd"/>
      </object_component>
      <object_component id="oc-f1">
         <name>.text:CS_startHFXT</name>
         <load_address>0x5704</load_address>
         <run_address>0x5704</run_address>
         <size>0x12</size>
         <input_file_ref idref="fl-a"/>
      </object_component>
      <object_component id="oc-4a5">
         <name>.text:wcslen</name>
         <load_address>0x5716</load_address>
         <run_address>0x5716</run_address>
         <size>0x12</size>
         <input_file_ref idref="fl-f2"/>
      </object_component>
      <object_component id="oc-df">
         <name>.text:FPU_enableLazyStacking</name>
         <load_address>0x5728</load_address>
         <run_address>0x5728</run_address>
         <size>0x10</size>
         <input_file_ref idref="fl-c"/>
      </object_component>
      <object_component id="oc-19b">
         <name>.text:Interrupt_enableMaster</name>
         <load_address>0x5738</load_address>
         <run_address>0x5738</run_address>
         <size>0x10</size>
         <input_file_ref idref="fl-e"/>
      </object_component>
      <object_component id="oc-416">
         <name>.text:PCM_gotoLPM4</name>
         <load_address>0x5748</load_address>
         <run_address>0x5748</run_address>
         <size>0x10</size>
         <input_file_ref idref="fl-f"/>
      </object_component>
      <object_component id="oc-4f3">
         <name>.text:PCM_setPowerMode</name>
         <load_address>0x5758</load_address>
         <run_address>0x5758</run_address>
         <size>0x10</size>
         <input_file_ref idref="fl-f"/>
      </object_component>
      <object_component id="oc-cd">
         <name>.text:PCM_setPowerState</name>
         <load_address>0x5768</load_address>
         <run_address>0x5768</run_address>
         <size>0x10</size>
         <input_file_ref idref="fl-f"/>
      </object_component>
      <object_component id="oc-428">
         <name>.text:SysCtl_A_getNMISourceStatus</name>
         <load_address>0x5778</load_address>
         <run_address>0x5778</run_address>
         <size>0x10</size>
         <input_file_ref idref="fl-12"/>
      </object_component>
      <object_component id="oc-228">
         <name>.text:SysTick_disableInterrupt</name>
         <load_address>0x5788</load_address>
         <run_address>0x5788</run_address>
         <size>0x10</size>
         <input_file_ref idref="fl-13"/>
      </object_component>
      <object_component id="oc-22e">
         <name>.text:SysTick_disableModule</name>
         <load_address>0x5798</load_address>
         <run_address>0x5798</run_address>
         <size>0x10</size>
         <input_file_ref idref="fl-13"/>
      </object_component>
      <object_component id="oc-249">
         <name>.text:SysTick_enableInterrupt</name>
         <load_address>0x57a8</load_address>
         <run_address>0x57a8</run_address>
         <size>0x10</size>
         <input_file_ref idref="fl-13"/>
      </object_component>
      <object_component id="oc-243">
         <name>.text:SysTick_enableModule</name>
         <load_address>0x57b8</load_address>
         <run_address>0x57b8</run_address>
         <size>0x10</size>
         <input_file_ref idref="fl-13"/>
      </object_component>
      <object_component id="oc-1d">
         <name>.text:decompress:none:__TI_decompress_none</name>
         <load_address>0x57c8</load_address>
         <run_address>0x57c8</run_address>
         <size>0xe</size>
         <input_file_ref idref="fl-da"/>
      </object_component>
      <object_component id="oc-67">
         <name>.text</name>
         <load_address>0x57d6</load_address>
         <run_address>0x57d6</run_address>
         <size>0xe</size>
         <input_file_ref idref="fl-3"/>
      </object_component>
      <object_component id="oc-34e">
         <name>.text:CPU_cpsie</name>
         <load_address>0x57e4</load_address>
         <run_address>0x57e4</run_address>
         <size>0xc</size>
         <input_file_ref idref="fl-18"/>
      </object_component>
      <object_component id="oc-4ab">
         <name>.text:__aeabi_errno_addr</name>
         <load_address>0x57f0</load_address>
         <run_address>0x57f0</run_address>
         <size>0x8</size>
         <input_file_ref idref="fl-ee"/>
      </object_component>
      <object_component id="oc-4fb">
         <name>.text:CPU_wfi</name>
         <load_address>0x57f8</load_address>
         <run_address>0x57f8</run_address>
         <size>0x4</size>
         <input_file_ref idref="fl-18"/>
      </object_component>
      <object_component id="oc-93">
         <name>.text:_system_pre_init</name>
         <load_address>0x57fc</load_address>
         <run_address>0x57fc</run_address>
         <size>0x4</size>
         <input_file_ref idref="fl-e4"/>
      </object_component>
      <object_component id="oc-293">
         <name>.text:abort:abort</name>
         <load_address>0x5800</load_address>
         <run_address>0x5800</run_address>
         <size>0x4</size>
         <input_file_ref idref="fl-e6"/>
      </object_component>
      <object_component id="oc-376">
         <name>.const:.string</name>
         <load_address>0x5804</load_address>
         <run_address>0x5804</run_address>
         <size>0x244</size>
         <input_file_ref idref="fl-2"/>
      </object_component>
      <object_component id="oc-522">
         <name>.const:.string:_ctypes_</name>
         <load_address>0x5a48</load_address>
         <run_address>0x5a48</run_address>
         <size>0x101</size>
         <input_file_ref idref="fl-eb"/>
      </object_component>
      <object_component id="oc-30f">
         <name>.const:GPIO_PORT_TO_BASE</name>
         <load_address>0x5b4c</load_address>
         <run_address>0x5b4c</run_address>
         <size>0x30</size>
         <input_file_ref idref="fl-d"/>
      </object_component>
      <object_component id="oc-1af">
         <name>.const:$P$T0$1</name>
         <load_address>0x5b7c</load_address>
         <run_address>0x5b7c</run_address>
         <size>0x28</size>
         <input_file_ref idref="fl-2"/>
      </object_component>
      <object_component id="oc-261">
         <name>.const:$P$T6$7</name>
         <load_address>0x5ba4</load_address>
         <run_address>0x5ba4</run_address>
         <size>0x20</size>
         <input_file_ref idref="fl-2"/>
      </object_component>
      <object_component id="oc-1b2">
         <name>.const:$P$T1$2</name>
         <load_address>0x5bc4</load_address>
         <run_address>0x5bc4</run_address>
         <size>0x18</size>
         <input_file_ref idref="fl-2"/>
      </object_component>
      <object_component id="oc-1b6">
         <name>.const:$P$T2$3</name>
         <load_address>0x5bdc</load_address>
         <run_address>0x5bdc</run_address>
         <size>0x18</size>
         <input_file_ref idref="fl-2"/>
      </object_component>
      <object_component id="oc-1bd">
         <name>.const:$P$T4$5</name>
         <load_address>0x5bf4</load_address>
         <run_address>0x5bf4</run_address>
         <size>0x18</size>
         <input_file_ref idref="fl-2"/>
      </object_component>
      <object_component id="oc-1c0">
         <name>.const:$P$T5$6</name>
         <load_address>0x5c0c</load_address>
         <run_address>0x5c0c</run_address>
         <size>0x18</size>
         <input_file_ref idref="fl-2"/>
      </object_component>
      <object_component id="oc-1ba">
         <name>.const:$P$T3$4</name>
         <load_address>0x5c24</load_address>
         <run_address>0x5c24</run_address>
         <size>0x10</size>
         <input_file_ref idref="fl-2"/>
      </object_component>
      <object_component id="oc-32c">
         <name>.const:g_pulEnRegs</name>
         <load_address>0x5c34</load_address>
         <run_address>0x5c34</run_address>
         <size>0x8</size>
         <input_file_ref idref="fl-e"/>
      </object_component>
      <object_component id="oc-618">
         <name>.cinit..data.load</name>
         <load_address>0x5c40</load_address>
         <run_address>0x5c40</run_address>
         <size>0x56</size>
      </object_component>
      <object_component id="oc-616">
         <name>__TI_handler_table</name>
         <load_address>0x5c98</load_address>
         <run_address>0x5c98</run_address>
         <size>0xc</size>
      </object_component>
      <object_component id="oc-619">
         <name>.cinit..bss.load</name>
         <load_address>0x5ca8</load_address>
         <run_address>0x5ca8</run_address>
         <size>0x8</size>
      </object_component>
      <object_component id="oc-617">
         <name>__TI_cinit_table</name>
         <load_address>0x5cb0</load_address>
         <run_address>0x5cb0</run_address>
         <size>0x10</size>
      </object_component>
      <object_component id="oc-5ea">
         <name>.binit</name>
         <load_address>0x0</load_address>
         <run_address>0x0</run_address>
         <size>0x0</size>
      </object_component>
      <object_component id="oc-1fd">
         <name>.data</name>
         <load_address>0x20000000</load_address>
         <run_address>0x20000000</run_address>
         <size>0x28</size>
         <input_file_ref idref="fl-2"/>
      </object_component>
      <object_component id="oc-200">
         <name>.data:LIVE</name>
         <load_address>0x20000128</load_address>
         <run_address>0x20000128</run_address>
         <size>0x8</size>
         <input_file_ref idref="fl-2"/>
      </object_component>
      <object_component id="oc-264">
         <name>.data:S1</name>
         <load_address>0x20000130</load_address>
         <run_address>0x20000130</run_address>
         <size>0x8</size>
         <input_file_ref idref="fl-2"/>
      </object_component>
      <object_component id="oc-1eb">
         <name>.data:initDisplayText</name>
         <load_address>0x200000e4</load_address>
         <run_address>0x200000e4</run_address>
         <size>0x14</size>
         <input_file_ref idref="fl-2"/>
      </object_component>
      <object_component id="oc-1ee">
         <name>.data:autoDisplayText</name>
         <load_address>0x200000a8</load_address>
         <run_address>0x200000a8</run_address>
         <size>0x14</size>
         <input_file_ref idref="fl-2"/>
      </object_component>
      <object_component id="oc-1f1">
         <name>.data:manualDisplayText</name>
         <load_address>0x200000f8</load_address>
         <run_address>0x200000f8</run_address>
         <size>0x14</size>
         <input_file_ref idref="fl-2"/>
      </object_component>
      <object_component id="oc-1f4">
         <name>.data:txDisplayText</name>
         <load_address>0x2000010c</load_address>
         <run_address>0x2000010c</run_address>
         <size>0x14</size>
         <input_file_ref idref="fl-2"/>
      </object_component>
      <object_component id="oc-1f7">
         <name>.data:errorDisplayText</name>
         <load_address>0x200000bc</load_address>
         <run_address>0x200000bc</run_address>
         <size>0x14</size>
         <input_file_ref idref="fl-2"/>
      </object_component>
      <object_component id="oc-1fa">
         <name>.data:fatalDisplayText</name>
         <load_address>0x200000d0</load_address>
         <run_address>0x200000d0</run_address>
         <size>0x14</size>
         <input_file_ref idref="fl-2"/>
      </object_component>
      <object_component id="oc-167">
         <name>.data:received</name>
         <load_address>0x20000048</load_address>
         <run_address>0x20000048</run_address>
         <size>0x20</size>
         <input_file_ref idref="fl-2"/>
      </object_component>
      <object_component id="oc-234">
         <name>.data:start</name>
         <load_address>0x20000068</load_address>
         <run_address>0x20000068</run_address>
         <size>0x20</size>
         <input_file_ref idref="fl-2"/>
      </object_component>
      <object_component id="oc-23a">
         <name>.data:stop</name>
         <load_address>0x20000088</load_address>
         <run_address>0x20000088</run_address>
         <size>0x20</size>
         <input_file_ref idref="fl-2"/>
      </object_component>
      <object_component id="oc-237">
         <name>.data:drone</name>
         <load_address>0x20000028</load_address>
         <run_address>0x20000028</run_address>
         <size>0x20</size>
         <input_file_ref idref="fl-2"/>
      </object_component>
      <object_component id="oc-16a">
         <name>.data:clr_status</name>
         <load_address>0x2000013e</load_address>
         <run_address>0x2000013e</run_address>
         <size>0x1</size>
         <input_file_ref idref="fl-2"/>
      </object_component>
      <object_component id="oc-1d1">
         <name>.data:rf_setupregister</name>
         <load_address>0x2000014f</load_address>
         <run_address>0x2000014f</run_address>
         <size>0x1</size>
         <input_file_ref idref="fl-2"/>
      </object_component>
      <object_component id="oc-1e5">
         <name>.data:configregisterTX</name>
         <load_address>0x2000014c</load_address>
         <run_address>0x2000014c</run_address>
         <size>0x1</size>
         <input_file_ref idref="fl-2"/>
      </object_component>
      <object_component id="oc-1e8">
         <name>.data:configregisterRX</name>
         <load_address>0x2000013f</load_address>
         <run_address>0x2000013f</run_address>
         <size>0x1</size>
         <input_file_ref idref="fl-2"/>
      </object_component>
      <object_component id="oc-1d7">
         <name>.data:rf_chanregister</name>
         <load_address>0x2000014e</load_address>
         <run_address>0x2000014e</run_address>
         <size>0x1</size>
         <input_file_ref idref="fl-2"/>
      </object_component>
      <object_component id="oc-1d4">
         <name>.data:address_P0</name>
         <load_address>0x20000138</load_address>
         <run_address>0x20000138</run_address>
         <size>0x6</size>
         <input_file_ref idref="fl-2"/>
      </object_component>
      <object_component id="oc-1da">
         <name>.data:setup_retr_register</name>
         <load_address>0x20000151</load_address>
         <run_address>0x20000151</run_address>
         <size>0x1</size>
         <input_file_ref idref="fl-2"/>
      </object_component>
      <object_component id="oc-1ce">
         <name>.data:en_aa_register</name>
         <load_address>0x2000014d</load_address>
         <run_address>0x2000014d</run_address>
         <size>0x1</size>
         <input_file_ref idref="fl-2"/>
      </object_component>
      <object_component id="oc-1dd">
         <name>.data:rx_pw_register</name>
         <load_address>0x20000150</load_address>
         <run_address>0x20000150</run_address>
         <size>0x1</size>
         <input_file_ref idref="fl-2"/>
      </object_component>
      <object_component id="oc-2d1">
         <name>.data</name>
         <load_address>0x20000148</load_address>
         <run_address>0x20000148</run_address>
         <size>0x4</size>
         <input_file_ref idref="fl-4"/>
      </object_component>
      <object_component id="oc-3ae">
         <name>.data</name>
         <load_address>0x20000144</load_address>
         <run_address>0x20000144</run_address>
         <size>0x4</size>
         <input_file_ref idref="fl-dc"/>
      </object_component>
      <object_component id="oc-3ab">
         <name>.data:$O1$$</name>
         <load_address>0x20000120</load_address>
         <run_address>0x20000120</run_address>
         <size>0x8</size>
         <input_file_ref idref="fl-e7"/>
      </object_component>
      <object_component id="oc-570">
         <name>.data</name>
         <load_address>0x20000140</load_address>
         <run_address>0x20000140</run_address>
         <size>0x4</size>
         <input_file_ref idref="fl-ee"/>
      </object_component>
      <object_component id="oc-313">
         <name>.bss</name>
         <uninitialized>true</uninitialized>
         <run_address>0x2000025c</run_address>
         <size>0x8</size>
         <input_file_ref idref="fl-a"/>
      </object_component>
      <object_component id="oc-1ad">
         <name>.common:clockMCLK</name>
         <uninitialized>true</uninitialized>
         <run_address>0x20000274</run_address>
         <size>0x4</size>
      </object_component>
      <object_component id="oc-1ae">
         <name>.common:clockSMCLK</name>
         <uninitialized>true</uninitialized>
         <run_address>0x20000278</run_address>
         <size>0x4</size>
      </object_component>
      <object_component id="oc-1b5">
         <name>.common:Left</name>
         <uninitialized>true</uninitialized>
         <run_address>0x2000023c</run_address>
         <size>0x10</size>
      </object_component>
      <object_component id="oc-1b9">
         <name>.common:Right</name>
         <uninitialized>true</uninitialized>
         <run_address>0x2000024c</run_address>
         <size>0x10</size>
      </object_component>
      <object_component id="oc-220">
         <name>.common:L_CTRL</name>
         <uninitialized>true</uninitialized>
         <run_address>0x20000264</run_address>
         <size>0x8</size>
      </object_component>
      <object_component id="oc-221">
         <name>.common:R_CTRL</name>
         <uninitialized>true</uninitialized>
         <run_address>0x2000026c</run_address>
         <size>0x8</size>
      </object_component>
      <object_component id="oc-214">
         <name>.common:strBuffer</name>
         <uninitialized>true</uninitialized>
         <run_address>0x20000154</run_address>
         <size>0xc8</size>
      </object_component>
      <object_component id="oc-c4">
         <name>.common:status_reg</name>
         <uninitialized>true</uninitialized>
         <run_address>0x2000027c</run_address>
         <size>0x1</size>
      </object_component>
      <object_component id="oc-166">
         <name>.common:read_PAYLOAD</name>
         <uninitialized>true</uninitialized>
         <run_address>0x2000021c</run_address>
         <size>0x20</size>
      </object_component>
      <object_component id="oc-29">
         <name>.stack</name>
         <uninitialized>true</uninitialized>
         <run_address>0x2000f800</run_address>
         <size>0x4</size>
         <input_file_ref idref="fl-de"/>
      </object_component>
      <object_component id="oc-61b">
         <name>.stack</name>
         <uninitialized>true</uninitialized>
         <run_address>0x2000f800</run_address>
         <size>0x0</size>
      </object_component>
      <object_component id="oc-c5">
         <name>.debug_info</name>
         <load_address>0x0</load_address>
         <run_address>0x0</run_address>
         <size>0x13d4</size>
         <input_file_ref idref="fl-2"/>
      </object_component>
      <object_component id="oc-1fe">
         <name>.debug_info</name>
         <load_address>0x13d4</load_address>
         <run_address>0x13d4</run_address>
         <size>0x1f3</size>
         <input_file_ref idref="fl-2"/>
      </object_component>
      <object_component id="oc-201">
         <name>.debug_info</name>
         <load_address>0x15c7</load_address>
         <run_address>0x15c7</run_address>
         <size>0xeb</size>
         <input_file_ref idref="fl-2"/>
      </object_component>
      <object_component id="oc-265">
         <name>.debug_info</name>
         <load_address>0x16b2</load_address>
         <run_address>0x16b2</run_address>
         <size>0xe7</size>
         <input_file_ref idref="fl-2"/>
      </object_component>
      <object_component id="oc-1ec">
         <name>.debug_info</name>
         <load_address>0x1799</load_address>
         <run_address>0x1799</run_address>
         <size>0x101</size>
         <input_file_ref idref="fl-2"/>
      </object_component>
      <object_component id="oc-1ef">
         <name>.debug_info</name>
         <load_address>0x189a</load_address>
         <run_address>0x189a</run_address>
         <size>0x101</size>
         <input_file_ref idref="fl-2"/>
      </object_component>
      <object_component id="oc-1f2">
         <name>.debug_info</name>
         <load_address>0x199b</load_address>
         <run_address>0x199b</run_address>
         <size>0x105</size>
         <input_file_ref idref="fl-2"/>
      </object_component>
      <object_component id="oc-1f5">
         <name>.debug_info</name>
         <load_address>0x1aa0</load_address>
         <run_address>0x1aa0</run_address>
         <size>0xfd</size>
         <input_file_ref idref="fl-2"/>
      </object_component>
      <object_component id="oc-1f8">
         <name>.debug_info</name>
         <load_address>0x1b9d</load_address>
         <run_address>0x1b9d</run_address>
         <size>0x103</size>
         <input_file_ref idref="fl-2"/>
      </object_component>
      <object_component id="oc-1fb">
         <name>.debug_info</name>
         <load_address>0x1ca0</load_address>
         <run_address>0x1ca0</run_address>
         <size>0x103</size>
         <input_file_ref idref="fl-2"/>
      </object_component>
      <object_component id="oc-168">
         <name>.debug_info</name>
         <load_address>0x1da3</load_address>
         <run_address>0x1da3</run_address>
         <size>0xf3</size>
         <input_file_ref idref="fl-2"/>
      </object_component>
      <object_component id="oc-235">
         <name>.debug_info</name>
         <load_address>0x1e96</load_address>
         <run_address>0x1e96</run_address>
         <size>0xed</size>
         <input_file_ref idref="fl-2"/>
      </object_component>
      <object_component id="oc-23b">
         <name>.debug_info</name>
         <load_address>0x1f83</load_address>
         <run_address>0x1f83</run_address>
         <size>0xeb</size>
         <input_file_ref idref="fl-2"/>
      </object_component>
      <object_component id="oc-238">
         <name>.debug_info</name>
         <load_address>0x206e</load_address>
         <run_address>0x206e</run_address>
         <size>0xed</size>
         <input_file_ref idref="fl-2"/>
      </object_component>
      <object_component id="oc-16b">
         <name>.debug_info</name>
         <load_address>0x215b</load_address>
         <run_address>0x215b</run_address>
         <size>0xf7</size>
         <input_file_ref idref="fl-2"/>
      </object_component>
      <object_component id="oc-1d2">
         <name>.debug_info</name>
         <load_address>0x2252</load_address>
         <run_address>0x2252</run_address>
         <size>0x103</size>
         <input_file_ref idref="fl-2"/>
      </object_component>
      <object_component id="oc-1e6">
         <name>.debug_info</name>
         <load_address>0x2355</load_address>
         <run_address>0x2355</run_address>
         <size>0x103</size>
         <input_file_ref idref="fl-2"/>
      </object_component>
      <object_component id="oc-1e9">
         <name>.debug_info</name>
         <load_address>0x2458</load_address>
         <run_address>0x2458</run_address>
         <size>0x103</size>
         <input_file_ref idref="fl-2"/>
      </object_component>
      <object_component id="oc-1d8">
         <name>.debug_info</name>
         <load_address>0x255b</load_address>
         <run_address>0x255b</run_address>
         <size>0x101</size>
         <input_file_ref idref="fl-2"/>
      </object_component>
      <object_component id="oc-1d5">
         <name>.debug_info</name>
         <load_address>0x265c</load_address>
         <run_address>0x265c</run_address>
         <size>0xf7</size>
         <input_file_ref idref="fl-2"/>
      </object_component>
      <object_component id="oc-1db">
         <name>.debug_info</name>
         <load_address>0x2753</load_address>
         <run_address>0x2753</run_address>
         <size>0x109</size>
         <input_file_ref idref="fl-2"/>
      </object_component>
      <object_component id="oc-1cf">
         <name>.debug_info</name>
         <load_address>0x285c</load_address>
         <run_address>0x285c</run_address>
         <size>0xff</size>
         <input_file_ref idref="fl-2"/>
      </object_component>
      <object_component id="oc-1de">
         <name>.debug_info</name>
         <load_address>0x295b</load_address>
         <run_address>0x295b</run_address>
         <size>0xff</size>
         <input_file_ref idref="fl-2"/>
      </object_component>
      <object_component id="oc-1b0">
         <name>.debug_info</name>
         <load_address>0x2a5a</load_address>
         <run_address>0x2a5a</run_address>
         <size>0xf0</size>
         <input_file_ref idref="fl-2"/>
      </object_component>
      <object_component id="oc-1b3">
         <name>.debug_info</name>
         <load_address>0x2b4a</load_address>
         <run_address>0x2b4a</run_address>
         <size>0xf0</size>
         <input_file_ref idref="fl-2"/>
      </object_component>
      <object_component id="oc-1b7">
         <name>.debug_info</name>
         <load_address>0x2c3a</load_address>
         <run_address>0x2c3a</run_address>
         <size>0xf0</size>
         <input_file_ref idref="fl-2"/>
      </object_component>
      <object_component id="oc-1bb">
         <name>.debug_info</name>
         <load_address>0x2d2a</load_address>
         <run_address>0x2d2a</run_address>
         <size>0xf0</size>
         <input_file_ref idref="fl-2"/>
      </object_component>
      <object_component id="oc-1be">
         <name>.debug_info</name>
         <load_address>0x2e1a</load_address>
         <run_address>0x2e1a</run_address>
         <size>0xf0</size>
         <input_file_ref idref="fl-2"/>
      </object_component>
      <object_component id="oc-1c1">
         <name>.debug_info</name>
         <load_address>0x2f0a</load_address>
         <run_address>0x2f0a</run_address>
         <size>0xf0</size>
         <input_file_ref idref="fl-2"/>
      </object_component>
      <object_component id="oc-262">
         <name>.debug_info</name>
         <load_address>0x2ffa</load_address>
         <run_address>0x2ffa</run_address>
         <size>0xf0</size>
         <input_file_ref idref="fl-2"/>
      </object_component>
      <object_component id="oc-6e">
         <name>.debug_info</name>
         <load_address>0x30ea</load_address>
         <run_address>0x30ea</run_address>
         <size>0x694d</size>
         <input_file_ref idref="fl-2"/>
      </object_component>
      <object_component id="oc-2eb">
         <name>.debug_info</name>
         <load_address>0x9a37</load_address>
         <run_address>0x9a37</run_address>
         <size>0x1055</size>
         <input_file_ref idref="fl-2"/>
      </object_component>
      <object_component id="oc-27e">
         <name>.debug_info</name>
         <load_address>0xaa8c</load_address>
         <run_address>0xaa8c</run_address>
         <size>0x26b</size>
         <input_file_ref idref="fl-2"/>
      </object_component>
      <object_component id="oc-2e6">
         <name>.debug_info</name>
         <load_address>0xacf7</load_address>
         <run_address>0xacf7</run_address>
         <size>0x37e2</size>
         <input_file_ref idref="fl-2"/>
      </object_component>
      <object_component id="oc-2fa">
         <name>.debug_info</name>
         <load_address>0xe4d9</load_address>
         <run_address>0xe4d9</run_address>
         <size>0x11f</size>
         <input_file_ref idref="fl-2"/>
      </object_component>
      <object_component id="oc-26d">
         <name>.debug_info</name>
         <load_address>0xe5f8</load_address>
         <run_address>0xe5f8</run_address>
         <size>0x341</size>
         <input_file_ref idref="fl-2"/>
      </object_component>
      <object_component id="oc-272">
         <name>.debug_info</name>
         <load_address>0xe939</load_address>
         <run_address>0xe939</run_address>
         <size>0x8b</size>
         <input_file_ref idref="fl-2"/>
      </object_component>
      <object_component id="oc-3cd">
         <name>.debug_info</name>
         <load_address>0xe9c4</load_address>
         <run_address>0xe9c4</run_address>
         <size>0x2a4</size>
         <input_file_ref idref="fl-2"/>
      </object_component>
      <object_component id="oc-277">
         <name>.debug_info</name>
         <load_address>0xec68</load_address>
         <run_address>0xec68</run_address>
         <size>0xef</size>
         <input_file_ref idref="fl-2"/>
      </object_component>
      <object_component id="oc-268">
         <name>.debug_info</name>
         <load_address>0xed57</load_address>
         <run_address>0xed57</run_address>
         <size>0xbb</size>
         <input_file_ref idref="fl-2"/>
      </object_component>
      <object_component id="oc-2ff">
         <name>.debug_info</name>
         <load_address>0xee12</load_address>
         <run_address>0xee12</run_address>
         <size>0xcc</size>
         <input_file_ref idref="fl-2"/>
      </object_component>
      <object_component id="oc-3a6">
         <name>.debug_info</name>
         <load_address>0xeede</load_address>
         <run_address>0xeede</run_address>
         <size>0x2c</size>
         <input_file_ref idref="fl-2"/>
      </object_component>
      <object_component id="oc-2f0">
         <name>.debug_info</name>
         <load_address>0xef0a</load_address>
         <run_address>0xef0a</run_address>
         <size>0x102</size>
         <input_file_ref idref="fl-2"/>
      </object_component>
      <object_component id="oc-2f5">
         <name>.debug_info</name>
         <load_address>0xf00c</load_address>
         <run_address>0xf00c</run_address>
         <size>0x35</size>
         <input_file_ref idref="fl-2"/>
      </object_component>
      <object_component id="oc-75">
         <name>.debug_info</name>
         <load_address>0xf041</load_address>
         <run_address>0xf041</run_address>
         <size>0x2e7</size>
         <input_file_ref idref="fl-3"/>
      </object_component>
      <object_component id="oc-27">
         <name>.debug_info</name>
         <load_address>0xf328</load_address>
         <run_address>0xf328</run_address>
         <size>0x113</size>
         <input_file_ref idref="fl-3"/>
      </object_component>
      <object_component id="oc-6b">
         <name>.debug_info</name>
         <load_address>0xf43b</load_address>
         <run_address>0xf43b</run_address>
         <size>0x1da</size>
         <input_file_ref idref="fl-3"/>
      </object_component>
      <object_component id="oc-32">
         <name>.debug_info</name>
         <load_address>0xf615</load_address>
         <run_address>0xf615</run_address>
         <size>0x84</size>
         <input_file_ref idref="fl-3"/>
      </object_component>
      <object_component id="oc-2d2">
         <name>.debug_info</name>
         <load_address>0xf699</load_address>
         <run_address>0xf699</run_address>
         <size>0x10c</size>
         <input_file_ref idref="fl-4"/>
      </object_component>
      <object_component id="oc-a7">
         <name>.debug_info</name>
         <load_address>0xf7a5</load_address>
         <run_address>0xf7a5</run_address>
         <size>0x27e</size>
         <input_file_ref idref="fl-4"/>
      </object_component>
      <object_component id="oc-4e5">
         <name>.debug_info</name>
         <load_address>0xfa23</load_address>
         <run_address>0xfa23</run_address>
         <size>0x807</size>
         <input_file_ref idref="fl-a"/>
      </object_component>
      <object_component id="oc-314">
         <name>.debug_info</name>
         <load_address>0x1022a</load_address>
         <run_address>0x1022a</run_address>
         <size>0x140</size>
         <input_file_ref idref="fl-a"/>
      </object_component>
      <object_component id="oc-437">
         <name>.debug_info</name>
         <load_address>0x1036a</load_address>
         <run_address>0x1036a</run_address>
         <size>0x1a8</size>
         <input_file_ref idref="fl-a"/>
      </object_component>
      <object_component id="oc-444">
         <name>.debug_info</name>
         <load_address>0x10512</load_address>
         <run_address>0x10512</run_address>
         <size>0x1d9</size>
         <input_file_ref idref="fl-a"/>
      </object_component>
      <object_component id="oc-322">
         <name>.debug_info</name>
         <load_address>0x106eb</load_address>
         <run_address>0x106eb</run_address>
         <size>0x2a8</size>
         <input_file_ref idref="fl-a"/>
      </object_component>
      <object_component id="oc-51c">
         <name>.debug_info</name>
         <load_address>0x10993</load_address>
         <run_address>0x10993</run_address>
         <size>0x1be</size>
         <input_file_ref idref="fl-a"/>
      </object_component>
      <object_component id="oc-ee">
         <name>.debug_info</name>
         <load_address>0x10b51</load_address>
         <run_address>0x10b51</run_address>
         <size>0x291</size>
         <input_file_ref idref="fl-a"/>
      </object_component>
      <object_component id="oc-fa">
         <name>.debug_info</name>
         <load_address>0x10de2</load_address>
         <run_address>0x10de2</run_address>
         <size>0x29d</size>
         <input_file_ref idref="fl-a"/>
      </object_component>
      <object_component id="oc-f4">
         <name>.debug_info</name>
         <load_address>0x1107f</load_address>
         <run_address>0x1107f</run_address>
         <size>0x1f7</size>
         <input_file_ref idref="fl-a"/>
      </object_component>
      <object_component id="oc-31a">
         <name>.debug_info</name>
         <load_address>0x11276</load_address>
         <run_address>0x11276</run_address>
         <size>0x2f9</size>
         <input_file_ref idref="fl-a"/>
      </object_component>
      <object_component id="oc-450">
         <name>.debug_info</name>
         <load_address>0x1156f</load_address>
         <run_address>0x1156f</run_address>
         <size>0x28f</size>
         <input_file_ref idref="fl-a"/>
      </object_component>
      <object_component id="oc-106">
         <name>.debug_info</name>
         <load_address>0x117fe</load_address>
         <run_address>0x117fe</run_address>
         <size>0x1eb</size>
         <input_file_ref idref="fl-a"/>
      </object_component>
      <object_component id="oc-100">
         <name>.debug_info</name>
         <load_address>0x119e9</load_address>
         <run_address>0x119e9</run_address>
         <size>0x1e9</size>
         <input_file_ref idref="fl-a"/>
      </object_component>
      <object_component id="oc-449">
         <name>.debug_info</name>
         <load_address>0x11bd2</load_address>
         <run_address>0x11bd2</run_address>
         <size>0x1d3</size>
         <input_file_ref idref="fl-a"/>
      </object_component>
      <object_component id="oc-459">
         <name>.debug_info</name>
         <load_address>0x11da5</load_address>
         <run_address>0x11da5</run_address>
         <size>0x431a</size>
         <input_file_ref idref="fl-a"/>
      </object_component>
      <object_component id="oc-592">
         <name>.debug_info</name>
         <load_address>0x160bf</load_address>
         <run_address>0x160bf</run_address>
         <size>0x1b5</size>
         <input_file_ref idref="fl-a"/>
      </object_component>
      <object_component id="oc-463">
         <name>.debug_info</name>
         <load_address>0x16274</load_address>
         <run_address>0x16274</run_address>
         <size>0x26b</size>
         <input_file_ref idref="fl-a"/>
      </object_component>
      <object_component id="oc-45e">
         <name>.debug_info</name>
         <load_address>0x164df</load_address>
         <run_address>0x164df</run_address>
         <size>0x1028</size>
         <input_file_ref idref="fl-a"/>
      </object_component>
      <object_component id="oc-3f3">
         <name>.debug_info</name>
         <load_address>0x17507</load_address>
         <run_address>0x17507</run_address>
         <size>0x297</size>
         <input_file_ref idref="fl-a"/>
      </object_component>
      <object_component id="oc-2dd">
         <name>.debug_info</name>
         <load_address>0x1779e</load_address>
         <run_address>0x1779e</run_address>
         <size>0xef</size>
         <input_file_ref idref="fl-a"/>
      </object_component>
      <object_component id="oc-2d8">
         <name>.debug_info</name>
         <load_address>0x1788d</load_address>
         <run_address>0x1788d</run_address>
         <size>0xbb</size>
         <input_file_ref idref="fl-a"/>
      </object_component>
      <object_component id="oc-d5">
         <name>.debug_info</name>
         <load_address>0x17948</load_address>
         <run_address>0x17948</run_address>
         <size>0x224</size>
         <input_file_ref idref="fl-b"/>
      </object_component>
      <object_component id="oc-dc">
         <name>.debug_info</name>
         <load_address>0x17b6c</load_address>
         <run_address>0x17b6c</run_address>
         <size>0x1a3</size>
         <input_file_ref idref="fl-c"/>
      </object_component>
      <object_component id="oc-e0">
         <name>.debug_info</name>
         <load_address>0x17d0f</load_address>
         <run_address>0x17d0f</run_address>
         <size>0x1af</size>
         <input_file_ref idref="fl-c"/>
      </object_component>
      <object_component id="oc-425">
         <name>.debug_info</name>
         <load_address>0x17ebe</load_address>
[...]
         <object_component_ref idref="oc-513"/>
      </symbol>
      <symbol id="sm-70e">
         <name>SysCtl_A_getNMISourceStatus</name>
         <value>0x5779</value>
         <object_component_ref idref="oc-428"/>
      </symbol>
      <symbol id="sm-70f">
         <name>SysCtl_A_disableNMISource</name>
         <value>0x55e5</value>
         <object_component_ref idref="oc-42e"/>
      </symbol>
      <symbol id="sm-743">
         <name>SysTick_setPeriod</name>
         <value>0x5615</value>
         <object_component_ref idref="oc-14e"/>
      </symbol>
      <symbol id="sm-744">
         <name>SysTick_disableModule</name>
         <value>0x5799</value>
         <object_component_ref idref="oc-22e"/>
      </symbol>
      <symbol id="sm-745">
         <name>SysTick_disableInterrupt</name>
         <value>0x5789</value>
         <object_component_ref idref="oc-228"/>
      </symbol>
      <symbol id="sm-746">
         <name>SysTick_enableInterrupt</name>
         <value>0x57a9</value>
         <object_component_ref idref="oc-249"/>
      </symbol>
      <symbol id="sm-747">
         <name>SysTick_enableModule</name>
         <value>0x57b9</value>
         <object_component_ref idref="oc-243"/>
      </symbol>
      <symbol id="sm-780">
         <name>Timer32_startTimer</name>
         <value>0x50d1</value>
         <object_component_ref idref="oc-1a1"/>
      </symbol>
      <symbol id="sm-781">
         <name>Timer32_enableInterrupt</name>
         <value>0x56dd</value>
         <object_component_ref idref="oc-139"/>
      </symbol>
      <symbol id="sm-782">
         <name>Timer32_setCount</name>
         <value>0x5141</value>
         <object_component_ref idref="oc-133"/>
      </symbol>
      <symbol id="sm-783">
         <name>Timer32_initModule</name>
         <value>0x49c5</value>
         <object_component_ref idref="oc-12d"/>
      </symbol>
      <symbol id="sm-784">
         <name>Timer32_clearInterruptFlag</name>
         <value>0x56c9</value>
         <object_component_ref idref="oc-24f"/>
      </symbol>
      <symbol id="sm-7e5">
         <name>Timer_A_setCompareValue</name>
         <value>0x54a5</value>
         <object_component_ref idref="oc-1c8"/>
      </symbol>
      <symbol id="sm-7e6">
         <name>Timer_A_clearCaptureCompareInterrupt</name>
         <value>0x5361</value>
         <object_component_ref idref="oc-255"/>
      </symbol>
      <symbol id="sm-7e7">
         <name>Timer_A_generatePWM</name>
         <value>0x4875</value>
         <object_component_ref idref="oc-183"/>
      </symbol>
      <symbol id="sm-7e8">
         <name>Timer_A_startCounter</name>
         <value>0x565d</value>
         <object_component_ref idref="oc-1a7"/>
      </symbol>
      <symbol id="sm-7e9">
         <name>Timer_A_initCapture</name>
         <value>0x4c6d</value>
         <object_component_ref idref="oc-18f"/>
      </symbol>
      <symbol id="sm-7ea">
         <name>Timer_A_getCaptureCompareCount</name>
         <value>0x5515</value>
         <object_component_ref idref="oc-25b"/>
      </symbol>
      <symbol id="sm-7eb">
         <name>Timer_A_configureContinuousMode</name>
         <value>0x5175</value>
         <object_component_ref idref="oc-189"/>
      </symbol>
      <symbol id="sm-840">
         <name>UART_receiveData</name>
         <value>0x52a5</value>
         <object_component_ref idref="oc-21a"/>
      </symbol>
      <symbol id="sm-841">
         <name>UART_enableModule</name>
         <value>0x5689</value>
         <object_component_ref idref="oc-160"/>
      </symbol>
      <symbol id="sm-842">
         <name>UART_transmitData</name>
         <value>0x51a9</value>
         <object_component_ref idref="oc-b2"/>
      </symbol>
      <symbol id="sm-843">
         <name>UART_getInterruptStatus</name>
         <value>0x562d</value>
         <object_component_ref idref="oc-b8"/>
      </symbol>
      <symbol id="sm-844">
         <name>UART_initModule</name>
         <value>0x3975</value>
         <object_component_ref idref="oc-15a"/>
      </symbol>
      <symbol id="sm-845">
         <name>UART_clearInterruptFlag</name>
         <value>0x5673</value>
         <object_component_ref idref="oc-be"/>
      </symbol>
      <symbol id="sm-851">
         <name>WDT_A_holdTimer</name>
         <value>0x54f1</value>
         <object_component_ref idref="oc-c7"/>
      </symbol>
      <symbol id="sm-863">
         <name>CPU_wfi</name>
         <value>0x57f9</value>
         <object_component_ref idref="oc-4fb"/>
      </symbol>
      <symbol id="sm-864">
         <name>CPU_cpsie</name>
         <value>0x57e5</value>
         <object_component_ref idref="oc-34e"/>
      </symbol>
      <symbol id="sm-893">
         <name>snprintf</name>
         <value>0x4eb1</value>
         <object_component_ref idref="oc-208"/>
      </symbol>
      <symbol id="sm-8b5">
         <name>__aeabi_cdcmpeq</name>
         <value>0x44e9</value>
         <object_component_ref idref="oc-482"/>
      </symbol>
      <symbol id="sm-8b6">
         <name>__aeabi_cdcmple</name>
         <value>0x44e9</value>
         <object_component_ref idref="oc-482"/>
      </symbol>
      <symbol id="sm-8b7">
         <name>__aeabi_cdrcmple</name>
         <value>0x456f</value>
         <object_component_ref idref="oc-1c3"/>
      </symbol>
      <symbol id="sm-8cb">
         <name>__aeabi_ddiv</name>
         <value>0x35e9</value>
         <object_component_ref idref="oc-144"/>
      </symbol>
      <symbol id="sm-8d6">
         <name>__aeabi_dmul</name>
         <value>0x3dad</value>
         <object_component_ref idref="oc-172"/>
      </symbol>
      <symbol id="sm-8e0">
         <name>__aeabi_d2iz</name>
         <value>0x4f45</value>
         <object_component_ref idref="oc-215"/>
      </symbol>
      <symbol id="sm-8ec">
         <name>__aeabi_d2f</name>
         <value>0x4957</value>
         <object_component_ref idref="oc-1e0"/>
      </symbol>
      <symbol id="sm-8f6">
         <name>__aeabi_d2uiz</name>
         <value>0x4fd1</value>
         <object_component_ref idref="oc-149"/>
      </symbol>
      <symbol id="sm-901">
         <name>__aeabi_f2d</name>
         <value>0x5109</value>
         <object_component_ref idref="oc-203"/>
      </symbol>
      <symbol id="sm-90b">
         <name>__aeabi_i2d</name>
         <value>0x5305</value>
         <object_component_ref idref="oc-16d"/>
      </symbol>
      <symbol id="sm-926">
         <name>memcpy</name>
         <value>0x4213</value>
         <object_component_ref idref="oc-37"/>
      </symbol>
      <symbol id="sm-927">
         <name>__aeabi_memcpy</name>
         <value>0x4213</value>
         <object_component_ref idref="oc-37"/>
      </symbol>
      <symbol id="sm-928">
         <name>__aeabi_memcpy8</name>
         <value>0x4213</value>
         <object_component_ref idref="oc-37"/>
      </symbol>
      <symbol id="sm-929">
         <name>__aeabi_memcpy4</name>
         <value>0x4213</value>
         <object_component_ref idref="oc-37"/>
      </symbol>
      <symbol id="sm-933">
         <name>__aeabi_ui2d</name>
         <value>0x5559</value>
         <object_component_ref idref="oc-13f"/>
      </symbol>
      <symbol id="sm-94c">
         <name>__TI_zero_init_nomemset</name>
         <value>0x5579</value>
         <object_component_ref idref="oc-43"/>
      </symbol>
      <symbol id="sm-963">
         <name>__TI_decompress_none</name>
         <value>0x57c9</value>
         <object_component_ref idref="oc-1d"/>
      </symbol>
      <symbol id="sm-986">
         <name>__TI_decompress_lzss</name>
         <value>0x4a2d</value>
         <object_component_ref idref="oc-17"/>
      </symbol>
      <symbol id="sm-99c">
         <name>rand</name>
         <value>0x5211</value>
         <object_component_ref idref="oc-20e"/>
      </symbol>
      <symbol id="sm-9aa">
         <name>strlen</name>
         <value>0x56f1</value>
         <object_component_ref idref="oc-ac"/>
      </symbol>
      <symbol id="sm-9bd">
         <name>__stack</name>
         <value>0x2000f800</value>
         <object_component_ref idref="oc-29"/>
      </symbol>
      <symbol id="sm-9be">
         <name>_c_int00_noargs</name>
         <value>0x51dd</value>
         <object_component_ref idref="oc-55"/>
      </symbol>
      <symbol id="sm-b23">
         <name>__TI_printfi</name>
         <value>0x1c05</value>
         <object_component_ref idref="oc-388"/>
      </symbol>
      <symbol id="sm-b3a">
         <name>__aeabi_dsub</name>
         <value>0x3055</value>
         <object_component_ref idref="oc-534"/>
      </symbol>
      <symbol id="sm-b3b">
         <name>__aeabi_dadd</name>
         <value>0x305f</value>
         <object_component_ref idref="oc-534"/>
      </symbol>
      <symbol id="sm-b4a">
         <name>__aeabi_memset</name>
         <value>0x47fb</value>
         <object_component_ref idref="oc-8d"/>
      </symbol>
      <symbol id="sm-b4b">
         <name>memset</name>
         <value>0x4801</value>
         <object_component_ref idref="oc-8d"/>
      </symbol>
      <symbol id="sm-b4c">
         <name>__aeabi_memset8</name>
         <value>0x47fb</value>
         <object_component_ref idref="oc-8d"/>
      </symbol>
      <symbol id="sm-b4d">
         <name>__aeabi_memset4</name>
         <value>0x47fb</value>
         <object_component_ref idref="oc-8d"/>
      </symbol>
      <symbol id="sm-b4e">
         <name>__aeabi_memclr8</name>
         <value>0x47f9</value>
         <object_component_ref idref="oc-8d"/>
      </symbol>
      <symbol id="sm-b4f">
         <name>__aeabi_memclr4</name>
         <value>0x47f9</value>
         <object_component_ref idref="oc-8d"/>
      </symbol>
      <symbol id="sm-b50">
         <name>__aeabi_memclr</name>
         <value>0x47f9</value>
         <object_component_ref idref="oc-8d"/>
      </symbol>
      <symbol id="sm-b5d">
         <name>__aeabi_uldivmod</name>
         <value>0x42af</value>
         <object_component_ref idref="oc-527"/>
      </symbol>
      <symbol id="sm-b85">
         <name>__TI_auto_init_nobinit_nopinit</name>
         <value>0x4f8d</value>
         <object_component_ref idref="oc-29f"/>
      </symbol>
      <symbol id="sm-b8f">
         <name>_system_pre_init</name>
         <value>0x57fd</value>
         <object_component_ref idref="oc-93"/>
      </symbol>
      <symbol id="sm-b9b">
         <name>C$$EXIT</name>
         <value>0x5801</value>
         <object_component_ref idref="oc-293"/>
      </symbol>
      <symbol id="sm-b9c">
         <name>abort</name>
         <value>0x5801</value>
         <object_component_ref idref="oc-293"/>
      </symbol>
      <symbol id="sm-bb1">
         <name>_nop</name>
         <value>0x2653</value>
         <object_component_ref idref="oc-4c1"/>
      </symbol>
      <symbol id="sm-bb2">
         <name>_lock</name>
         <value>0x20000120</value>
         <object_component_ref idref="oc-3ab"/>
      </symbol>
      <symbol id="sm-bb3">
         <name>_unlock</name>
         <value>0x20000124</value>
         <object_component_ref idref="oc-3ab"/>
      </symbol>
      <symbol id="sm-bc2">
         <name>__TI_ltoa</name>
         <value>0x4d71</value>
         <object_component_ref idref="oc-52e"/>
      </symbol>
      <symbol id="sm-bd9">
         <name>atoi</name>
         <value>0x4e65</value>
         <object_component_ref idref="oc-476"/>
      </symbol>
      <symbol id="sm-be4">
         <name>_ctypes_</name>
         <value>0x5a48</value>
         <object_component_ref idref="oc-522"/>
      </symbol>
      <symbol id="sm-bf4">
         <name>memccpy</name>
         <value>0x5595</value>
         <object_component_ref idref="oc-49f"/>
      </symbol>
      <symbol id="sm-c04">
         <name>strchr</name>
         <value>0x569f</value>
         <object_component_ref idref="oc-560"/>
      </symbol>
      <symbol id="sm-c1a">
         <name>__aeabi_errno_addr</name>
         <value>0x57f1</value>
         <object_component_ref idref="oc-4ab"/>
      </symbol>
      <symbol id="sm-c1b">
         <name>errno</name>
         <value>0x20000140</value>
         <object_component_ref idref="oc-570"/>
      </symbol>
      <symbol id="sm-c3b">
         <name>frexpl</name>
         <value>0x4a95</value>
         <object_component_ref idref="oc-554"/>
      </symbol>
      <symbol id="sm-c3c">
         <name>frexp</name>
         <value>0x4a95</value>
         <object_component_ref idref="oc-554"/>
      </symbol>
      <symbol id="sm-c59">
         <name>scalbn</name>
         <value>0x3a91</value>
         <object_component_ref idref="oc-55a"/>
      </symbol>
      <symbol id="sm-c5a">
         <name>scalbnl</name>
         <value>0x3a91</value>
         <object_component_ref idref="oc-55a"/>
      </symbol>
      <symbol id="sm-c5b">
         <name>ldexpl</name>
         <value>0x3a91</value>
         <object_component_ref idref="oc-55a"/>
      </symbol>
      <symbol id="sm-c5c">
         <name>ldexp</name>
         <value>0x3a91</value>
         <object_component_ref idref="oc-55a"/>
      </symbol>
      <symbol id="sm-c66">
         <name>copysign</name>
         <value>0x55b1</value>
         <object_component_ref idref="oc-5b8"/>
      </symbol>
      <symbol id="sm-c67">
         <name>copysignl</name>
         <value>0x55b1</value>
         <object_component_ref idref="oc-5b8"/>
      </symbol>
      <symbol id="sm-c80">
         <name>wcslen</name>
         <value>0x5717</value>
         <object_component_ref idref="oc-4a5"/>
      </symbol>
      <symbol id="sm-c8a">
         <name>__aeabi_idiv0</name>
         <value>0x2c13</value>
         <object_component_ref idref="oc-5a4"/>
      </symbol>
      <symbol id="sm-c8b">
         <name>__aeabi_ldiv0</name>
         <value>0x2c13</value>
         <object_component_ref idref="oc-5a4"/>
      </symbol>
      <symbol id="sm-c8c">
         <name>__TI_static_base__</name>
         <value>0x0</value>
      </symbol>
      <symbol id="sm-c8f">
         <name>__mpu_init</name>
         <value>0x0</value>
      </symbol>
      <symbol id="sm-c90">
         <name>_system_post_cinit</name>
         <value>0x0</value>
      </symbol>
      <symbol id="sm-c91">
         <name>NMI_Handler</name>
         <value>0x57e3</value>
      </symbol>
      <symbol id="sm-c92">
         <name>HardFault_Handler</name>
         <value>0x57e3</value>
      </symbol>
      <symbol id="sm-c93">
         <name>MemManage_Handler</name>
         <value>0x57e3</value>
      </symbol>
      <symbol id="sm-c94">
         <name>BusFault_Handler</name>
         <value>0x57e3</value>
      </symbol>
      <symbol id="sm-c95">
         <name>UsageFault_Handler</name>
         <value>0x57e3</value>
      </symbol>
      <symbol id="sm-c96">
         <name>SVC_Handler</name>
         <value>0x57e3</value>
      </symbol>
      <symbol id="sm-c97">
         <name>DebugMon_Handler</name>
         <value>0x57e3</value>
      </symbol>
      <symbol id="sm-c98">
         <name>PendSV_Handler</name>
         <value>0x57e3</value>
      </symbol>
      <symbol id="sm-c99">
         <name>SysTick_Handler</name>
         <value>0x1807</value>
      </symbol>
      <symbol id="sm-c9a">
         <name>PSS_IRQHandler</name>
         <value>0x57e3</value>
      </symbol>
      <symbol id="sm-c9b">
         <name>CS_IRQHandler</name>
         <value>0x57e3</value>
      </symbol>
      <symbol id="sm-c9c">
         <name>PCM_IRQHandler</name>
         <value>0x57e3</value>
      </symbol>
      <symbol id="sm-c9d">
         <name>WDT_A_IRQHandler</name>
         <value>0x57e3</value>
      </symbol>
      <symbol id="sm-c9e">
         <name>FPU_IRQHandler</name>
         <value>0x57e3</value>
      </symbol>
      <symbol id="sm-c9f">
         <name>FLCTL_IRQHandler</name>
         <value>0x57e3</value>
      </symbol>
      <symbol id="sm-ca0">
         <name>COMP_E0_IRQHandler</name>
         <value>0x57e3</value>
      </symbol>
      <symbol id="sm-ca1">
         <name>COMP_E1_IRQHandler</name>
         <value>0x57e3</value>
      </symbol>
      <symbol id="sm-ca2">
         <name>TA0_0_IRQHandler</name>
         <value>0x57e3</value>
      </symbol>
      <symbol id="sm-ca3">
         <name>TA0_N_IRQHandler</name>
         <value>0x57e3</value>
      </symbol>
      <symbol id="sm-ca4">
         <name>TA1_0_IRQHandler</name>
         <value>0x57e3</value>
      </symbol>
      <symbol id="sm-ca5">
         <name>TA1_N_IRQHandler</name>
         <value>0x57e3</value>
      </symbol>
      <symbol id="sm-ca6">
         <name>TA2_0_IRQHandler</name>
         <value>0x57e3</value>
      </symbol>
      <symbol id="sm-ca7">
         <name>TA2_N_IRQHandler</name>
         <value>0x57e3</value>
      </symbol>
      <symbol id="sm-ca8">
         <name>TA3_0_IRQHandler</name>
         <value>0x1a35</value>
      </symbol>
      <symbol id="sm-ca9">
         <name>TA3_N_IRQHandler</name>
         <value>0x19b7</value>
      </symbol>
      <symbol id="sm-caa">
         <name>EUSCIA0_IRQHandler</name>
         <value>0x57e3</value>
      </symbol>
      <symbol id="sm-cab">
         <name>EUSCIA1_IRQHandler</name>
         <value>0x57e3</value>
      </symbol>
      <symbol id="sm-cac">
         <name>EUSCIA2_IRQHandler</name>
         <value>0x57e3</value>
      </symbol>
      <symbol id="sm-cad">
         <name>EUSCIA3_IRQHandler</name>
         <value>0x57e3</value>
      </symbol>
      <symbol id="sm-cae">
         <name>EUSCIB0_IRQHandler</name>
         <value>0x57e3</value>
      </symbol>
      <symbol id="sm-caf">
         <name>EUSCIB1_IRQHandler</name>
         <value>0x57e3</value>
      </symbol>
      <symbol id="sm-cb0">
         <name>EUSCIB2_IRQHandler</name>
         <value>0x57e3</value>
      </symbol>
      <symbol id="sm-cb1">
         <name>EUSCIB3_IRQHandler</name>
         <value>0x57e3</value>
      </symbol>
      <symbol id="sm-cb2">
         <name>ADC14_IRQHandler</name>
         <value>0x57e3</value>
      </symbol>
      <symbol id="sm-cb3">
         <name>T32_INT1_IRQHandler</name>
         <value>0x1975</value>
      </symbol>
      <symbol id="sm-cb4">
         <name>T32_INT2_IRQHandler</name>
         <value>0x19ad</value>
      </symbol>
      <symbol id="sm-cb5">
         <name>T32_INTC_IRQHandler</name>
         <value>0x57e3</value>
      </symbol>
      <symbol id="sm-cb6">
         <name>AES256_IRQHandler</name>
         <value>0x57e3</value>
      </symbol>
      <symbol id="sm-cb7">
         <name>RTC_C_IRQHandler</name>
         <value>0x57e3</value>
      </symbol>
      <symbol id="sm-cb8">
         <name>DMA_ERR_IRQHandler</name>
         <value>0x57e3</value>
      </symbol>
      <symbol id="sm-cb9">
         <name>DMA_INT3_IRQHandler</name>
         <value>0x57e3</value>
      </symbol>
      <symbol id="sm-cba">
         <name>DMA_INT2_IRQHandler</name>
         <value>0x57e3</value>
      </symbol>
      <symbol id="sm-cbb">
         <name>DMA_INT1_IRQHandler</name>
         <value>0x57e3</value>
      </symbol>
      <symbol id="sm-cbc">
         <name>DMA_INT0_IRQHandler</name>
         <value>0x57e3</value>
      </symbol>
      <symbol id="sm-cbd">
         <name>PORT1_IRQHandler</name>
         <value>0x187d</value>
      </symbol>
      <symbol id="sm-cbe">
         <name>PORT2_IRQHandler</name>
         <value>0x57e3</value>
      </symbol>
      <symbol id="sm-cbf">
         <name>PORT3_IRQHandler</name>
         <value>0x57e3</value>
      </symbol>
      <symbol id="sm-cc0">
         <name>PORT4_IRQHandler</name>
         <value>0x57e3</value>
      </symbol>
      <symbol id="sm-cc1">
         <name>PORT5_IRQHandler</name>
         <value>0x57e3</value>
      </symbol>
      <symbol id="sm-cc2">
         <name>PORT6_IRQHandler</name>
         <value>0x57e3</value>
      </symbol>
   </symbol_table>
   <title>Link successful</title>
</link_info>
