******************************************************************************
                  TI ARM Linker PC v20.2.6                     
******************************************************************************
>> Linked Thu Mar 17 16:56:17 2022

OUTPUT FILE NAME:   <MSP432_Lab_1_1.out>
ENTRY POINT SYMBOL: "_c_int00_noargs"  address: 000010b5


MEMORY CONFIGURATION

         name            origin    length      used     unused   attr    fill
----------------------  --------  ---------  --------  --------  ----  --------
  MAIN                  00000000   00040000  00001310  0003ecf0  R  X
  INFO                  00200000   00004000  00000000  00004000  R  X
  SRAM_CODE             01000000   00010000  00000820  0000f7e0  RW X
  SRAM_DATA             20000000   00010000  00000820  0000f7e0  RW  


SEGMENT ALLOCATION MAP

run origin  load origin   length   init length attrs members
----------  ----------- ---------- ----------- ----- -------
00000000    00000000    00001310   00001310    r-x
  00000000    00000000    000000e4   000000e4    r-- .intvecs
  000000e4    000000e4    000011cc   000011cc    r-x .text
  000012b0    000012b0    00000030   00000030    r-- .const
  000012e0    000012e0    00000030   00000030    r-- .cinit
20000000    20000000    00000020   00000000    rw-
  20000000    20000000    0000001c   00000000    rw- .bss
  2000001c    2000001c    00000004   00000000    rw- .data
2000f800    2000f800    00000800   00000000    rw-
  2000f800    2000f800    00000800   00000000    rw- .stack


SECTION ALLOCATION MAP

 output                                  attributes/
section   page    origin      length       input sections
--------  ----  ----------  ----------   ----------------
.intvecs   0    00000000    000000e4     
                  00000000    000000e4     startup_msp432p401r_ccs.obj (.intvecs:retain)

.text      0    000000e4    000011cc     
                  000000e4    00000334     system_msp432p401r.obj (.text)
                  00000418    0000019c     msp432p4xx_driverlib.lib : cs.o (.text:CS_setDCOFrequency)
                  000005b4    0000015c                              : pcm.o (.text:__PCM_setPowerModeAdvanced)
                  00000710    00000130                              : cs.o (.text:CS_initClockSignal)
                  00000840    00000108                              : pcm.o (.text:__PCM_setCoreVoltageLevelAdvanced)
                  00000948    00000104                              : cs.o (.text:_CSComputeCLKFrequency)
                  00000a4c    000000f8                              : cs.o (.text:CS_getDCOFrequency)
                  00000b44    000000b8     Lab1_1_main.obj (.text)
                  00000bfc    0000009c     rtsv7M4_T_le_v4SPD16_eabi.lib : memcpy_t2.asm.obj (.text)
                  00000c98    00000094     msp432p4xx_driverlib.lib : sysctl_a.o (.text:SysCtl_A_getTLVInfo)
                  00000d2c    00000088                              : cs.o (.text:CS_tuneDCOFrequency)
                  00000db4    0000007c                              : cs.o (.text:_CSGetDOCFrequency)
                  00000e30    00000068     rtsv7M4_T_le_v4SPD16_eabi.lib : copy_decompress_lzss.c.obj (.text:decompress:lzss:__TI_decompress_lzss)
                  00000e98    00000062     msp432p4xx_driverlib.lib : cs.o (.text:_CSGetDividerValue)
                  00000efa    0000005e                              : pcm.o (.text:PCM_getCoreVoltageLevel)
                  00000f58    0000005a                              : pcm.o (.text:PCM_getPowerMode)
                  00000fb2    00000002     --HOLE-- [fill = 0]
                  00000fb4    00000048                              : flash.o (.text:FlashCtl_setWaitState)
                  00000ffc    00000044     rtsv7M4_T_le_v4SPD16_eabi.lib : autoinit.c.obj (.text:__TI_auto_init_nobinit_nopinit:__TI_auto_init_nobinit_nopinit)
                  00001040    00000040     msp432p4xx_driverlib.lib : gpio.o (.text:GPIO_setAsOutputPin)
                  00001080    00000034                              : cs.o (.text:CS_setDCOCenteredFrequency)
                  000010b4    00000034     rtsv7M4_T_le_v4SPD16_eabi.lib : boot_cortex_m.c.obj (.text:_c_int00_noargs:_c_int00_noargs)
                  000010e8    00000030     msp432p4xx_driverlib.lib : cs.o (.text:CS_clearInterruptFlag)
                  00001118    00000028                              : cs.o (.text:CS_getACLK)
                  00001140    00000028                              : cs.o (.text:CS_getHSMCLK)
                  00001168    00000028                              : cs.o (.text:CS_getMCLK)
                  00001190    00000028                              : cs.o (.text:CS_getSMCLK)
                  000011b8    00000028                              : gpio.o (.text:GPIO_toggleOutputOnPin)
                  000011e0    00000024                              : wdt_a.o (.text:WDT_A_holdTimer)
                  00001204    00000020                              : cs.o (.text:CS_getBCLK)
                  00001224    0000001c     rtsv7M4_T_le_v4SPD16_eabi.lib : copy_zero_init.c.obj (.text:decompress:ZI:__TI_zero_init_nomemset:__TI_zero_init_nomemset)
                  00001240    00000018     msp432p4xx_driverlib.lib : fpu.o (.text:FPU_enableModule)
                  00001258    00000014                              : pcm.o (.text:PCM_getPowerState)
                  0000126c    00000010                              : pcm.o (.text:PCM_setCoreVoltageLevel)
                  0000127c    00000010                              : pcm.o (.text:PCM_setPowerMode)
                  0000128c    0000000e     rtsv7M4_T_le_v4SPD16_eabi.lib : copy_decompress_none.c.obj (.text:decompress:none:__TI_decompress_none)
                  0000129a    0000000e     startup_msp432p401r_ccs.obj (.text)
                  000012a8    00000004     rtsv7M4_T_le_v4SPD16_eabi.lib : pre_init.c.obj (.text:_system_pre_init)
                  000012ac    00000004                                   : exit.c.obj (.text:abort:abort)

.const     0    000012b0    00000030     
                  000012b0    00000030     msp432p4xx_driverlib.lib : gpio.o (.const:GPIO_PORT_TO_BASE)

.cinit     0    000012e0    00000030     
                  000012e0    0000000c     (__TI_handler_table)
                  000012ec    00000004     --HOLE-- [fill = 0]
                  000012f0    00000008     (.cinit..bss.load) [load image, compression = zero_init]
                  000012f8    00000008     (.cinit..data.load) [load image, compression = lzss]
                  00001300    00000010     (__TI_cinit_table)

.init_array 
*          0    00000000    00000000     UNINITIALIZED

.binit     0    00000000    00000000     

.bss       0    20000000    0000001c     UNINITIALIZED
                  20000000    00000008     msp432p4xx_driverlib.lib : cs.o (.bss)
                  20000008    00000004     (.common:aclk)
                  2000000c    00000004     (.common:bclk)
                  20000010    00000004     (.common:hsmclk)
                  20000014    00000004     (.common:mclk)
                  20000018    00000004     (.common:smclk)

.data      0    2000001c    00000004     UNINITIALIZED
                  2000001c    00000004     system_msp432p401r.obj (.data)

.stack     0    2000f800    00000800     UNINITIALIZED
                  2000f800    00000004     rtsv7M4_T_le_v4SPD16_eabi.lib : boot_cortex_m.c.obj (.stack)
                  2000f804    000007fc     --HOLE--

__llvm_prf_cnts 
*          0    20000000    00000000     UNINITIALIZED

MODULE SUMMARY

       Module                        code   ro data   rw data
       ------                        ----   -------   -------
    .\
       system_msp432p401r.obj        820    0         8      
       startup_msp432p401r_ccs.obj   14     228       0      
       Lab1_1_main.obj               184    0         40     
    +--+-----------------------------+------+---------+---------+
       Total:                        1018   228       48     
                                                             
    C:/ti/simplelink_msp432p4_sdk_3_40_01_02/source/ti/devices/msp432p4xx/driverlib/ccs/msp432p4xx_driverlib.lib
       cs.o                          1874   0         16     
       pcm.o                         848    0         0      
       gpio.o                        104    48        0      
       sysctl_a.o                    148    0         0      
       flash.o                       72     0         0      
       wdt_a.o                       36     0         0      
       fpu.o                         24     0         0      
    +--+-----------------------------+------+---------+---------+
       Total:                        3106   48        16     
                                                             
    C:\ti\ccs1110\ccs\tools\compiler\ti-cgt-arm_20.2.6.LTS\lib\rtsv7M4_T_le_v4SPD16_eabi.lib
       memcpy_t2.asm.obj             156    0         0      
       copy_decompress_lzss.c.obj    104    0         0      
       autoinit.c.obj                68     0         0      
       boot_cortex_m.c.obj           52     0         0      
       copy_zero_init.c.obj          28     0         0      
       copy_decompress_none.c.obj    14     0         0      
       exit.c.obj                    4      0         0      
       pre_init.c.obj                4      0         0      
    +--+-----------------------------+------+---------+---------+
       Total:                        430    0         0      
                                                             
       Stack:                        0      0         4096   
       Linker Generated:             0      44        0      
    +--+-----------------------------+------+---------+---------+
       Grand Total:                  4554   320       4160   


LINKER GENERATED COPY TABLES

__TI_cinit_table @ 00001300 records: 2, size/record: 8, table size: 16
	.bss: load addr=000012f0, load size=00000008 bytes, run addr=20000000, run size=0000001c bytes, compression=zero_init
	.data: load addr=000012f8, load size=00000008 bytes, run addr=2000001c, run size=00000004 bytes, compression=lzss


LINKER GENERATED HANDLER TABLE

__TI_handler_table @ 000012e0 records: 3, size/record: 4, table size: 12
	index: 0, handler: __TI_decompress_lzss
	index: 1, handler: __TI_decompress_none
	index: 2, handler: __TI_zero_init


GLOBAL SYMBOLS: SORTED ALPHABETICALLY BY Name 

address   name                          
-------   ----                          
000012a7  ADC14_IRQHandler              
000012a7  AES256_IRQHandler             
000012a7  BusFault_Handler              
000012ad  C$$EXIT                       
000012a7  COMP_E0_IRQHandler            
000012a7  COMP_E1_IRQHandler            
000012a7  CS_IRQHandler                 
000010e9  CS_clearInterruptFlag         
00001119  CS_getACLK                    
00001205  CS_getBCLK                    
00000a4d  CS_getDCOFrequency            
00001141  CS_getHSMCLK                  
00001169  CS_getMCLK                    
00001191  CS_getSMCLK                   
00000711  CS_initClockSignal            
00001081  CS_setDCOCenteredFrequency    
00000419  CS_setDCOFrequency            
00000d2d  CS_tuneDCOFrequency           
000012a7  DMA_ERR_IRQHandler            
000012a7  DMA_INT0_IRQHandler           
000012a7  DMA_INT1_IRQHandler           
000012a7  DMA_INT2_IRQHandler           
000012a7  DMA_INT3_IRQHandler           
000012a7  DebugMon_Handler              
000012a7  Default_Handler               
000012a7  EUSCIA0_IRQHandler            
000012a7  EUSCIA1_IRQHandler            
000012a7  EUSCIA2_IRQHandler            
000012a7  EUSCIA3_IRQHandler            
000012a7  EUSCIB0_IRQHandler            
000012a7  EUSCIB1_IRQHandler            
000012a7  EUSCIB2_IRQHandler            
000012a7  EUSCIB3_IRQHandler            
000012a7  FLCTL_IRQHandler              
000012a7  FPU_IRQHandler                
00001241  FPU_enableModule              
00000fb5  FlashCtl_setWaitState         
00001041  GPIO_setAsOutputPin           
000011b9  GPIO_toggleOutputOnPin        
000012a7  HardFault_Handler             
000012a7  MemManage_Handler             
000012a7  NMI_Handler                   
000012a7  PCM_IRQHandler                
00000efb  PCM_getCoreVoltageLevel       
00000f59  PCM_getPowerMode              
00001259  PCM_getPowerState             
0000126d  PCM_setCoreVoltageLevel       
0000127d  PCM_setPowerMode              
000012a7  PORT1_IRQHandler              
000012a7  PORT2_IRQHandler              
000012a7  PORT3_IRQHandler              
000012a7  PORT4_IRQHandler              
000012a7  PORT5_IRQHandler              
000012a7  PORT6_IRQHandler              
000012a7  PSS_IRQHandler                
000012a7  PendSV_Handler                
000012a7  RTC_C_IRQHandler              
0000129b  Reset_Handler                 
000012a7  SVC_Handler                   
00000c99  SysCtl_A_getTLVInfo           
000012a7  SysTick_Handler               
2000001c  SystemCoreClock               
000000e5  SystemCoreClockUpdate         
0000035d  SystemInit                    
000012a7  T32_INT1_IRQHandler           
000012a7  T32_INT2_IRQHandler           
000012a7  T32_INTC_IRQHandler           
000012a7  TA0_0_IRQHandler              
000012a7  TA0_N_IRQHandler              
000012a7  TA1_0_IRQHandler              
000012a7  TA1_N_IRQHandler              
000012a7  TA2_0_IRQHandler              
000012a7  TA2_N_IRQHandler              
000012a7  TA3_0_IRQHandler              
000012a7  TA3_N_IRQHandler              
000012a7  UsageFault_Handler            
4000480c  WDTCTL_SYM                    
000012a7  WDT_A_IRQHandler              
000011e1  WDT_A_holdTimer               
20010000  __STACK_END                   
00000800  __STACK_SIZE                  
00001300  __TI_CINIT_Base               
00001310  __TI_CINIT_Limit              
000012e0  __TI_Handler_Table_Base       
000012ec  __TI_Handler_Table_Limit      
00000ffd  __TI_auto_init_nobinit_nopinit
00000e31  __TI_decompress_lzss          
0000128d  __TI_decompress_none          
ffffffff  __TI_pprof_out_hndl           
ffffffff  __TI_prof_data_size           
ffffffff  __TI_prof_data_start          
00000000  __TI_static_base__            
00001225  __TI_zero_init_nomemset       
00000bfd  __aeabi_memcpy                
00000bfd  __aeabi_memcpy4               
00000bfd  __aeabi_memcpy8               
ffffffff  __binit__                     
ffffffff  __c_args__                    
UNDEFED   __mpu_init                    
2000f800  __stack                       
20000000  __start___llvm_prf_cnts       
20000000  __stop___llvm_prf_cnts        
000010b5  _c_int00_noargs               
UNDEFED   _system_post_cinit            
000012a9  _system_pre_init              
000012ad  abort                         
20000008  aclk                          
2000000c  bclk                          
ffffffff  binit                         
20000010  hsmclk                        
00000000  interruptVectors              
00000b45  main                          
20000014  mclk                          
00000bfd  memcpy                        
20000018  smclk                         


GLOBAL SYMBOLS: SORTED BY Symbol Address 

address   name                          
-------   ----                          
00000000  __TI_static_base__            
00000000  interruptVectors              
000000e5  SystemCoreClockUpdate         
0000035d  SystemInit                    
00000419  CS_setDCOFrequency            
00000711  CS_initClockSignal            
00000800  __STACK_SIZE                  
00000a4d  CS_getDCOFrequency            
00000b45  main                          
00000bfd  __aeabi_memcpy                
00000bfd  __aeabi_memcpy4               
00000bfd  __aeabi_memcpy8               
00000bfd  memcpy                        
00000c99  SysCtl_A_getTLVInfo           
00000d2d  CS_tuneDCOFrequency           
00000e31  __TI_decompress_lzss          
00000efb  PCM_getCoreVoltageLevel       
00000f59  PCM_getPowerMode              
00000fb5  FlashCtl_setWaitState         
00000ffd  __TI_auto_init_nobinit_nopinit
00001041  GPIO_setAsOutputPin           
00001081  CS_setDCOCenteredFrequency    
000010b5  _c_int00_noargs               
000010e9  CS_clearInterruptFlag         
00001119  CS_getACLK                    
00001141  CS_getHSMCLK                  
00001169  CS_getMCLK                    
00001191  CS_getSMCLK                   
000011b9  GPIO_toggleOutputOnPin        
000011e1  WDT_A_holdTimer               
00001205  CS_getBCLK                    
00001225  __TI_zero_init_nomemset       
00001241  FPU_enableModule              
00001259  PCM_getPowerState             
0000126d  PCM_setCoreVoltageLevel       
0000127d  PCM_setPowerMode              
0000128d  __TI_decompress_none          
0000129b  Reset_Handler                 
000012a7  ADC14_IRQHandler              
000012a7  AES256_IRQHandler             
000012a7  BusFault_Handler              
000012a7  COMP_E0_IRQHandler            
000012a7  COMP_E1_IRQHandler            
000012a7  CS_IRQHandler                 
000012a7  DMA_ERR_IRQHandler            
000012a7  DMA_INT0_IRQHandler           
000012a7  DMA_INT1_IRQHandler           
000012a7  DMA_INT2_IRQHandler           
000012a7  DMA_INT3_IRQHandler           
000012a7  DebugMon_Handler              
000012a7  Default_Handler               
000012a7  EUSCIA0_IRQHandler            
000012a7  EUSCIA1_IRQHandler            
000012a7  EUSCIA2_IRQHandler            
000012a7  EUSCIA3_IRQHandler            
000012a7  EUSCIB0_IRQHandler            
000012a7  EUSCIB1_IRQHandler            
000012a7  EUSCIB2_IRQHandler            
000012a7  EUSCIB3_IRQHandler            
000012a7  FLCTL_IRQHandler              
000012a7  FPU_IRQHandler                
000012a7  HardFault_Handler             
000012a7  MemManage_Handler             
000012a7  NMI_Handler                   
000012a7  PCM_IRQHandler                
000012a7  PORT1_IRQHandler              
000012a7  PORT2_IRQHandler              
000012a7  PORT3_IRQHandler              
000012a7  PORT4_IRQHandler              
000012a7  PORT5_IRQHandler              
000012a7  PORT6_IRQHandler              
000012a7  PSS_IRQHandler                
000012a7  PendSV_Handler                
000012a7  RTC_C_IRQHandler              
000012a7  SVC_Handler                   
000012a7  SysTick_Handler               
000012a7  T32_INT1_IRQHandler           
000012a7  T32_INT2_IRQHandler           
000012a7  T32_INTC_IRQHandler           
000012a7  TA0_0_IRQHandler              
000012a7  TA0_N_IRQHandler              
000012a7  TA1_0_IRQHandler              
000012a7  TA1_N_IRQHandler              
000012a7  TA2_0_IRQHandler              
000012a7  TA2_N_IRQHandler              
000012a7  TA3_0_IRQHandler              
000012a7  TA3_N_IRQHandler              
000012a7  UsageFault_Handler            
000012a7  WDT_A_IRQHandler              
000012a9  _system_pre_init              
000012ad  C$$EXIT                       
000012ad  abort                         
000012e0  __TI_Handler_Table_Base       
000012ec  __TI_Handler_Table_Limit      
00001300  __TI_CINIT_Base               
00001310  __TI_CINIT_Limit              
20000000  __start___llvm_prf_cnts       
20000000  __stop___llvm_prf_cnts        
20000008  aclk                          
2000000c  bclk                          
20000010  hsmclk                        
20000014  mclk                          
20000018  smclk                         
2000001c  SystemCoreClock               
2000f800  __stack                       
20010000  __STACK_END                   
4000480c  WDTCTL_SYM                    
ffffffff  __TI_pprof_out_hndl           
ffffffff  __TI_prof_data_size           
ffffffff  __TI_prof_data_start          
ffffffff  __binit__                     
ffffffff  __c_args__                    
ffffffff  binit                         
UNDEFED   __mpu_init                    
UNDEFED   _system_post_cinit            

[115 symbols]
