******************************************************************************
                  TI ARM Linker PC v20.2.6                     
******************************************************************************
>> Linked Thu Aug 10 19:22:31 2023

OUTPUT FILE NAME:   <MSP432_IEEE_RSLK.out>
ENTRY POINT SYMBOL: "_c_int00_noargs"  address: 000051d1


MEMORY CONFIGURATION

         name            origin    length      used     unused   attr    fill
----------------------  --------  ---------  --------  --------  ----  --------
  MAIN                  00000000   00040000  00005c80  0003a380  R  X
  INFO                  00200000   00004000  00000000  00004000  R  X
  SRAM_CODE             01000000   00010000  00002d43  0000d2bd  RW X
  SRAM_DATA             20000000   00010000  00002d43  0000d2bd  RW  


SEGMENT ALLOCATION MAP

run origin  load origin   length   init length attrs members
----------  ----------- ---------- ----------- ----- -------
00000000    00000000    00005c80   00005c80    r-x
  00000000    00000000    000000e4   000000e4    r-- .intvecs
  000000e4    000000e4    00005704   00005704    r-x .text
  000057e8    000057e8    00000438   00000438    r-- .const
  00005c20    00005c20    00000060   00000060    r-- .cinit
20000000    20000000    00002546   00000000    rw-
  20000000    20000000    00002451   00000000    rw- .bss
  20002454    20002454    000000f2   00000000    rw- .data
2000f800    2000f800    00000800   00000000    rw-
  2000f800    2000f800    00000800   00000000    rw- .stack


SECTION ALLOCATION MAP

 output                                  attributes/
section   page    origin      length       input sections
--------  ----  ----------  ----------   ----------------
.intvecs   0    00000000    000000e4     
                  00000000    000000e4     startup_msp432p401r_ccs.obj (.intvecs:retain)

.text      0    000000e4    00005704     
                  000000e4    00000a4e     rtsv7M4_T_le_v4SPD16_eabi.lib : _printfi.c.obj (.text:__TI_printfi)
                  00000b32    00000002                                   : _lock.c.obj (.text:_nop)
                  00000b34    00000a48     Functions.obj (.text)
                  0000157c    000009c8     RSLK.obj (.text)
                  00001f44    00000384     FINAL_A.obj (.text)
                  000022c8    00000380     NRF24.obj (.text)
                  00002648    00000334     system_msp432p401r.obj (.text)
                  0000297c    0000028a     msp432p4xx_driverlib.lib : pcm.o (.text:__PCM_setPowerStateAdvanced)
                  00002c06    00000002     rtsv7M4_T_le_v4SPD16_eabi.lib : div0.asm.obj (.text)
                  00002c08    00000270                                   : _printfi.c.obj (.text:_pconv_a)
                  00002e78    000001d0                                   : _printfi.c.obj (.text:_pconv_g)
                  00003048    000001b6                                   : fd_add_t2.asm.obj (.text)
                  000031fe    00000002     --HOLE-- [fill = 0]
                  00003200    0000015c     msp432p4xx_driverlib.lib : pcm.o (.text:__PCM_setPowerModeAdvanced)
                  0000335c    00000144                              : timer_a.o (.text:privateTimer_AProcessClockSourceDivider)
                  000034a0    0000013c     rtsv7M4_T_le_v4SPD16_eabi.lib : _printfi.c.obj (.text:_pconv_e)
                  000035dc    00000136                                   : fd_div_t2.asm.obj (.text)
                  00003712    00000002     --HOLE-- [fill = 0]
                  00003714    00000130     msp432p4xx_driverlib.lib : cs.o (.text:CS_initClockSignal)
                  00003844    00000124     rtsv7M4_T_le_v4SPD16_eabi.lib : _printfi.c.obj (.text:fcvt)
                  00003968    0000011c     msp432p4xx_driverlib.lib : uart.o (.text:UART_initModule)
                  00003a84    00000110     rtsv7M4_T_le_v4SPD16_eabi.lib : s_scalbn.c.obj (.text:scalbn)
                  00003b94    00000108     msp432p4xx_driverlib.lib : pcm.o (.text:__PCM_setCoreVoltageLevelAdvanced)
                  00003c9c    00000104                              : cs.o (.text:_CSComputeCLKFrequency)
                  00003da0    000000fc     rtsv7M4_T_le_v4SPD16_eabi.lib : fd_mul_t2.asm.obj (.text)
                  00003e9c    000000f8     msp432p4xx_driverlib.lib : cs.o (.text:CS_getDCOFrequency)
                  00003f94    000000e4                              : cs.o (.text:CS_startHFXTWithTimeout)
                  00004078    000000dc                              : cs.o (.text:_CSGetHFXTFrequency)
                  00004154    000000b1     rtsv7M4_T_le_v4SPD16_eabi.lib : _printfi.c.obj (.text:_ltostr)
                  00004205    00000001     --HOLE-- [fill = 0]
                  00004206    0000009c                                   : memcpy_t2.asm.obj (.text)
                  000042a2    00000096                                   : ull_div_t2.asm.obj (.text)
                  00004338    00000094     msp432p4xx_driverlib.lib : sysctl_a.o (.text:SysCtl_A_getTLVInfo)
                  000043cc    00000088                              : gpio.o (.text:GPIO_setAsPeripheralModuleFunctionInputPin)
                  00004454    00000088                              : gpio.o (.text:GPIO_setAsPeripheralModuleFunctionOutputPin)
                  000044dc    00000086     rtsv7M4_T_le_v4SPD16_eabi.lib : fd_cmp_t2.asm.obj (.text:__aeabi_cdcmple)
                  00004562    00000086                                   : fd_cmp_t2.asm.obj (.text:__aeabi_cdrcmple)
                  000045e8    00000084     msp432p4xx_driverlib.lib : gpio.o (.text:GPIO_getEnabledInterruptStatus)
                  0000466c    00000084                              : pcm.o (.text:PCM_gotoLPM3)
                  000046f0    00000080                              : interrupt.o (.text:Interrupt_enableInterrupt)
                  00004770    0000007c                              : cs.o (.text:_CSGetDOCFrequency)
                  000047ec    0000007a     rtsv7M4_T_le_v4SPD16_eabi.lib : memset_t2.asm.obj (.text)
                  00004866    00000002     --HOLE-- [fill = 0]
                  00004868    00000074     msp432p4xx_driverlib.lib : timer_a.o (.text:Timer_A_generatePWM)
                  000048dc    0000006e     rtsv7M4_T_le_v4SPD16_eabi.lib : _printfi.c.obj (.text:_mcpy)
                  0000494a    0000006e                                   : fd_tos_t2.asm.obj (.text)
                  000049b8    00000068     msp432p4xx_driverlib.lib : timer32.o (.text:Timer32_initModule)
                  00004a20    00000068     rtsv7M4_T_le_v4SPD16_eabi.lib : copy_decompress_lzss.c.obj (.text:decompress:lzss:__TI_decompress_lzss)
                  00004a88    00000064                                   : s_frexp.c.obj (.text:frexp)
                  00004aec    00000062     msp432p4xx_driverlib.lib : cs.o (.text:_CSGetDividerValue)
                  00004b4e    0000005e                              : pcm.o (.text:PCM_getCoreVoltageLevel)
                  00004bac    0000005a                              : pcm.o (.text:PCM_getPowerMode)
                  00004c06    00000002     --HOLE-- [fill = 0]
                  00004c08    00000058                              : gpio.o (.text:GPIO_setAsInputPinWithPullUpResistor)
                  00004c60    00000058                              : timer_a.o (.text:Timer_A_initCapture)
                  00004cb8    00000056     rtsv7M4_T_le_v4SPD16_eabi.lib : _printfi.c.obj (.text:_pconv_f)
                  00004d0e    00000002     --HOLE-- [fill = 0]
                  00004d10    00000054     msp432p4xx_driverlib.lib : pcm.o (.text:PCM_shutdownDevice)
                  00004d64    00000054     rtsv7M4_T_le_v4SPD16_eabi.lib : _ltoa.c.obj (.text:__TI_ltoa)
                  00004db8    00000052                                   : _printfi.c.obj (.text:_ecpy)
                  00004e0a    00000002     --HOLE-- [fill = 0]
                  00004e0c    0000004c     msp432p4xx_driverlib.lib : gpio.o (.text:GPIO_setAsInputPin)
                  00004e58    0000004c     rtsv7M4_T_le_v4SPD16_eabi.lib : atoi.c.obj (.text:atoi)
                  00004ea4    0000004c                                   : snprintf.c.obj (.text:snprintf)
                  00004ef0    00000048     msp432p4xx_driverlib.lib : flash.o (.text:FlashCtl_setWaitState)
                  00004f38    00000048     rtsv7M4_T_le_v4SPD16_eabi.lib : fd_toi_t2.asm.obj (.text)
                  00004f80    00000044                                   : autoinit.c.obj (.text:__TI_auto_init_nobinit_nopinit:__TI_auto_init_nobinit_nopinit)
                  00004fc4    00000044                                   : fd_tou_t2.asm.obj (.text)
                  00005008    00000040     msp432p4xx_driverlib.lib : gpio.o (.text:GPIO_setAsOutputPin)
                  00005048    0000003e     rtsv7M4_T_le_v4SPD16_eabi.lib : _printfi.c.obj (.text:_fcpy)
                  00005086    00000002     --HOLE-- [fill = 0]
                  00005088    0000003c     msp432p4xx_driverlib.lib : gpio.o (.text:GPIO_interruptEdgeSelect)
                  000050c4    00000038                              : timer32.o (.text:Timer32_startTimer)
                  000050fc    00000038     rtsv7M4_T_le_v4SPD16_eabi.lib : fs_tod_t2.asm.obj (.text)
                  00005134    00000034     msp432p4xx_driverlib.lib : timer32.o (.text:Timer32_setCount)
                  00005168    00000034                              : timer_a.o (.text:Timer_A_configureContinuousMode)
                  0000519c    00000034                              : uart.o (.text:UART_transmitData)
                  000051d0    00000034     rtsv7M4_T_le_v4SPD16_eabi.lib : boot_cortex_m.c.obj (.text:_c_int00_noargs:_c_int00_noargs)
                  00005204    00000034                                   : rand.c.obj (.text:rand)
                  00005238    00000030     msp432p4xx_driverlib.lib : cs.o (.text:CS_clearInterruptFlag)
                  00005268    00000030                              : gpio.o (.text:GPIO_getInputPinValue)
                  00005298    00000030                              : uart.o (.text:UART_receiveData)
                  000052c8    00000030     rtsv7M4_T_le_v4SPD16_eabi.lib : snprintf.c.obj (.text:_outs)
                  000052f8    0000002e                                   : i_tofd_t2.asm.obj (.text)
                  00005326    00000002     --HOLE-- [fill = 0]
                  00005328    0000002c     msp432p4xx_driverlib.lib : rtc_c.o (.text:RTC_C_holdClock)
                  00005354    0000002c                              : timer_a.o (.text:Timer_A_clearCaptureCompareInterrupt)
                  00005380    00000028                              : cs.o (.text:CS_getMCLK)
                  000053a8    00000028                              : cs.o (.text:CS_getSMCLK)
                  000053d0    00000028                              : gpio.o (.text:GPIO_clearInterruptFlag)
                  000053f8    00000028                              : gpio.o (.text:GPIO_enableInterrupt)
                  00005420    00000028                              : gpio.o (.text:GPIO_setOutputHighOnPin)
                  00005448    00000028                              : gpio.o (.text:GPIO_setOutputLowOnPin)
                  00005470    00000028                              : pcm.o (.text:PCM_gotoLPM0)
                  00005498    00000028                              : timer_a.o (.text:Timer_A_setCompareValue)
                  000054c0    00000024                              : gpio.o (.text:GPIO_getInterruptStatus)
                  000054e4    00000024                              : wdt_a.o (.text:WDT_A_holdTimer)
                  00005508    00000022                              : timer_a.o (.text:Timer_A_getCaptureCompareCount)
                  0000552a    00000002     --HOLE-- [fill = 0]
                  0000552c    00000020                              : cs.o (.text:CS_setExternalClockSourceFrequency)
                  0000554c    00000020     rtsv7M4_T_le_v4SPD16_eabi.lib : u_tofd_t2.asm.obj (.text)
                  0000556c    0000001c                                   : memccpy.c.obj (.text:memccpy)
                  00005588    0000001a                                   : s_copysign.c.obj (.text:copysign)
                  000055a2    00000002     --HOLE-- [fill = 0]
                  000055a4    00000018     msp432p4xx_driverlib.lib : fpu.o (.text:FPU_enableModule)
                  000055bc    00000018                              : sysctl_a.o (.text:SysCtl_A_disableNMISource)
                  000055d4    00000018                              : sysctl_a.o (.text:SysCtl_A_enableNMISource)
                  000055ec    00000018                              : systick.o (.text:SysTick_setPeriod)
                  00005604    00000018                              : uart.o (.text:UART_getInterruptStatus)
                  0000561c    00000018     rtsv7M4_T_le_v4SPD16_eabi.lib : snprintf.c.obj (.text:_outc)
                  00005634    00000016     msp432p4xx_driverlib.lib : timer_a.o (.text:Timer_A_startCounter)
                  0000564a    00000016                              : uart.o (.text:UART_clearInterruptFlag)
                  00005660    00000016                              : uart.o (.text:UART_enableModule)
                  00005676    00000016     rtsv7M4_T_le_v4SPD16_eabi.lib : strchr.c.obj (.text:strchr)
                  0000568c    00000014     msp432p4xx_driverlib.lib : pcm.o (.text:PCM_getPowerState)
                  000056a0    00000014                              : timer32.o (.text:Timer32_clearInterruptFlag)
                  000056b4    00000014                              : timer32.o (.text:Timer32_enableInterrupt)
                  000056c8    00000014     rtsv7M4_T_le_v4SPD16_eabi.lib : strlen.c.obj (.text:strlen)
                  000056dc    00000012     msp432p4xx_driverlib.lib : cs.o (.text:CS_startHFXT)
                  000056ee    00000012     rtsv7M4_T_le_v4SPD16_eabi.lib : wcslen.c.obj (.text:wcslen)
                  00005700    00000010     msp432p4xx_driverlib.lib : fpu.o (.text:FPU_enableLazyStacking)
                  00005710    00000010                              : interrupt.o (.text:Interrupt_enableMaster)
                  00005720    00000010                              : pcm.o (.text:PCM_gotoLPM4)
                  00005730    00000010                              : pcm.o (.text:PCM_setPowerMode)
                  00005740    00000010                              : pcm.o (.text:PCM_setPowerState)
                  00005750    00000010                              : sysctl_a.o (.text:SysCtl_A_getNMISourceStatus)
                  00005760    00000010                              : systick.o (.text:SysTick_disableInterrupt)
                  00005770    00000010                              : systick.o (.text:SysTick_disableModule)
                  00005780    00000010                              : systick.o (.text:SysTick_enableInterrupt)
                  00005790    00000010                              : systick.o (.text:SysTick_enableModule)
                  000057a0    0000000e     rtsv7M4_T_le_v4SPD16_eabi.lib : copy_decompress_none.c.obj (.text:decompress:none:__TI_decompress_none)
                  000057ae    0000000e     startup_msp432p401r_ccs.obj (.text)
                  000057bc    0000000c     msp432p4xx_driverlib.lib : cpu.o (.text:CPU_cpsie)
                  000057c8    0000000c     rtsv7M4_T_le_v4SPD16_eabi.lib : copy_zero_init.c.obj (.text:decompress:ZI:__TI_zero_init)
                  000057d4    00000008                                   : errno.c.obj (.text:__aeabi_errno_addr)
                  000057dc    00000004     msp432p4xx_driverlib.lib : cpu.o (.text:CPU_wfi)
                  000057e0    00000004     rtsv7M4_T_le_v4SPD16_eabi.lib : pre_init.c.obj (.text:_system_pre_init)
                  000057e4    00000004                                   : exit.c.obj (.text:abort:abort)

.const     0    000057e8    00000438     
                  000057e8    00000244     FINAL_A.obj (.const:.string)
                  00005a2c    00000101     rtsv7M4_T_le_v4SPD16_eabi.lib : ctype.c.obj (.const:.string:_ctypes_)
                  00005b2d    00000003     --HOLE-- [fill = 0]
                  00005b30    00000030     msp432p4xx_driverlib.lib : gpio.o (.const:GPIO_PORT_TO_BASE)
                  00005b60    00000028     Functions.obj (.const:$P$T1$2)
                  00005b88    00000020     Functions.obj (.const:$P$T0$1)
                  00005ba8    00000018     Functions.obj (.const:$P$T2$3)
                  00005bc0    00000018     Functions.obj (.const:$P$T3$4)
                  00005bd8    00000018     Functions.obj (.const:$P$T5$6)
                  00005bf0    00000018     Functions.obj (.const:$P$T6$7)
                  00005c08    00000010     Functions.obj (.const:$P$T4$5)
                  00005c18    00000008     msp432p4xx_driverlib.lib : interrupt.o (.const:g_pulEnRegs)

.cinit     0    00005c20    00000060     
                  00005c20    00000035     (.cinit..data.load) [load image, compression = lzss]
                  00005c55    00000003     --HOLE-- [fill = 0]
                  00005c58    0000000c     (__TI_handler_table)
                  00005c64    00000004     --HOLE-- [fill = 0]
                  00005c68    00000008     (.cinit..bss.load) [load image, compression = zero_init]
                  00005c70    00000010     (__TI_cinit_table)

.init_array 
*          0    00000000    00000000     UNINITIALIZED

.binit     0    00000000    00000000     

.bss       0    20000000    00002451     UNINITIALIZED
                  20000000    00000fa0     (.common:drone)
                  20000fa0    00000fa0     (.common:stop)
                  20001f40    000003e8     (.common:received)
                  20002328    000000c8     (.common:strBuffer)
                  200023f0    00000020     (.common:read_PAYLOAD)
                  20002410    00000010     (.common:Left)
                  20002420    00000010     (.common:Right)
                  20002430    00000008     msp432p4xx_driverlib.lib : cs.o (.bss)
                  20002438    00000008     (.common:L_CTRL)
                  20002440    00000008     (.common:R_CTRL)
                  20002448    00000004     (.common:clockMCLK)
                  2000244c    00000004     (.common:clockSMCLK)
                  20002450    00000001     (.common:status_reg)

.data      0    20002454    000000f2     UNINITIALIZED
                  20002454    00000028     FINAL_A.obj (.data)
                  2000247c    00000020     FINAL_A.obj (.data:start)
                  2000249c    00000014     FINAL_A.obj (.data:autoDisplayText)
                  200024b0    00000014     FINAL_A.obj (.data:errorDisplayText)
                  200024c4    00000014     FINAL_A.obj (.data:fatalDisplayText)
                  200024d8    00000014     FINAL_A.obj (.data:initDisplayText)
                  200024ec    00000014     FINAL_A.obj (.data:manualDisplayText)
                  20002500    00000014     FINAL_A.obj (.data:txDisplayText)
                  20002514    00000008     rtsv7M4_T_le_v4SPD16_eabi.lib : _lock.c.obj (.data:$O1$$)
                  2000251c    00000008     FINAL_A.obj (.data:LIVE)
                  20002524    00000008     FINAL_A.obj (.data:S1)
                  2000252c    00000006     FINAL_A.obj (.data:address_P0)
                  20002532    00000001     FINAL_A.obj (.data:clr_status)
                  20002533    00000001     FINAL_A.obj (.data:configregisterRX)
                  20002534    00000004     rtsv7M4_T_le_v4SPD16_eabi.lib : errno.c.obj (.data)
                  20002538    00000004                                   : rand.c.obj (.data)
                  2000253c    00000004     system_msp432p401r.obj (.data)
                  20002540    00000001     FINAL_A.obj (.data:configregisterTX)
                  20002541    00000001     FINAL_A.obj (.data:en_aa_register)
                  20002542    00000001     FINAL_A.obj (.data:rf_chanregister)
                  20002543    00000001     FINAL_A.obj (.data:rf_setupregister)
                  20002544    00000001     FINAL_A.obj (.data:rx_pw_register)
                  20002545    00000001     FINAL_A.obj (.data:setup_retr_register)

.stack     0    2000f800    00000800     UNINITIALIZED
                  2000f800    00000004     rtsv7M4_T_le_v4SPD16_eabi.lib : boot_cortex_m.c.obj (.stack)
                  2000f804    000007fc     --HOLE--

__llvm_prf_cnts 
*          0    20000000    00000000     UNINITIALIZED

MODULE SUMMARY

       Module                        code    ro data   rw data
       ------                        ----    -------   -------
    .\
       FINAL_A.obj                   900     580       19022  
       system_msp432p401r.obj        820     0         8      
       startup_msp432p401r_ccs.obj   14      228       0      
    +--+-----------------------------+-------+---------+---------+
       Total:                        1734    808       19030  
                                                              
    .\Drivers\
       Functions.obj                 2632    184       0      
       RSLK.obj                      2504    0         0      
       NRF24.obj                     896     0         0      
    +--+-----------------------------+-------+---------+---------+
       Total:                        6032    184       0      
                                                              
    C:/ti/simplelink_msp432p4_sdk_3_40_01_02/source/ti/devices/msp432p4xx/driverlib/ccs/msp432p4xx_driverlib.lib
       pcm.o                         1770    0         0      
       cs.o                          1660    0         16     
       gpio.o                        936     48        0      
       timer_a.o                     720     0         0      
       uart.o                        452     0         0      
       timer32.o                     252     0         0      
       sysctl_a.o                    212     0         0      
       interrupt.o                   144     8         0      
       systick.o                     88      0         0      
       flash.o                       72      0         0      
       rtc_c.o                       44      0         0      
       fpu.o                         40      0         0      
       wdt_a.o                       36      0         0      
       cpu.o                         16      0         0      
    +--+-----------------------------+-------+---------+---------+
       Total:                        6442    56        16     
                                                              
    C:\ti\ccs1200\ccs\tools\compiler\ti-cgt-arm_20.2.6.LTS\lib\rtsv7M4_T_le_v4SPD16_eabi.lib
       _printfi.c.obj                4851    0         0      
       fd_add_t2.asm.obj             438     0         0      
       fd_div_t2.asm.obj             310     0         0      
       s_scalbn.c.obj                272     0         0      
       fd_cmp_t2.asm.obj             268     0         0      
       ctype.c.obj                   0       257       0      
       fd_mul_t2.asm.obj             252     0         0      
       memcpy_t2.asm.obj             156     0         0      
       ull_div_t2.asm.obj            150     0         0      
       snprintf.c.obj                148     0         0      
       memset_t2.asm.obj             122     0         0      
       fd_tos_t2.asm.obj             110     0         0      
       copy_decompress_lzss.c.obj    104     0         0      
       s_frexp.c.obj                 100     0         0      
       _ltoa.c.obj                   84      0         0      
       atoi.c.obj                    76      0         0      
       fd_toi_t2.asm.obj             72      0         0      
       autoinit.c.obj                68      0         0      
       fd_tou_t2.asm.obj             68      0         0      
       rand.c.obj                    52      0         8      
       fs_tod_t2.asm.obj             56      0         0      
       boot_cortex_m.c.obj           52      0         0      
       i_tofd_t2.asm.obj             46      0         0      
       u_tofd_t2.asm.obj             32      0         0      
       memccpy.c.obj                 28      0         0      
       s_copysign.c.obj              26      0         0      
       strchr.c.obj                  22      0         0      
       strlen.c.obj                  20      0         0      
       _lock.c.obj                   2       0         16     
       wcslen.c.obj                  18      0         0      
       errno.c.obj                   8       0         8      
       copy_decompress_none.c.obj    14      0         0      
       copy_zero_init.c.obj          12      0         0      
       exit.c.obj                    4       0         0      
       pre_init.c.obj                4       0         0      
       div0.asm.obj                  2       0         0      
    +--+-----------------------------+-------+---------+---------+
       Total:                        8047    257       32     
                                                              
       Stack:                        0       0         4096   
       Linker Generated:             0       89        0      
    +--+-----------------------------+-------+---------+---------+
       Grand Total:                  22255   1394      23174  


LINKER GENERATED COPY TABLES

__TI_cinit_table @ 00005c70 records: 2, size/record: 8, table size: 16
	.data: load addr=00005c20, load size=00000035 bytes, run addr=20002454, run size=000000f2 bytes, compression=lzss
	.bss: load addr=00005c68, load size=00000008 bytes, run addr=20000000, run size=00002451 bytes, compression=zero_init


LINKER GENERATED HANDLER TABLE

__TI_handler_table @ 00005c58 records: 3, size/record: 4, table size: 12
	index: 0, handler: __TI_decompress_lzss
	index: 1, handler: __TI_decompress_none
	index: 2, handler: __TI_zero_init


GLOBAL SYMBOLS: SORTED ALPHABETICALLY BY Name 

address   name                                       
-------   ----                                       
000057bb  ADC14_IRQHandler                           
000057bb  AES256_IRQHandler                          
000057bb  BusFault_Handler                           
000057e5  C$$EXIT                                    
20002455  CALC_ROUTE                                 
0000230f  CE_Off                                     
00002303  CE_On                                      
000057bb  COMP_E0_IRQHandler                         
000057bb  COMP_E1_IRQHandler                         
00000e47  CONTROL                                    
000057bd  CPU_cpsie                                  
000057dd  CPU_wfi                                    
00002327  CSN_Off                                    
0000231b  CSN_On                                     
000057bb  CS_IRQHandler                              
00005239  CS_clearInterruptFlag                      
00003e9d  CS_getDCOFrequency                         
00005381  CS_getMCLK                                 
000053a9  CS_getSMCLK                                
00003715  CS_initClockSignal                         
0000552d  CS_setExternalClockSourceFrequency         
000056dd  CS_startHFXT                               
00003f95  CS_startHFXTWithTimeout                    
00001dfb  Cal_Path                                   
000057bb  DMA_ERR_IRQHandler                         
000057bb  DMA_INT0_IRQHandler                        
000057bb  DMA_INT1_IRQHandler                        
000057bb  DMA_INT2_IRQHandler                        
000057bb  DMA_INT3_IRQHandler                        
000057bb  DebugMon_Handler                           
000057bb  Default_Handler                            
000057bb  EUSCIA0_IRQHandler                         
000057bb  EUSCIA1_IRQHandler                         
000057bb  EUSCIA2_IRQHandler                         
000057bb  EUSCIA3_IRQHandler                         
000057bb  EUSCIB0_IRQHandler                         
000057bb  EUSCIB1_IRQHandler                         
000057bb  EUSCIB2_IRQHandler                         
000057bb  EUSCIB3_IRQHandler                         
000057bb  FLCTL_IRQHandler                           
000057bb  FPU_IRQHandler                             
00005701  FPU_enableLazyStacking                     
000055a5  FPU_enableModule                           
00004ef1  FlashCtl_setWaitState                      
000053d1  GPIO_clearInterruptFlag                    
000053f9  GPIO_enableInterrupt                       
000045e9  GPIO_getEnabledInterruptStatus             
00005269  GPIO_getInputPinValue                      
000054c1  GPIO_getInterruptStatus                    
00005089  GPIO_interruptEdgeSelect                   
00004e0d  GPIO_setAsInputPin                         
00004c09  GPIO_setAsInputPinWithPullUpResistor       
00005009  GPIO_setAsOutputPin                        
000043cd  GPIO_setAsPeripheralModuleFunctionInputPin 
00004455  GPIO_setAsPeripheralModuleFunctionOutputPin
00005421  GPIO_setOutputHighOnPin                    
00005449  GPIO_setOutputLowOnPin                     
00001a77  Gen_Rand_Num                               
000057bb  HardFault_Handler                          
20002468  ITTERATIONS                                
00002361  Instruction_Byte_MSB_First                 
000046f1  Interrupt_enableInterrupt                  
00005711  Interrupt_enableMaster                     
20002464  LED                                        
2000251c  LIVE                                       
20002438  L_CTRL                                     
20002410  Left                                       
00001711  MSG                                        
000018d5  MTR_SEL                                    
00001a09  MTR_STOP                                   
00001a3d  MTR_SYNC                                   
000057bb  MemManage_Handler                          
2000245c  Mode                                       
000057bb  NMI_Handler                                
00001a99  PAUSE                                      
000057bb  PCM_IRQHandler                             
00004b4f  PCM_getCoreVoltageLevel                    
00004bad  PCM_getPowerMode                           
0000568d  PCM_getPowerState                          
00005471  PCM_gotoLPM0                               
0000466d  PCM_gotoLPM3                               
00005721  PCM_gotoLPM4                               
00005731  PCM_setPowerMode                           
00005741  PCM_setPowerState                          
00004d11  PCM_shutdownDevice                         
00001f93  PORT1_IRQHandler                           
00001f93  PORT1_IRQHandler                           
000057bb  PORT2_IRQHandler                           
000057bb  PORT3_IRQHandler                           
000057bb  PORT4_IRQHandler                           
000057bb  PORT5_IRQHandler                           
000057bb  PORT6_IRQHandler                           
000057bb  PSS_IRQHandler                             
00001921  PWM_CTL                                    
000057bb  PendSV_Handler                             
000013c9  RFch                                       
000057bb  RTC_C_IRQHandler                           
00005329  RTC_C_holdClock                            
000024f5  RXNRF24                                    
00001403  RX_PW0                                     
00001425  RX_PW1                                     
00001449  RX_PW2                                     
00001469  RX_PW3                                     
00001483  RX_PW4                                     
000014a1  RX_PW5                                     
00001391  RXaddress_P0                               
20002440  R_CTRL                                     
00001ccd  Ran_Path                                   
000023b5  Read_Byte_MSB_First                        
000057af  Reset_Handler                              
20002420  Right                                      
20002524  S1                                         
000022c9  SCLK_Pulse                                 
20002457  SEND                                       
20002456  SEND_ROUTE                                 
000057bb  SVC_Handler                                
000022df  Send_Bit                                   
000055bd  SysCtl_A_disableNMISource                  
000055d5  SysCtl_A_enableNMISource                   
00005751  SysCtl_A_getNMISourceStatus                
00004339  SysCtl_A_getTLVInfo                        
00001f45  SysTick_Handler                            
00001f45  SysTick_Handler                            
00005761  SysTick_disableInterrupt                   
00005771  SysTick_disableModule                      
00005781  SysTick_enableInterrupt                    
00005791  SysTick_enableModule                       
000055ed  SysTick_setPeriod                          
2000253c  SystemCoreClock                            
00002649  SystemCoreClockUpdate                      
000028c1  SystemInit                                 
00002049  T32_INT1_IRQHandler                        
00002049  T32_INT1_IRQHandler                        
00002081  T32_INT2_IRQHandler                        
00002081  T32_INT2_IRQHandler                        
000057bb  T32_INTC_IRQHandler                        
000057bb  TA0_0_IRQHandler                           
000057bb  TA0_N_IRQHandler                           
000057bb  TA1_0_IRQHandler                           
000057bb  TA1_N_IRQHandler                           
000057bb  TA2_0_IRQHandler                           
000057bb  TA2_N_IRQHandler                           
000020f3  TA3_0_IRQHandler                           
000020f3  TA3_0_IRQHandler                           
0000208b  TA3_N_IRQHandler                           
0000208b  TA3_N_IRQHandler                           
0000259d  TXNRF24                                    
20002454  TX_RX                                      
000013ab  TXaddress_P0                               
000056a1  Timer32_clearInterruptFlag                 
000056b5  Timer32_enableInterrupt                    
000049b9  Timer32_initModule                         
00005135  Timer32_setCount                           
000050c5  Timer32_startTimer                         
00005355  Timer_A_clearCaptureCompareInterrupt       
00005169  Timer_A_configureContinuousMode            
00004869  Timer_A_generatePWM                        
00005509  Timer_A_getCaptureCompareCount             
00004c61  Timer_A_initCapture                        
00005499  Timer_A_setCompareValue                    
00005635  Timer_A_startCounter                       
0000564b  UART_clearInterruptFlag                    
00005661  UART_enableModule                          
00005605  UART_getInterruptStatus                    
00003969  UART_initModule                            
00005299  UART_receiveData                           
0000519d  UART_transmitData                          
000057bb  UsageFault_Handler                         
4000480c  WDTCTL_SYM                                 
000057bb  WDT_A_IRQHandler                           
000054e5  WDT_A_holdTimer                            
00002333  Write_Byte                                 
0000241f  Write_Byte_MSB_First                       
0000246f  Write_Payload_MSB_First                    
20010000  __STACK_END                                
00000800  __STACK_SIZE                               
00005c70  __TI_CINIT_Base                            
00005c80  __TI_CINIT_Limit                           
00005c58  __TI_Handler_Table_Base                    
00005c64  __TI_Handler_Table_Limit                   
00004f81  __TI_auto_init_nobinit_nopinit             
00004a21  __TI_decompress_lzss                       
000057a1  __TI_decompress_none                       
00004d65  __TI_ltoa                                  
ffffffff  __TI_pprof_out_hndl                        
000000e5  __TI_printfi                               
ffffffff  __TI_prof_data_size                        
ffffffff  __TI_prof_data_start                       
00000000  __TI_static_base__                         
000057c9  __TI_zero_init                             
000044dd  __aeabi_cdcmpeq                            
000044dd  __aeabi_cdcmple                            
00004563  __aeabi_cdrcmple                           
0000494b  __aeabi_d2f                                
00004f39  __aeabi_d2iz                               
00004fc5  __aeabi_d2uiz                              
00003053  __aeabi_dadd                               
000035dd  __aeabi_ddiv                               
00003da1  __aeabi_dmul                               
00003049  __aeabi_dsub                               
000057d5  __aeabi_errno_addr                         
000050fd  __aeabi_f2d                                
000052f9  __aeabi_i2d                                
00002c07  __aeabi_idiv0                              
00002c07  __aeabi_ldiv0                              
000047ed  __aeabi_memclr                             
000047ed  __aeabi_memclr4                            
000047ed  __aeabi_memclr8                            
00004207  __aeabi_memcpy                             
00004207  __aeabi_memcpy4                            
00004207  __aeabi_memcpy8                            
000047ef  __aeabi_memset                             
000047ef  __aeabi_memset4                            
000047ef  __aeabi_memset8                            
0000554d  __aeabi_ui2d                               
000042a3  __aeabi_uldivmod                           
ffffffff  __binit__                                  
ffffffff  __c_args__                                 
UNDEFED   __mpu_init                                 
2000f800  __stack                                    
20000000  __start___llvm_prf_cnts                    
20000000  __stop___llvm_prf_cnts                     
000051d1  _c_int00_noargs                            
00005a2c  _ctypes_                                   
20002514  _lock                                      
00000b33  _nop                                       
UNDEFED   _system_post_cinit                         
000057e1  _system_pre_init                           
20002518  _unlock                                    
000057e5  abort                                      
2000252c  address_P0                                 
00004e59  atoi                                       
2000249c  autoDisplayText                            
00000b35  autoPilot                                  
ffffffff  binit                                      
20002460  buttonS2_pressed                           
20002448  clockMCLK                                  
2000244c  clockSMCLK                                 
20002532  clr_status                                 
0000180d  colorcycle                                 
20002533  configregisterRX                           
20002540  configregisterTX                           
00005589  copysign                                   
00005589  copysignl                                  
0000184d  dirChange                                  
20000000  drone                                      
20002541  en_aa_register                             
000014dd  enterRX                                    
000014bb  enterTX                                    
20002534  errno                                      
200024b0  errorDisplayText                           
200024c4  fatalDisplayText                           
00004a89  frexp                                      
00004a89  frexpl                                     
000019b5  infoPrint                                  
0000135d  initAA                                     
00001135  initDebugUART                              
00000f91  initDevice_HFXT                            
200024d8  initDisplayText                            
00001019  initGPIO                                   
00001003  initLED                                    
0000117d  initMotors                                 
000013e9  initRETR                                   
00001377  initRF                                     
00001509  initRF24                                   
00001335  initSPI                                    
0000129d  initTachometers                            
000010b1  initTimer                                  
00000000  interruptVectors                           
00003a85  ldexp                                      
00003a85  ldexpl                                     
0000157d  leftMotor_activate                         
000015b5  leftMotor_run                              
00002161  main                                       
00000bc5  manuPilot                                  
200024ec  manualDisplayText                          
00000cb5  manualRemotePilot                          
0000556d  memccpy                                    
00004207  memcpy                                     
000047f5  memset                                     
00005205  rand                                       
200023f0  read_PAYLOAD                               
20001f40  received                                   
00000d95  remoteAutoPilot                            
20002542  rf_chanregister                            
20002543  rf_setupregister                           
00001599  rightMotor_activate                        
00001653  rightMotor_run                             
20002544  rx_pw_register                             
00003a85  scalbn                                     
00003a85  scalbnl                                    
20002545  setup_retr_register                        
00004ea5  snprintf                                   
2000247c  start                                      
0000130d  startTimer                                 
20002450  status_reg                                 
20000fa0  stop                                       
20002328  strBuffer                                  
00005677  strchr                                     
000056c9  strlen                                     
000016f1  tacho_calcSpeed                            
20002458  timed                                      
20002500  txDisplayText                              
00000f41  uart0_transmitStr                          
000056ef  wcslen                                     


GLOBAL SYMBOLS: SORTED BY Symbol Address 

address   name                                       
-------   ----                                       
00000000  __TI_static_base__                         
00000000  interruptVectors                           
000000e5  __TI_printfi                               
00000800  __STACK_SIZE                               
00000b33  _nop                                       
00000b35  autoPilot                                  
00000bc5  manuPilot                                  
00000cb5  manualRemotePilot                          
00000d95  remoteAutoPilot                            
00000e47  CONTROL                                    
00000f41  uart0_transmitStr                          
00000f91  initDevice_HFXT                            
00001003  initLED                                    
00001019  initGPIO                                   
000010b1  initTimer                                  
00001135  initDebugUART                              
0000117d  initMotors                                 
0000129d  initTachometers                            
0000130d  startTimer                                 
00001335  initSPI                                    
0000135d  initAA                                     
00001377  initRF                                     
00001391  RXaddress_P0                               
000013ab  TXaddress_P0                               
000013c9  RFch                                       
000013e9  initRETR                                   
00001403  RX_PW0                                     
00001425  RX_PW1                                     
00001449  RX_PW2                                     
00001469  RX_PW3                                     
00001483  RX_PW4                                     
000014a1  RX_PW5                                     
000014bb  enterTX                                    
000014dd  enterRX                                    
00001509  initRF24                                   
0000157d  leftMotor_activate                         
00001599  rightMotor_activate                        
000015b5  leftMotor_run                              
00001653  rightMotor_run                             
000016f1  tacho_calcSpeed                            
00001711  MSG                                        
0000180d  colorcycle                                 
0000184d  dirChange                                  
000018d5  MTR_SEL                                    
00001921  PWM_CTL                                    
000019b5  infoPrint                                  
00001a09  MTR_STOP                                   
00001a3d  MTR_SYNC                                   
00001a77  Gen_Rand_Num                               
00001a99  PAUSE                                      
00001ccd  Ran_Path                                   
00001dfb  Cal_Path                                   
00001f45  SysTick_Handler                            
00001f45  SysTick_Handler                            
00001f93  PORT1_IRQHandler                           
00001f93  PORT1_IRQHandler                           
00002049  T32_INT1_IRQHandler                        
00002049  T32_INT1_IRQHandler                        
00002081  T32_INT2_IRQHandler                        
00002081  T32_INT2_IRQHandler                        
0000208b  TA3_N_IRQHandler                           
0000208b  TA3_N_IRQHandler                           
000020f3  TA3_0_IRQHandler                           
000020f3  TA3_0_IRQHandler                           
00002161  main                                       
000022c9  SCLK_Pulse                                 
000022df  Send_Bit                                   
00002303  CE_On                                      
0000230f  CE_Off                                     
0000231b  CSN_On                                     
00002327  CSN_Off                                    
00002333  Write_Byte                                 
00002361  Instruction_Byte_MSB_First                 
000023b5  Read_Byte_MSB_First                        
0000241f  Write_Byte_MSB_First                       
0000246f  Write_Payload_MSB_First                    
000024f5  RXNRF24                                    
0000259d  TXNRF24                                    
00002649  SystemCoreClockUpdate                      
000028c1  SystemInit                                 
00002c07  __aeabi_idiv0                              
00002c07  __aeabi_ldiv0                              
00003049  __aeabi_dsub                               
00003053  __aeabi_dadd                               
000035dd  __aeabi_ddiv                               
00003715  CS_initClockSignal                         
00003969  UART_initModule                            
00003a85  ldexp                                      
00003a85  ldexpl                                     
00003a85  scalbn                                     
00003a85  scalbnl                                    
00003da1  __aeabi_dmul                               
00003e9d  CS_getDCOFrequency                         
00003f95  CS_startHFXTWithTimeout                    
00004207  __aeabi_memcpy                             
00004207  __aeabi_memcpy4                            
00004207  __aeabi_memcpy8                            
00004207  memcpy                                     
000042a3  __aeabi_uldivmod                           
00004339  SysCtl_A_getTLVInfo                        
000043cd  GPIO_setAsPeripheralModuleFunctionInputPin 
00004455  GPIO_setAsPeripheralModuleFunctionOutputPin
000044dd  __aeabi_cdcmpeq                            
000044dd  __aeabi_cdcmple                            
00004563  __aeabi_cdrcmple                           
000045e9  GPIO_getEnabledInterruptStatus             
0000466d  PCM_gotoLPM3                               
000046f1  Interrupt_enableInterrupt                  
000047ed  __aeabi_memclr                             
000047ed  __aeabi_memclr4                            
000047ed  __aeabi_memclr8                            
000047ef  __aeabi_memset                             
000047ef  __aeabi_memset4                            
000047ef  __aeabi_memset8                            
000047f5  memset                                     
00004869  Timer_A_generatePWM                        
0000494b  __aeabi_d2f                                
000049b9  Timer32_initModule                         
00004a21  __TI_decompress_lzss                       
00004a89  frexp                                      
00004a89  frexpl                                     
00004b4f  PCM_getCoreVoltageLevel                    
00004bad  PCM_getPowerMode                           
00004c09  GPIO_setAsInputPinWithPullUpResistor       
00004c61  Timer_A_initCapture                        
00004d11  PCM_shutdownDevice                         
00004d65  __TI_ltoa                                  
00004e0d  GPIO_setAsInputPin                         
00004e59  atoi                                       
00004ea5  snprintf                                   
00004ef1  FlashCtl_setWaitState                      
00004f39  __aeabi_d2iz                               
00004f81  __TI_auto_init_nobinit_nopinit             
00004fc5  __aeabi_d2uiz                              
00005009  GPIO_setAsOutputPin                        
00005089  GPIO_interruptEdgeSelect                   
000050c5  Timer32_startTimer                         
000050fd  __aeabi_f2d                                
00005135  Timer32_setCount                           
00005169  Timer_A_configureContinuousMode            
0000519d  UART_transmitData                          
000051d1  _c_int00_noargs                            
00005205  rand                                       
00005239  CS_clearInterruptFlag                      
00005269  GPIO_getInputPinValue                      
00005299  UART_receiveData                           
000052f9  __aeabi_i2d                                
00005329  RTC_C_holdClock                            
00005355  Timer_A_clearCaptureCompareInterrupt       
00005381  CS_getMCLK                                 
000053a9  CS_getSMCLK                                
000053d1  GPIO_clearInterruptFlag                    
000053f9  GPIO_enableInterrupt                       
00005421  GPIO_setOutputHighOnPin                    
00005449  GPIO_setOutputLowOnPin                     
00005471  PCM_gotoLPM0                               
00005499  Timer_A_setCompareValue                    
000054c1  GPIO_getInterruptStatus                    
000054e5  WDT_A_holdTimer                            
00005509  Timer_A_getCaptureCompareCount             
0000552d  CS_setExternalClockSourceFrequency         
0000554d  __aeabi_ui2d                               
0000556d  memccpy                                    
00005589  copysign                                   
00005589  copysignl                                  
000055a5  FPU_enableModule                           
000055bd  SysCtl_A_disableNMISource                  
000055d5  SysCtl_A_enableNMISource                   
000055ed  SysTick_setPeriod                          
00005605  UART_getInterruptStatus                    
00005635  Timer_A_startCounter                       
0000564b  UART_clearInterruptFlag                    
00005661  UART_enableModule                          
00005677  strchr                                     
0000568d  PCM_getPowerState                          
000056a1  Timer32_clearInterruptFlag                 
000056b5  Timer32_enableInterrupt                    
000056c9  strlen                                     
000056dd  CS_startHFXT                               
000056ef  wcslen                                     
00005701  FPU_enableLazyStacking                     
00005711  Interrupt_enableMaster                     
00005721  PCM_gotoLPM4                               
00005731  PCM_setPowerMode                           
00005741  PCM_setPowerState                          
00005751  SysCtl_A_getNMISourceStatus                
00005761  SysTick_disableInterrupt                   
00005771  SysTick_disableModule                      
00005781  SysTick_enableInterrupt                    
00005791  SysTick_enableModule                       
000057a1  __TI_decompress_none                       
000057af  Reset_Handler                              
000057bb  ADC14_IRQHandler                           
000057bb  AES256_IRQHandler                          
000057bb  BusFault_Handler                           
000057bb  COMP_E0_IRQHandler                         
000057bb  COMP_E1_IRQHandler                         
000057bb  CS_IRQHandler                              
000057bb  DMA_ERR_IRQHandler                         
000057bb  DMA_INT0_IRQHandler                        
000057bb  DMA_INT1_IRQHandler                        
000057bb  DMA_INT2_IRQHandler                        
000057bb  DMA_INT3_IRQHandler                        
000057bb  DebugMon_Handler                           
000057bb  Default_Handler                            
000057bb  EUSCIA0_IRQHandler                         
000057bb  EUSCIA1_IRQHandler                         
000057bb  EUSCIA2_IRQHandler                         
000057bb  EUSCIA3_IRQHandler                         
000057bb  EUSCIB0_IRQHandler                         
000057bb  EUSCIB1_IRQHandler                         
000057bb  EUSCIB2_IRQHandler                         
000057bb  EUSCIB3_IRQHandler                         
000057bb  FLCTL_IRQHandler                           
000057bb  FPU_IRQHandler                             
000057bb  HardFault_Handler                          
000057bb  MemManage_Handler                          
000057bb  NMI_Handler                                
000057bb  PCM_IRQHandler                             
000057bb  PORT2_IRQHandler                           
000057bb  PORT3_IRQHandler                           
000057bb  PORT4_IRQHandler                           
000057bb  PORT5_IRQHandler                           
000057bb  PORT6_IRQHandler                           
000057bb  PSS_IRQHandler                             
000057bb  PendSV_Handler                             
000057bb  RTC_C_IRQHandler                           
000057bb  SVC_Handler                                
000057bb  T32_INTC_IRQHandler                        
000057bb  TA0_0_IRQHandler                           
000057bb  TA0_N_IRQHandler                           
000057bb  TA1_0_IRQHandler                           
000057bb  TA1_N_IRQHandler                           
000057bb  TA2_0_IRQHandler                           
000057bb  TA2_N_IRQHandler                           
000057bb  UsageFault_Handler                         
000057bb  WDT_A_IRQHandler                           
000057bd  CPU_cpsie                                  
000057c9  __TI_zero_init                             
000057d5  __aeabi_errno_addr                         
000057dd  CPU_wfi                                    
000057e1  _system_pre_init                           
000057e5  C$$EXIT                                    
000057e5  abort                                      
00005a2c  _ctypes_                                   
00005c58  __TI_Handler_Table_Base                    
00005c64  __TI_Handler_Table_Limit                   
00005c70  __TI_CINIT_Base                            
00005c80  __TI_CINIT_Limit                           
20000000  __start___llvm_prf_cnts                    
20000000  __stop___llvm_prf_cnts                     
20000000  drone                                      
20000fa0  stop                                       
20001f40  received                                   
20002328  strBuffer                                  
200023f0  read_PAYLOAD                               
20002410  Left                                       
20002420  Right                                      
20002438  L_CTRL                                     
20002440  R_CTRL                                     
20002448  clockMCLK                                  
2000244c  clockSMCLK                                 
20002450  status_reg                                 
20002454  TX_RX                                      
20002455  CALC_ROUTE                                 
20002456  SEND_ROUTE                                 
20002457  SEND                                       
20002458  timed                                      
2000245c  Mode                                       
20002460  buttonS2_pressed                           
20002464  LED                                        
20002468  ITTERATIONS                                
2000247c  start                                      
2000249c  autoDisplayText                            
200024b0  errorDisplayText                           
200024c4  fatalDisplayText                           
200024d8  initDisplayText                            
200024ec  manualDisplayText                          
20002500  txDisplayText                              
20002514  _lock                                      
20002518  _unlock                                    
2000251c  LIVE                                       
20002524  S1                                         
2000252c  address_P0                                 
20002532  clr_status                                 
20002533  configregisterRX                           
20002534  errno                                      
2000253c  SystemCoreClock                            
20002540  configregisterTX                           
20002541  en_aa_register                             
20002542  rf_chanregister                            
20002543  rf_setupregister                           
20002544  rx_pw_register                             
20002545  setup_retr_register                        
2000f800  __stack                                    
20010000  __STACK_END                                
4000480c  WDTCTL_SYM                                 
ffffffff  __TI_pprof_out_hndl                        
ffffffff  __TI_prof_data_size                        
ffffffff  __TI_prof_data_start                       
ffffffff  __binit__                                  
ffffffff  __c_args__                                 
ffffffff  binit                                      
UNDEFED   __mpu_init                                 
UNDEFED   _system_post_cinit                         

[305 symbols]
