<?xml version="1.0" encoding="ISO-8859-1" ?>
<link_info>
   <banner>TI ARM Linker PC v20.2.7.LTS</banner>
   <copyright>Copyright (c) 1996-2018 Texas Instruments Incorporated</copyright>
   <link_time>0x64d92fb2</link_time>
   <link_errors>0x0</link_errors>
   <output_file>MSP432_IEEE_RSLK2.out</output_file>
   <entry_point>
      <name>_c_int00_noargs</name>
      <address>0x4d75</address>
   </entry_point>
   <input_file_list>
      <input_file id="fl-2">
         <path>.\</path>
         <kind>object</kind>
         <file>Main.obj</file>
         <name>Main.obj</name>
      </input_file>
      <input_file id="fl-3">
         <path>.\</path>
         <kind>object</kind>
         <file>startup_msp432p401r_ccs.obj</file>
         <name>startup_msp432p401r_ccs.obj</name>
      </input_file>
      <input_file id="fl-4">
         <path>.\</path>
         <kind>object</kind>
         <file>system_msp432p401r.obj</file>
         <name>system_msp432p401r.obj</name>
      </input_file>
      <input_file id="fl-5">
         <path>.\Drivers\src\</path>
         <kind>object</kind>
         <file>Functions.obj</file>
         <name>Functions.obj</name>
      </input_file>
      <input_file id="fl-6">
         <path>.\Drivers\src\</path>
         <kind>object</kind>
         <file>NRF24.obj</file>
         <name>NRF24.obj</name>
      </input_file>
      <input_file id="fl-7">
         <path>.\Drivers\src\</path>
         <kind>object</kind>
         <file>RSLK.obj</file>
         <name>RSLK.obj</name>
      </input_file>
      <input_file id="fl-c">
         <kind>object</kind>
         <file>&lt;internal&gt;</file>
         <name>&lt;internal&gt;</name>
      </input_file>
      <input_file id="fl-d">
         <path>C:\ti\simplelink_msp432p4_sdk_3_40_01_02\source\ti\devices\msp432p4xx\driverlib\ccs\</path>
         <kind>archive</kind>
         <file>msp432p4xx_driverlib.lib</file>
         <name>cs.o</name>
      </input_file>
      <input_file id="fl-e">
         <path>C:\ti\simplelink_msp432p4_sdk_3_40_01_02\source\ti\devices\msp432p4xx\driverlib\ccs\</path>
         <kind>archive</kind>
         <file>msp432p4xx_driverlib.lib</file>
         <name>flash.o</name>
      </input_file>
      <input_file id="fl-f">
         <path>C:\ti\simplelink_msp432p4_sdk_3_40_01_02\source\ti\devices\msp432p4xx\driverlib\ccs\</path>
         <kind>archive</kind>
         <file>msp432p4xx_driverlib.lib</file>
         <name>fpu.o</name>
      </input_file>
      <input_file id="fl-10">
         <path>C:\ti\simplelink_msp432p4_sdk_3_40_01_02\source\ti\devices\msp432p4xx\driverlib\ccs\</path>
         <kind>archive</kind>
         <file>msp432p4xx_driverlib.lib</file>
         <name>gpio.o</name>
      </input_file>
      <input_file id="fl-11">
         <path>C:\ti\simplelink_msp432p4_sdk_3_40_01_02\source\ti\devices\msp432p4xx\driverlib\ccs\</path>
         <kind>archive</kind>
         <file>msp432p4xx_driverlib.lib</file>
         <name>interrupt.o</name>
      </input_file>
      <input_file id="fl-12">
         <path>C:\ti\simplelink_msp432p4_sdk_3_40_01_02\source\ti\devices\msp432p4xx\driverlib\ccs\</path>
         <kind>archive</kind>
         <file>msp432p4xx_driverlib.lib</file>
         <name>pcm.o</name>
      </input_file>
      <input_file id="fl-13">
         <path>C:\ti\simplelink_msp432p4_sdk_3_40_01_02\source\ti\devices\msp432p4xx\driverlib\ccs\</path>
         <kind>archive</kind>
         <file>msp432p4xx_driverlib.lib</file>
         <name>rtc_c.o</name>
      </input_file>
      <input_file id="fl-14">
         <path>C:\ti\simplelink_msp432p4_sdk_3_40_01_02\source\ti\devices\msp432p4xx\driverlib\ccs\</path>
         <kind>archive</kind>
         <file>msp432p4xx_driverlib.lib</file>
         <name>sysctl.o</name>
      </input_file>
      <input_file id="fl-15">
         <path>C:\ti\simplelink_msp432p4_sdk_3_40_01_02\source\ti\devices\msp432p4xx\driverlib\ccs\</path>
         <kind>archive</kind>
         <file>msp432p4xx_driverlib.lib</file>
         <name>sysctl_a.o</name>
      </input_file>
      <input_file id="fl-16">
         <path>C:\ti\simplelink_msp432p4_sdk_3_40_01_02\source\ti\devices\msp432p4xx\driverlib\ccs\</path>
         <kind>archive</kind>
         <file>msp432p4xx_driverlib.lib</file>
         <name>systick.o</name>
      </input_file>
      <input_file id="fl-17">
         <path>C:\ti\simplelink_msp432p4_sdk_3_40_01_02\source\ti\devices\msp432p4xx\driverlib\ccs\</path>
         <kind>archive</kind>
         <file>msp432p4xx_driverlib.lib</file>
         <name>timer32.o</name>
      </input_file>
      <input_file id="fl-18">
         <path>C:\ti\simplelink_msp432p4_sdk_3_40_01_02\source\ti\devices\msp432p4xx\driverlib\ccs\</path>
         <kind>archive</kind>
         <file>msp432p4xx_driverlib.lib</file>
         <name>timer_a.o</name>
      </input_file>
      <input_file id="fl-19">
         <path>C:\ti\simplelink_msp432p4_sdk_3_40_01_02\source\ti\devices\msp432p4xx\driverlib\ccs\</path>
         <kind>archive</kind>
         <file>msp432p4xx_driverlib.lib</file>
         <name>uart.o</name>
      </input_file>
      <input_file id="fl-1a">
         <path>C:\ti\simplelink_msp432p4_sdk_3_40_01_02\source\ti\devices\msp432p4xx\driverlib\ccs\</path>
         <kind>archive</kind>
         <file>msp432p4xx_driverlib.lib</file>
         <name>wdt_a.o</name>
      </input_file>
      <input_file id="fl-1b">
         <path>C:\ti\simplelink_msp432p4_sdk_3_40_01_02\source\ti\devices\msp432p4xx\driverlib\ccs\</path>
         <kind>archive</kind>
         <file>msp432p4xx_driverlib.lib</file>
         <name>cpu.o</name>
      </input_file>
      <input_file id="fl-d1">
         <path>E:\Programs\TI\ccs\tools\compiler\ti-cgt-arm_20.2.7.LTS\lib\</path>
         <kind>archive</kind>
         <file>rtsv7M4_T_le_v4SPD16_eabi.lib</file>
         <name>snprintf.c.obj</name>
      </input_file>
      <input_file id="fl-d2">
         <path>E:\Programs\TI\ccs\tools\compiler\ti-cgt-arm_20.2.7.LTS\lib\</path>
         <kind>archive</kind>
         <file>rtsv7M4_T_le_v4SPD16_eabi.lib</file>
         <name>fd_cmp_t2.asm.obj</name>
      </input_file>
      <input_file id="fl-d3">
         <path>E:\Programs\TI\ccs\tools\compiler\ti-cgt-arm_20.2.7.LTS\lib\</path>
         <kind>archive</kind>
         <file>rtsv7M4_T_le_v4SPD16_eabi.lib</file>
         <name>fd_mul_t2.asm.obj</name>
      </input_file>
      <input_file id="fl-d4">
         <path>E:\Programs\TI\ccs\tools\compiler\ti-cgt-arm_20.2.7.LTS\lib\</path>
         <kind>archive</kind>
         <file>rtsv7M4_T_le_v4SPD16_eabi.lib</file>
         <name>fd_toi_t2.asm.obj</name>
      </input_file>
      <input_file id="fl-d5">
         <path>E:\Programs\TI\ccs\tools\compiler\ti-cgt-arm_20.2.7.LTS\lib\</path>
         <kind>archive</kind>
         <file>rtsv7M4_T_le_v4SPD16_eabi.lib</file>
         <name>fd_tou_t2.asm.obj</name>
      </input_file>
      <input_file id="fl-d6">
         <path>E:\Programs\TI\ccs\tools\compiler\ti-cgt-arm_20.2.7.LTS\lib\</path>
         <kind>archive</kind>
         <file>rtsv7M4_T_le_v4SPD16_eabi.lib</file>
         <name>fs_tod_t2.asm.obj</name>
      </input_file>
      <input_file id="fl-d7">
         <path>E:\Programs\TI\ccs\tools\compiler\ti-cgt-arm_20.2.7.LTS\lib\</path>
         <kind>archive</kind>
         <file>rtsv7M4_T_le_v4SPD16_eabi.lib</file>
         <name>i_tofd_t2.asm.obj</name>
      </input_file>
      <input_file id="fl-d8">
         <path>E:\Programs\TI\ccs\tools\compiler\ti-cgt-arm_20.2.7.LTS\lib\</path>
         <kind>archive</kind>
         <file>rtsv7M4_T_le_v4SPD16_eabi.lib</file>
         <name>memcpy_t2.asm.obj</name>
      </input_file>
      <input_file id="fl-d9">
         <path>E:\Programs\TI\ccs\tools\compiler\ti-cgt-arm_20.2.7.LTS\lib\</path>
         <kind>archive</kind>
         <file>rtsv7M4_T_le_v4SPD16_eabi.lib</file>
         <name>u_tofd_t2.asm.obj</name>
      </input_file>
      <input_file id="fl-da">
         <path>E:\Programs\TI\ccs\tools\compiler\ti-cgt-arm_20.2.7.LTS\lib\</path>
         <kind>archive</kind>
         <file>rtsv7M4_T_le_v4SPD16_eabi.lib</file>
         <name>copy_zero_init.c.obj</name>
      </input_file>
      <input_file id="fl-db">
         <path>E:\Programs\TI\ccs\tools\compiler\ti-cgt-arm_20.2.7.LTS\lib\</path>
         <kind>archive</kind>
         <file>rtsv7M4_T_le_v4SPD16_eabi.lib</file>
         <name>copy_decompress_none.c.obj</name>
      </input_file>
      <input_file id="fl-dc">
         <path>E:\Programs\TI\ccs\tools\compiler\ti-cgt-arm_20.2.7.LTS\lib\</path>
         <kind>archive</kind>
         <file>rtsv7M4_T_le_v4SPD16_eabi.lib</file>
         <name>copy_decompress_lzss.c.obj</name>
      </input_file>
      <input_file id="fl-dd">
         <path>E:\Programs\TI\ccs\tools\compiler\ti-cgt-arm_20.2.7.LTS\lib\</path>
         <kind>archive</kind>
         <file>rtsv7M4_T_le_v4SPD16_eabi.lib</file>
         <name>rand.c.obj</name>
      </input_file>
      <input_file id="fl-de">
         <path>E:\Programs\TI\ccs\tools\compiler\ti-cgt-arm_20.2.7.LTS\lib\</path>
         <kind>archive</kind>
         <file>rtsv7M4_T_le_v4SPD16_eabi.lib</file>
         <name>strlen.c.obj</name>
      </input_file>
      <input_file id="fl-df">
         <path>E:\Programs\TI\ccs\tools\compiler\ti-cgt-arm_20.2.7.LTS\lib\</path>
         <kind>archive</kind>
         <file>rtsv7M4_T_le_v4SPD16_eabi.lib</file>
         <name>boot_cortex_m.c.obj</name>
      </input_file>
      <input_file id="fl-e0">
         <path>E:\Programs\TI\ccs\tools\compiler\ti-cgt-arm_20.2.7.LTS\lib\</path>
         <kind>archive</kind>
         <file>rtsv7M4_T_le_v4SPD16_eabi.lib</file>
         <name>_printfi.c.obj</name>
      </input_file>
      <input_file id="fl-e1">
         <path>E:\Programs\TI\ccs\tools\compiler\ti-cgt-arm_20.2.7.LTS\lib\</path>
         <kind>archive</kind>
         <file>rtsv7M4_T_le_v4SPD16_eabi.lib</file>
         <name>fd_add_t2.asm.obj</name>
      </input_file>
      <input_file id="fl-e2">
         <path>E:\Programs\TI\ccs\tools\compiler\ti-cgt-arm_20.2.7.LTS\lib\</path>
         <kind>archive</kind>
         <file>rtsv7M4_T_le_v4SPD16_eabi.lib</file>
         <name>fd_div_t2.asm.obj</name>
      </input_file>
      <input_file id="fl-e3">
         <path>E:\Programs\TI\ccs\tools\compiler\ti-cgt-arm_20.2.7.LTS\lib\</path>
         <kind>archive</kind>
         <file>rtsv7M4_T_le_v4SPD16_eabi.lib</file>
         <name>memset_t2.asm.obj</name>
      </input_file>
      <input_file id="fl-e4">
         <path>E:\Programs\TI\ccs\tools\compiler\ti-cgt-arm_20.2.7.LTS\lib\</path>
         <kind>archive</kind>
         <file>rtsv7M4_T_le_v4SPD16_eabi.lib</file>
         <name>ull_div_t2.asm.obj</name>
      </input_file>
      <input_file id="fl-e5">
         <path>E:\Programs\TI\ccs\tools\compiler\ti-cgt-arm_20.2.7.LTS\lib\</path>
         <kind>archive</kind>
         <file>rtsv7M4_T_le_v4SPD16_eabi.lib</file>
         <name>autoinit.c.obj</name>
      </input_file>
      <input_file id="fl-e6">
         <path>E:\Programs\TI\ccs\tools\compiler\ti-cgt-arm_20.2.7.LTS\lib\</path>
         <kind>archive</kind>
         <file>rtsv7M4_T_le_v4SPD16_eabi.lib</file>
         <name>pre_init.c.obj</name>
      </input_file>
      <input_file id="fl-e7">
         <path>E:\Programs\TI\ccs\tools\compiler\ti-cgt-arm_20.2.7.LTS\lib\</path>
         <kind>archive</kind>
         <file>rtsv7M4_T_le_v4SPD16_eabi.lib</file>
         <name>cpy_tbl.c.obj</name>
      </input_file>
      <input_file id="fl-e8">
         <path>E:\Programs\TI\ccs\tools\compiler\ti-cgt-arm_20.2.7.LTS\lib\</path>
         <kind>archive</kind>
         <file>rtsv7M4_T_le_v4SPD16_eabi.lib</file>
         <name>exit.c.obj</name>
      </input_file>
      <input_file id="fl-e9">
         <path>E:\Programs\TI\ccs\tools\compiler\ti-cgt-arm_20.2.7.LTS\lib\</path>
         <kind>archive</kind>
         <file>rtsv7M4_T_le_v4SPD16_eabi.lib</file>
         <name>_lock.c.obj</name>
      </input_file>
      <input_file id="fl-ea">
         <path>E:\Programs\TI\ccs\tools\compiler\ti-cgt-arm_20.2.7.LTS\lib\</path>
         <kind>archive</kind>
         <file>rtsv7M4_T_le_v4SPD16_eabi.lib</file>
         <name>_ltoa.c.obj</name>
      </input_file>
      <input_file id="fl-eb">
         <path>E:\Programs\TI\ccs\tools\compiler\ti-cgt-arm_20.2.7.LTS\lib\</path>
         <kind>archive</kind>
         <file>rtsv7M4_T_le_v4SPD16_eabi.lib</file>
         <name>args_main.c.obj</name>
      </input_file>
      <input_file id="fl-ec">
         <path>E:\Programs\TI\ccs\tools\compiler\ti-cgt-arm_20.2.7.LTS\lib\</path>
         <kind>archive</kind>
         <file>rtsv7M4_T_le_v4SPD16_eabi.lib</file>
         <name>atoi.c.obj</name>
      </input_file>
      <input_file id="fl-ed">
         <path>E:\Programs\TI\ccs\tools\compiler\ti-cgt-arm_20.2.7.LTS\lib\</path>
         <kind>archive</kind>
         <file>rtsv7M4_T_le_v4SPD16_eabi.lib</file>
         <name>ctype.c.obj</name>
      </input_file>
      <input_file id="fl-ee">
         <path>E:\Programs\TI\ccs\tools\compiler\ti-cgt-arm_20.2.7.LTS\lib\</path>
         <kind>archive</kind>
         <file>rtsv7M4_T_le_v4SPD16_eabi.lib</file>
         <name>memccpy.c.obj</name>
      </input_file>
      <input_file id="fl-ef">
         <path>E:\Programs\TI\ccs\tools\compiler\ti-cgt-arm_20.2.7.LTS\lib\</path>
         <kind>archive</kind>
         <file>rtsv7M4_T_le_v4SPD16_eabi.lib</file>
         <name>strchr.c.obj</name>
      </input_file>
      <input_file id="fl-f0">
         <path>E:\Programs\TI\ccs\tools\compiler\ti-cgt-arm_20.2.7.LTS\lib\</path>
         <kind>archive</kind>
         <file>rtsv7M4_T_le_v4SPD16_eabi.lib</file>
         <name>errno.c.obj</name>
      </input_file>
      <input_file id="fl-f1">
         <path>E:\Programs\TI\ccs\tools\compiler\ti-cgt-arm_20.2.7.LTS\lib\</path>
         <kind>archive</kind>
         <file>rtsv7M4_T_le_v4SPD16_eabi.lib</file>
         <name>wcslen.c.obj</name>
      </input_file>
      <input_file id="fl-f2">
         <path>E:\Programs\TI\ccs\tools\compiler\ti-cgt-arm_20.2.7.LTS\lib\</path>
         <kind>archive</kind>
         <file>rtsv7M4_T_le_v4SPD16_eabi.lib</file>
         <name>s_frexp.c.obj</name>
      </input_file>
      <input_file id="fl-f3">
         <path>E:\Programs\TI\ccs\tools\compiler\ti-cgt-arm_20.2.7.LTS\lib\</path>
         <kind>archive</kind>
         <file>rtsv7M4_T_le_v4SPD16_eabi.lib</file>
         <name>s_scalbn.c.obj</name>
      </input_file>
      <input_file id="fl-f4">
         <path>E:\Programs\TI\ccs\tools\compiler\ti-cgt-arm_20.2.7.LTS\lib\</path>
         <kind>archive</kind>
         <file>rtsv7M4_T_le_v4SPD16_eabi.lib</file>
         <name>div0.asm.obj</name>
      </input_file>
      <input_file id="fl-f5">
         <path>E:\Programs\TI\ccs\tools\compiler\ti-cgt-arm_20.2.7.LTS\lib\</path>
         <kind>archive</kind>
         <file>rtsv7M4_T_le_v4SPD16_eabi.lib</file>
         <name>s_copysign.c.obj</name>
      </input_file>
   </input_file_list>
   <object_component_list>
      <object_component id="oc-26">
         <name>.intvecs:retain</name>
         <load_address>0x0</load_address>
         <run_address>0x0</run_address>
         <size>0xe4</size>
         <input_file_ref idref="fl-3"/>
      </object_component>
      <object_component id="oc-6d">
         <name>.text</name>
         <load_address>0xe4</load_address>
         <run_address>0xe4</run_address>
         <size>0xc14</size>
         <input_file_ref idref="fl-5"/>
      </object_component>
      <object_component id="oc-3ab">
         <name>.text:__TI_printfi</name>
         <load_address>0xcf8</load_address>
         <run_address>0xcf8</run_address>
         <size>0xa4e</size>
         <input_file_ref idref="fl-e0"/>
      </object_component>
      <object_component id="oc-469">
         <name>.text:_nop</name>
         <load_address>0x1746</load_address>
         <run_address>0x1746</run_address>
         <size>0x2</size>
         <input_file_ref idref="fl-e9"/>
      </object_component>
      <object_component id="oc-dc">
         <name>.text</name>
         <load_address>0x1748</load_address>
         <run_address>0x1748</run_address>
         <size>0x88c</size>
         <input_file_ref idref="fl-7"/>
      </object_component>
      <object_component id="oc-e8">
         <name>.text</name>
         <load_address>0x1fd4</load_address>
         <run_address>0x1fd4</run_address>
         <size>0x2a0</size>
         <input_file_ref idref="fl-6"/>
      </object_component>
      <object_component id="oc-33a">
         <name>.text:__PCM_setPowerStateAdvanced</name>
         <load_address>0x2274</load_address>
         <run_address>0x2274</run_address>
         <size>0x28a</size>
         <input_file_ref idref="fl-12"/>
      </object_component>
      <object_component id="oc-599">
         <name>.text</name>
         <load_address>0x24fe</load_address>
         <run_address>0x24fe</run_address>
         <size>0x2</size>
         <input_file_ref idref="fl-f4"/>
      </object_component>
      <object_component id="oc-ab">
         <name>.text</name>
         <load_address>0x2500</load_address>
         <run_address>0x2500</run_address>
         <size>0x284</size>
         <input_file_ref idref="fl-4"/>
      </object_component>
      <object_component id="oc-4ac">
         <name>.text:_pconv_a</name>
         <load_address>0x2784</load_address>
         <run_address>0x2784</run_address>
         <size>0x270</size>
         <input_file_ref idref="fl-e0"/>
      </object_component>
      <object_component id="oc-49a">
         <name>.text:_pconv_g</name>
         <load_address>0x29f4</load_address>
         <run_address>0x29f4</run_address>
         <size>0x1d0</size>
         <input_file_ref idref="fl-e0"/>
      </object_component>
      <object_component id="oc-53f">
         <name>.text</name>
         <load_address>0x2bc4</load_address>
         <run_address>0x2bc4</run_address>
         <size>0x1b6</size>
         <input_file_ref idref="fl-e1"/>
      </object_component>
      <object_component id="oc-412">
         <name>.text:__PCM_setPowerModeAdvanced</name>
         <load_address>0x2d7c</load_address>
         <run_address>0x2d7c</run_address>
         <size>0x15c</size>
         <input_file_ref idref="fl-12"/>
      </object_component>
      <object_component id="oc-319">
         <name>.text:privateTimer_AProcessClockSourceDivider</name>
         <load_address>0x2ed8</load_address>
         <run_address>0x2ed8</run_address>
         <size>0x144</size>
         <input_file_ref idref="fl-18"/>
      </object_component>
      <object_component id="oc-4a6">
         <name>.text:_pconv_e</name>
         <load_address>0x301c</load_address>
         <run_address>0x301c</run_address>
         <size>0x13c</size>
         <input_file_ref idref="fl-e0"/>
      </object_component>
      <object_component id="oc-534">
         <name>.text</name>
         <load_address>0x3158</load_address>
         <run_address>0x3158</run_address>
         <size>0x136</size>
         <input_file_ref idref="fl-e2"/>
      </object_component>
      <object_component id="oc-1b4">
         <name>.text:CS_initClockSignal</name>
         <load_address>0x3290</load_address>
         <run_address>0x3290</run_address>
         <size>0x130</size>
         <input_file_ref idref="fl-d"/>
      </object_component>
      <object_component id="oc-551">
         <name>.text:fcvt</name>
         <load_address>0x33c0</load_address>
         <run_address>0x33c0</run_address>
         <size>0x124</size>
         <input_file_ref idref="fl-e0"/>
      </object_component>
      <object_component id="oc-1c6">
         <name>.text:UART_initModule</name>
         <load_address>0x34e4</load_address>
         <run_address>0x34e4</run_address>
         <size>0x11c</size>
         <input_file_ref idref="fl-19"/>
      </object_component>
      <object_component id="oc-565">
         <name>.text:scalbn</name>
         <load_address>0x3600</load_address>
         <run_address>0x3600</run_address>
         <size>0x110</size>
         <input_file_ref idref="fl-f3"/>
      </object_component>
      <object_component id="oc-40c">
         <name>.text:__PCM_setCoreVoltageLevelAdvanced</name>
         <load_address>0x3710</load_address>
         <run_address>0x3710</run_address>
         <size>0x108</size>
         <input_file_ref idref="fl-12"/>
      </object_component>
      <object_component id="oc-350">
         <name>.text:_CSComputeCLKFrequency</name>
         <load_address>0x3818</load_address>
         <run_address>0x3818</run_address>
         <size>0x104</size>
         <input_file_ref idref="fl-d"/>
      </object_component>
      <object_component id="oc-10b">
         <name>.text</name>
         <load_address>0x391c</load_address>
         <run_address>0x391c</run_address>
         <size>0xfc</size>
         <input_file_ref idref="fl-d3"/>
      </object_component>
      <object_component id="oc-458">
         <name>.text:CS_getDCOFrequency</name>
         <load_address>0x3a18</load_address>
         <run_address>0x3a18</run_address>
         <size>0xf8</size>
         <input_file_ref idref="fl-d"/>
      </object_component>
      <object_component id="oc-348">
         <name>.text:CS_startHFXTWithTimeout</name>
         <load_address>0x3b10</load_address>
         <run_address>0x3b10</run_address>
         <size>0xe4</size>
         <input_file_ref idref="fl-d"/>
      </object_component>
      <object_component id="oc-43f">
         <name>.text:_CSGetHFXTFrequency</name>
         <load_address>0x3bf4</load_address>
         <run_address>0x3bf4</run_address>
         <size>0xdc</size>
         <input_file_ref idref="fl-d"/>
      </object_component>
      <object_component id="oc-48f">
         <name>.text:_ltostr</name>
         <load_address>0x3cd0</load_address>
         <run_address>0x3cd0</run_address>
         <size>0xb1</size>
         <input_file_ref idref="fl-e0"/>
      </object_component>
      <object_component id="oc-37">
         <name>.text</name>
         <load_address>0x3d82</load_address>
         <run_address>0x3d82</run_address>
         <size>0x9c</size>
         <input_file_ref idref="fl-d8"/>
      </object_component>
      <object_component id="oc-52d">
         <name>.text</name>
         <load_address>0x3e1e</load_address>
         <run_address>0x3e1e</run_address>
         <size>0x96</size>
         <input_file_ref idref="fl-e4"/>
      </object_component>
      <object_component id="oc-99">
         <name>.text</name>
         <load_address>0x3eb4</load_address>
         <run_address>0x3eb4</run_address>
         <size>0x94</size>
         <input_file_ref idref="fl-2"/>
      </object_component>
      <object_component id="oc-505">
         <name>.text:SysCtl_A_getTLVInfo</name>
         <load_address>0x3f48</load_address>
         <run_address>0x3f48</run_address>
         <size>0x94</size>
         <input_file_ref idref="fl-15"/>
      </object_component>
      <object_component id="oc-12d">
         <name>.text:GPIO_setAsPeripheralModuleFunctionInputPin</name>
         <load_address>0x3fdc</load_address>
         <run_address>0x3fdc</run_address>
         <size>0x88</size>
         <input_file_ref idref="fl-10"/>
      </object_component>
      <object_component id="oc-166">
         <name>.text:GPIO_setAsPeripheralModuleFunctionOutputPin</name>
         <load_address>0x4064</load_address>
         <run_address>0x4064</run_address>
         <size>0x88</size>
         <input_file_ref idref="fl-10"/>
      </object_component>
      <object_component id="oc-495">
         <name>.text:__aeabi_cdcmple</name>
         <load_address>0x40ec</load_address>
         <run_address>0x40ec</run_address>
         <size>0x86</size>
         <input_file_ref idref="fl-d2"/>
      </object_component>
      <object_component id="oc-2a2">
         <name>.text:__aeabi_cdrcmple</name>
         <load_address>0x4172</load_address>
         <run_address>0x4172</run_address>
         <size>0x86</size>
         <input_file_ref idref="fl-d2"/>
      </object_component>
      <object_component id="oc-1fe">
         <name>.text:GPIO_getEnabledInterruptStatus</name>
         <load_address>0x41f8</load_address>
         <run_address>0x41f8</run_address>
         <size>0x84</size>
         <input_file_ref idref="fl-10"/>
      </object_component>
      <object_component id="oc-41e">
         <name>.text:PCM_gotoLPM3</name>
         <load_address>0x427c</load_address>
         <run_address>0x427c</run_address>
         <size>0x84</size>
         <input_file_ref idref="fl-12"/>
      </object_component>
      <object_component id="oc-100">
         <name>.text:Interrupt_enableInterrupt</name>
         <load_address>0x4300</load_address>
         <run_address>0x4300</run_address>
         <size>0x80</size>
         <input_file_ref idref="fl-11"/>
      </object_component>
      <object_component id="oc-50b">
         <name>.text:_CSGetDOCFrequency</name>
         <load_address>0x4380</load_address>
         <run_address>0x4380</run_address>
         <size>0x7c</size>
         <input_file_ref idref="fl-d"/>
      </object_component>
      <object_component id="oc-8d">
         <name>.text</name>
         <load_address>0x43fc</load_address>
         <run_address>0x43fc</run_address>
         <size>0x7a</size>
         <input_file_ref idref="fl-e3"/>
      </object_component>
      <object_component id="oc-16c">
         <name>.text:Timer_A_generatePWM</name>
         <load_address>0x4478</load_address>
         <run_address>0x4478</run_address>
         <size>0x74</size>
         <input_file_ref idref="fl-18"/>
      </object_component>
      <object_component id="oc-54a">
         <name>.text:_mcpy</name>
         <load_address>0x44ec</load_address>
         <run_address>0x44ec</run_address>
         <size>0x6e</size>
         <input_file_ref idref="fl-e0"/>
      </object_component>
      <object_component id="oc-ee">
         <name>.text:Timer32_initModule</name>
         <load_address>0x455c</load_address>
         <run_address>0x455c</run_address>
         <size>0x68</size>
         <input_file_ref idref="fl-17"/>
      </object_component>
      <object_component id="oc-17">
         <name>.text:decompress:lzss:__TI_decompress_lzss</name>
         <load_address>0x45c4</load_address>
         <run_address>0x45c4</run_address>
         <size>0x68</size>
         <input_file_ref idref="fl-dc"/>
      </object_component>
      <object_component id="oc-55f">
         <name>.text:frexp</name>
         <load_address>0x462c</load_address>
         <run_address>0x462c</run_address>
         <size>0x64</size>
         <input_file_ref idref="fl-f2"/>
      </object_component>
      <object_component id="oc-44c">
         <name>.text:_CSGetDividerValue</name>
         <load_address>0x4690</load_address>
         <run_address>0x4690</run_address>
         <size>0x62</size>
         <input_file_ref idref="fl-d"/>
      </object_component>
      <object_component id="oc-4e1">
         <name>.text:PCM_getCoreVoltageLevel</name>
         <load_address>0x46f2</load_address>
         <run_address>0x46f2</run_address>
         <size>0x5e</size>
         <input_file_ref idref="fl-12"/>
      </object_component>
      <object_component id="oc-4db">
         <name>.text:PCM_getPowerMode</name>
         <load_address>0x4750</load_address>
         <run_address>0x4750</run_address>
         <size>0x5a</size>
         <input_file_ref idref="fl-12"/>
      </object_component>
      <object_component id="oc-172">
         <name>.text:GPIO_setAsInputPinWithPullUpResistor</name>
         <load_address>0x47ac</load_address>
         <run_address>0x47ac</run_address>
         <size>0x58</size>
         <input_file_ref idref="fl-10"/>
      </object_component>
      <object_component id="oc-133">
         <name>.text:Timer_A_initCapture</name>
         <load_address>0x4804</load_address>
         <run_address>0x4804</run_address>
         <size>0x58</size>
         <input_file_ref idref="fl-18"/>
      </object_component>
      <object_component id="oc-4a0">
         <name>.text:_pconv_f</name>
         <load_address>0x485c</load_address>
         <run_address>0x485c</run_address>
         <size>0x56</size>
         <input_file_ref idref="fl-e0"/>
      </object_component>
      <object_component id="oc-42a">
         <name>.text:PCM_shutdownDevice</name>
         <load_address>0x48b4</load_address>
         <run_address>0x48b4</run_address>
         <size>0x54</size>
         <input_file_ref idref="fl-12"/>
      </object_component>
      <object_component id="oc-539">
         <name>.text:__TI_ltoa</name>
         <load_address>0x4908</load_address>
         <run_address>0x4908</run_address>
         <size>0x54</size>
         <input_file_ref idref="fl-ea"/>
      </object_component>
      <object_component id="oc-544">
         <name>.text:_ecpy</name>
         <load_address>0x495c</load_address>
         <run_address>0x495c</run_address>
         <size>0x52</size>
         <input_file_ref idref="fl-e0"/>
      </object_component>
      <object_component id="oc-139">
         <name>.text:GPIO_setAsInputPin</name>
         <load_address>0x49b0</load_address>
         <run_address>0x49b0</run_address>
         <size>0x4c</size>
         <input_file_ref idref="fl-10"/>
      </object_component>
      <object_component id="oc-489">
         <name>.text:atoi</name>
         <load_address>0x49fc</load_address>
         <run_address>0x49fc</run_address>
         <size>0x4c</size>
         <input_file_ref idref="fl-ec"/>
      </object_component>
      <object_component id="oc-2b2">
         <name>.text:snprintf</name>
         <load_address>0x4a48</load_address>
         <run_address>0x4a48</run_address>
         <size>0x4c</size>
         <input_file_ref idref="fl-d1"/>
      </object_component>
      <object_component id="oc-196">
         <name>.text:FlashCtl_setWaitState</name>
         <load_address>0x4a94</load_address>
         <run_address>0x4a94</run_address>
         <size>0x48</size>
         <input_file_ref idref="fl-e"/>
      </object_component>
      <object_component id="oc-2c5">
         <name>.text</name>
         <load_address>0x4adc</load_address>
         <run_address>0x4adc</run_address>
         <size>0x48</size>
         <input_file_ref idref="fl-d4"/>
      </object_component>
      <object_component id="oc-254">
         <name>.text:__TI_auto_init_nobinit_nopinit:__TI_auto_init_nobinit_nopinit</name>
         <load_address>0x4b24</load_address>
         <run_address>0x4b24</run_address>
         <size>0x44</size>
         <input_file_ref idref="fl-e5"/>
      </object_component>
      <object_component id="oc-110">
         <name>.text</name>
         <load_address>0x4b68</load_address>
         <run_address>0x4b68</run_address>
         <size>0x44</size>
         <input_file_ref idref="fl-d5"/>
      </object_component>
      <object_component id="oc-154">
         <name>.text:GPIO_setAsOutputPin</name>
         <load_address>0x4bac</load_address>
         <run_address>0x4bac</run_address>
         <size>0x40</size>
         <input_file_ref idref="fl-10"/>
      </object_component>
      <object_component id="oc-557">
         <name>.text:_fcpy</name>
         <load_address>0x4bec</load_address>
         <run_address>0x4bec</run_address>
         <size>0x3e</size>
         <input_file_ref idref="fl-e0"/>
      </object_component>
      <object_component id="oc-17e">
         <name>.text:GPIO_interruptEdgeSelect</name>
         <load_address>0x4c2c</load_address>
         <run_address>0x4c2c</run_address>
         <size>0x3c</size>
         <input_file_ref idref="fl-10"/>
      </object_component>
      <object_component id="oc-d0">
         <name>.text:Timer32_startTimer</name>
         <load_address>0x4c68</load_address>
         <run_address>0x4c68</run_address>
         <size>0x38</size>
         <input_file_ref idref="fl-17"/>
      </object_component>
      <object_component id="oc-2ad">
         <name>.text</name>
         <load_address>0x4ca0</load_address>
         <run_address>0x4ca0</run_address>
         <size>0x38</size>
         <input_file_ref idref="fl-d6"/>
      </object_component>
      <object_component id="oc-f4">
         <name>.text:Timer32_setCount</name>
         <load_address>0x4cd8</load_address>
         <run_address>0x4cd8</run_address>
         <size>0x34</size>
         <input_file_ref idref="fl-17"/>
      </object_component>
      <object_component id="oc-127">
         <name>.text:Timer_A_configureContinuousMode</name>
         <load_address>0x4d0c</load_address>
         <run_address>0x4d0c</run_address>
         <size>0x34</size>
         <input_file_ref idref="fl-18"/>
      </object_component>
      <object_component id="oc-b8">
         <name>.text:UART_transmitData</name>
         <load_address>0x4d40</load_address>
         <run_address>0x4d40</run_address>
         <size>0x34</size>
         <input_file_ref idref="fl-19"/>
      </object_component>
      <object_component id="oc-55">
         <name>.text:_c_int00_noargs:_c_int00_noargs</name>
         <load_address>0x4d74</load_address>
         <run_address>0x4d74</run_address>
         <size>0x34</size>
         <input_file_ref idref="fl-df"/>
      </object_component>
      <object_component id="oc-2b8">
         <name>.text:rand</name>
         <load_address>0x4da8</load_address>
         <run_address>0x4da8</run_address>
         <size>0x34</size>
         <input_file_ref idref="fl-dd"/>
      </object_component>
      <object_component id="oc-452">
         <name>.text:CS_clearInterruptFlag</name>
         <load_address>0x4ddc</load_address>
         <run_address>0x4ddc</run_address>
         <size>0x30</size>
         <input_file_ref idref="fl-d"/>
      </object_component>
      <object_component id="oc-1de">
         <name>.text:GPIO_getInputPinValue</name>
         <load_address>0x4e0c</load_address>
         <run_address>0x4e0c</run_address>
         <size>0x30</size>
         <input_file_ref idref="fl-10"/>
      </object_component>
      <object_component id="oc-e2">
         <name>.text:UART_receiveData</name>
         <load_address>0x4e3c</load_address>
         <run_address>0x4e3c</run_address>
         <size>0x30</size>
         <input_file_ref idref="fl-19"/>
      </object_component>
      <object_component id="oc-3b1">
         <name>.text:_outs</name>
         <load_address>0x4e6c</load_address>
         <run_address>0x4e6c</run_address>
         <size>0x30</size>
         <input_file_ref idref="fl-d1"/>
      </object_component>
      <object_component id="oc-14e">
         <name>.text</name>
         <load_address>0x4e9c</load_address>
         <run_address>0x4e9c</run_address>
         <size>0x2e</size>
         <input_file_ref idref="fl-d7"/>
      </object_component>
      <object_component id="oc-4f7">
         <name>.text:RTC_C_holdClock</name>
         <load_address>0x4ecc</load_address>
         <run_address>0x4ecc</run_address>
         <size>0x2c</size>
         <input_file_ref idref="fl-13"/>
      </object_component>
      <object_component id="oc-1d2">
         <name>.text:Timer_A_clearCaptureCompareInterrupt</name>
         <load_address>0x4ef8</load_address>
         <run_address>0x4ef8</run_address>
         <size>0x2c</size>
         <input_file_ref idref="fl-18"/>
      </object_component>
      <object_component id="oc-1ba">
         <name>.text:CS_getMCLK</name>
         <load_address>0x4f24</load_address>
         <run_address>0x4f24</run_address>
         <size>0x28</size>
         <input_file_ref idref="fl-d"/>
      </object_component>
      <object_component id="oc-1c0">
         <name>.text:CS_getSMCLK</name>
         <load_address>0x4f4c</load_address>
         <run_address>0x4f4c</run_address>
         <size>0x28</size>
         <input_file_ref idref="fl-d"/>
      </object_component>
      <object_component id="oc-178">
         <name>.text:GPIO_clearInterruptFlag</name>
         <load_address>0x4f74</load_address>
         <run_address>0x4f74</run_address>
         <size>0x28</size>
         <input_file_ref idref="fl-10"/>
      </object_component>
      <object_component id="oc-184">
         <name>.text:GPIO_enableInterrupt</name>
         <load_address>0x4f9c</load_address>
         <run_address>0x4f9c</run_address>
         <size>0x28</size>
         <input_file_ref idref="fl-10"/>
      </object_component>
      <object_component id="oc-15a">
         <name>.text:GPIO_setOutputHighOnPin</name>
         <load_address>0x4fc4</load_address>
         <run_address>0x4fc4</run_address>
         <size>0x28</size>
         <input_file_ref idref="fl-10"/>
      </object_component>
      <object_component id="oc-160">
         <name>.text:GPIO_setOutputLowOnPin</name>
         <load_address>0x4fec</load_address>
         <run_address>0x4fec</run_address>
         <size>0x28</size>
         <input_file_ref idref="fl-10"/>
      </object_component>
      <object_component id="oc-418">
         <name>.text:PCM_gotoLPM0</name>
         <load_address>0x5014</load_address>
         <run_address>0x5014</run_address>
         <size>0x28</size>
         <input_file_ref idref="fl-12"/>
      </object_component>
      <object_component id="oc-2a7">
         <name>.text:Timer_A_setCompareValue</name>
         <load_address>0x503c</load_address>
         <run_address>0x503c</run_address>
         <size>0x28</size>
         <input_file_ref idref="fl-18"/>
      </object_component>
      <object_component id="oc-365">
         <name>.text:GPIO_getInterruptStatus</name>
         <load_address>0x5064</load_address>
         <run_address>0x5064</run_address>
         <size>0x24</size>
         <input_file_ref idref="fl-10"/>
      </object_component>
      <object_component id="oc-18a">
         <name>.text:WDT_A_holdTimer</name>
         <load_address>0x5088</load_address>
         <run_address>0x5088</run_address>
         <size>0x24</size>
         <input_file_ref idref="fl-1a"/>
      </object_component>
      <object_component id="oc-1d8">
         <name>.text:Timer_A_getCaptureCompareCount</name>
         <load_address>0x50ac</load_address>
         <run_address>0x50ac</run_address>
         <size>0x22</size>
         <input_file_ref idref="fl-18"/>
      </object_component>
      <object_component id="oc-1a8">
         <name>.text:CS_setExternalClockSourceFrequency</name>
         <load_address>0x50d0</load_address>
         <run_address>0x50d0</run_address>
         <size>0x20</size>
         <input_file_ref idref="fl-d"/>
      </object_component>
      <object_component id="oc-106">
         <name>.text</name>
         <load_address>0x50f0</load_address>
         <run_address>0x50f0</run_address>
         <size>0x20</size>
         <input_file_ref idref="fl-d9"/>
      </object_component>
      <object_component id="oc-4b2">
         <name>.text:memccpy</name>
         <load_address>0x5110</load_address>
         <run_address>0x5110</run_address>
         <size>0x1c</size>
         <input_file_ref idref="fl-ee"/>
      </object_component>
      <object_component id="oc-5ae">
         <name>.text:copysign</name>
         <load_address>0x512c</load_address>
         <run_address>0x512c</run_address>
         <size>0x1a</size>
         <input_file_ref idref="fl-f5"/>
      </object_component>
      <object_component id="oc-19c">
         <name>.text:FPU_enableModule</name>
         <load_address>0x5148</load_address>
         <run_address>0x5148</run_address>
         <size>0x18</size>
         <input_file_ref idref="fl-f"/>
      </object_component>
      <object_component id="oc-439">
         <name>.text:SysCtl_A_disableNMISource</name>
         <load_address>0x5160</load_address>
         <run_address>0x5160</run_address>
         <size>0x18</size>
         <input_file_ref idref="fl-15"/>
      </object_component>
      <object_component id="oc-445">
         <name>.text:SysCtl_A_enableNMISource</name>
         <load_address>0x5178</load_address>
         <run_address>0x5178</run_address>
         <size>0x18</size>
         <input_file_ref idref="fl-15"/>
      </object_component>
      <object_component id="oc-115">
         <name>.text:SysTick_setPeriod</name>
         <load_address>0x5190</load_address>
         <run_address>0x5190</run_address>
         <size>0x18</size>
         <input_file_ref idref="fl-16"/>
      </object_component>
      <object_component id="oc-be">
         <name>.text:UART_getInterruptStatus</name>
         <load_address>0x51a8</load_address>
         <run_address>0x51a8</run_address>
         <size>0x18</size>
         <input_file_ref idref="fl-19"/>
      </object_component>
      <object_component id="oc-3b7">
         <name>.text:_outc</name>
         <load_address>0x51c0</load_address>
         <run_address>0x51c0</run_address>
         <size>0x18</size>
         <input_file_ref idref="fl-d1"/>
      </object_component>
      <object_component id="oc-d6">
         <name>.text:Timer_A_startCounter</name>
         <load_address>0x51d8</load_address>
         <run_address>0x51d8</run_address>
         <size>0x16</size>
         <input_file_ref idref="fl-18"/>
      </object_component>
      <object_component id="oc-c4">
         <name>.text:UART_clearInterruptFlag</name>
         <load_address>0x51ee</load_address>
         <run_address>0x51ee</run_address>
         <size>0x16</size>
         <input_file_ref idref="fl-19"/>
      </object_component>
      <object_component id="oc-1cc">
         <name>.text:UART_enableModule</name>
         <load_address>0x5204</load_address>
         <run_address>0x5204</run_address>
         <size>0x16</size>
         <input_file_ref idref="fl-19"/>
      </object_component>
      <object_component id="oc-56b">
         <name>.text:strchr</name>
         <load_address>0x521a</load_address>
         <run_address>0x521a</run_address>
         <size>0x16</size>
         <input_file_ref idref="fl-ef"/>
      </object_component>
      <object_component id="oc-406">
         <name>.text:PCM_getPowerState</name>
         <load_address>0x5230</load_address>
         <run_address>0x5230</run_address>
         <size>0x14</size>
         <input_file_ref idref="fl-12"/>
      </object_component>
      <object_component id="oc-1e8">
         <name>.text:Timer32_clearInterruptFlag</name>
         <load_address>0x5244</load_address>
         <run_address>0x5244</run_address>
         <size>0x14</size>
         <input_file_ref idref="fl-17"/>
      </object_component>
      <object_component id="oc-fa">
         <name>.text:Timer32_enableInterrupt</name>
         <load_address>0x5258</load_address>
         <run_address>0x5258</run_address>
         <size>0x14</size>
         <input_file_ref idref="fl-17"/>
      </object_component>
      <object_component id="oc-b2">
         <name>.text:strlen</name>
         <load_address>0x526c</load_address>
         <run_address>0x526c</run_address>
         <size>0x14</size>
         <input_file_ref idref="fl-de"/>
      </object_component>
      <object_component id="oc-1ae">
         <name>.text:CS_startHFXT</name>
         <load_address>0x5280</load_address>
         <run_address>0x5280</run_address>
         <size>0x12</size>
         <input_file_ref idref="fl-d"/>
      </object_component>
      <object_component id="oc-4b8">
         <name>.text:wcslen</name>
         <load_address>0x5292</load_address>
         <run_address>0x5292</run_address>
         <size>0x12</size>
         <input_file_ref idref="fl-f1"/>
      </object_component>
      <object_component id="oc-1a2">
         <name>.text:FPU_enableLazyStacking</name>
         <load_address>0x52a4</load_address>
         <run_address>0x52a4</run_address>
         <size>0x10</size>
         <input_file_ref idref="fl-f"/>
      </object_component>
      <object_component id="oc-ca">
         <name>.text:Interrupt_enableMaster</name>
         <load_address>0x52b4</load_address>
         <run_address>0x52b4</run_address>
         <size>0x10</size>
         <input_file_ref idref="fl-11"/>
      </object_component>
      <object_component id="oc-424">
         <name>.text:PCM_gotoLPM4</name>
         <load_address>0x52c4</load_address>
         <run_address>0x52c4</run_address>
         <size>0x10</size>
         <input_file_ref idref="fl-12"/>
      </object_component>
      <object_component id="oc-4e7">
         <name>.text:PCM_setPowerMode</name>
         <load_address>0x52d4</load_address>
         <run_address>0x52d4</run_address>
         <size>0x10</size>
         <input_file_ref idref="fl-12"/>
      </object_component>
      <object_component id="oc-190">
         <name>.text:PCM_setPowerState</name>
         <load_address>0x52e4</load_address>
         <run_address>0x52e4</run_address>
         <size>0x10</size>
         <input_file_ref idref="fl-12"/>
      </object_component>
      <object_component id="oc-433">
         <name>.text:SysCtl_A_getNMISourceStatus</name>
         <load_address>0x52f4</load_address>
         <run_address>0x52f4</run_address>
         <size>0x10</size>
         <input_file_ref idref="fl-15"/>
      </object_component>
      <object_component id="oc-1f2">
         <name>.text:SysTick_disableInterrupt</name>
         <load_address>0x5304</load_address>
         <run_address>0x5304</run_address>
         <size>0x10</size>
         <input_file_ref idref="fl-16"/>
      </object_component>
      <object_component id="oc-1f8">
         <name>.text:SysTick_disableModule</name>
         <load_address>0x5314</load_address>
         <run_address>0x5314</run_address>
         <size>0x10</size>
         <input_file_ref idref="fl-16"/>
      </object_component>
      <object_component id="oc-20a">
         <name>.text:SysTick_enableInterrupt</name>
         <load_address>0x5324</load_address>
         <run_address>0x5324</run_address>
         <size>0x10</size>
         <input_file_ref idref="fl-16"/>
      </object_component>
      <object_component id="oc-204">
         <name>.text:SysTick_enableModule</name>
         <load_address>0x5334</load_address>
         <run_address>0x5334</run_address>
         <size>0x10</size>
         <input_file_ref idref="fl-16"/>
      </object_component>
      <object_component id="oc-1d">
         <name>.text:decompress:none:__TI_decompress_none</name>
         <load_address>0x5344</load_address>
         <run_address>0x5344</run_address>
         <size>0xe</size>
         <input_file_ref idref="fl-db"/>
      </object_component>
      <object_component id="oc-67">
         <name>.text</name>
         <load_address>0x5352</load_address>
         <run_address>0x5352</run_address>
         <size>0xe</size>
         <input_file_ref idref="fl-3"/>
      </object_component>
      <object_component id="oc-299">
         <name>.text:CPU_cpsie</name>
         <load_address>0x5360</load_address>
         <run_address>0x5360</run_address>
         <size>0xc</size>
         <input_file_ref idref="fl-1b"/>
      </object_component>
      <object_component id="oc-49">
         <name>.text:decompress:ZI:__TI_zero_init</name>
         <load_address>0x536c</load_address>
         <run_address>0x536c</run_address>
         <size>0xc</size>
         <input_file_ref idref="fl-da"/>
      </object_component>
      <object_component id="oc-4be">
         <name>.text:__aeabi_errno_addr</name>
         <load_address>0x5378</load_address>
         <run_address>0x5378</run_address>
         <size>0x8</size>
         <input_file_ref idref="fl-f0"/>
      </object_component>
      <object_component id="oc-4ef">
         <name>.text:CPU_wfi</name>
         <load_address>0x5380</load_address>
         <run_address>0x5380</run_address>
         <size>0x4</size>
         <input_file_ref idref="fl-1b"/>
      </object_component>
      <object_component id="oc-93">
         <name>.text:_system_pre_init</name>
         <load_address>0x5384</load_address>
         <run_address>0x5384</run_address>
         <size>0x4</size>
         <input_file_ref idref="fl-e6"/>
      </object_component>
      <object_component id="oc-248">
         <name>.text:abort:abort</name>
         <load_address>0x5388</load_address>
         <run_address>0x5388</run_address>
         <size>0x4</size>
         <input_file_ref idref="fl-e8"/>
      </object_component>
      <object_component id="oc-3dc">
         <name>.const:.string</name>
         <load_address>0x538c</load_address>
         <run_address>0x538c</run_address>
         <size>0x244</size>
         <input_file_ref idref="fl-7"/>
      </object_component>
      <object_component id="oc-528">
         <name>.const:.string:_ctypes_</name>
         <load_address>0x55d0</load_address>
         <run_address>0x55d0</run_address>
         <size>0x101</size>
         <input_file_ref idref="fl-ed"/>
      </object_component>
      <object_component id="oc-321">
         <name>.const:GPIO_PORT_TO_BASE</name>
         <load_address>0x56d4</load_address>
         <run_address>0x56d4</run_address>
         <size>0x30</size>
         <input_file_ref idref="fl-10"/>
      </object_component>
      <object_component id="oc-210">
         <name>.const:$P$T1$2</name>
         <load_address>0x5704</load_address>
         <run_address>0x5704</run_address>
         <size>0x28</size>
         <input_file_ref idref="fl-5"/>
      </object_component>
      <object_component id="oc-216">
         <name>.const:$P$T0$1</name>
         <load_address>0x572c</load_address>
         <run_address>0x572c</run_address>
         <size>0x20</size>
         <input_file_ref idref="fl-5"/>
      </object_component>
      <object_component id="oc-1e4">
         <name>.const:$P$T2$3</name>
         <load_address>0x574c</load_address>
         <run_address>0x574c</run_address>
         <size>0x18</size>
         <input_file_ref idref="fl-5"/>
      </object_component>
      <object_component id="oc-1ee">
         <name>.const:$P$T3$4</name>
         <load_address>0x5764</load_address>
         <run_address>0x5764</run_address>
         <size>0x18</size>
         <input_file_ref idref="fl-5"/>
      </object_component>
      <object_component id="oc-148">
         <name>.const:$P$T5$6</name>
         <load_address>0x577c</load_address>
         <run_address>0x577c</run_address>
         <size>0x18</size>
         <input_file_ref idref="fl-5"/>
      </object_component>
      <object_component id="oc-14b">
         <name>.const:$P$T6$7</name>
         <load_address>0x5794</load_address>
         <run_address>0x5794</run_address>
         <size>0x18</size>
         <input_file_ref idref="fl-5"/>
      </object_component>
      <object_component id="oc-145">
         <name>.const:$P$T4$5</name>
         <load_address>0x57ac</load_address>
         <run_address>0x57ac</run_address>
         <size>0x10</size>
         <input_file_ref idref="fl-5"/>
      </object_component>
      <object_component id="oc-2e4">
         <name>.const:g_pulEnRegs</name>
         <load_address>0x57bc</load_address>
         <run_address>0x57bc</run_address>
         <size>0x8</size>
         <input_file_ref idref="fl-11"/>
      </object_component>
      <object_component id="oc-60e">
         <name>.cinit..data.load</name>
         <load_address>0x57c8</load_address>
         <run_address>0x57c8</run_address>
         <size>0x49</size>
      </object_component>
      <object_component id="oc-60c">
         <name>__TI_handler_table</name>
         <load_address>0x5814</load_address>
         <run_address>0x5814</run_address>
         <size>0xc</size>
      </object_component>
      <object_component id="oc-60f">
         <name>.cinit..bss.load</name>
         <load_address>0x5820</load_address>
         <run_address>0x5820</run_address>
         <size>0x8</size>
      </object_component>
      <object_component id="oc-60d">
         <name>__TI_cinit_table</name>
         <load_address>0x5828</load_address>
         <run_address>0x5828</run_address>
         <size>0x10</size>
      </object_component>
      <object_component id="oc-5e0">
         <name>.binit</name>
         <load_address>0x0</load_address>
         <run_address>0x0</run_address>
         <size>0x0</size>
      </object_component>
      <object_component id="oc-286">
         <name>.data</name>
         <load_address>0x20002538</load_address>
         <run_address>0x20002538</run_address>
         <size>0x4</size>
         <input_file_ref idref="fl-4"/>
      </object_component>
      <object_component id="oc-124">
         <name>.data</name>
         <load_address>0x20002454</load_address>
         <run_address>0x20002454</run_address>
         <size>0x24</size>
         <input_file_ref idref="fl-5"/>
      </object_component>
      <object_component id="oc-213">
         <name>.data:S1</name>
         <load_address>0x20002528</load_address>
         <run_address>0x20002528</run_address>
         <size>0x8</size>
         <input_file_ref idref="fl-5"/>
      </object_component>
      <object_component id="oc-141">
         <name>.data:start</name>
         <load_address>0x20002478</load_address>
         <run_address>0x20002478</run_address>
         <size>0x20</size>
         <input_file_ref idref="fl-5"/>
      </object_component>
      <object_component id="oc-2c2">
         <name>.data</name>
         <load_address>0x20002520</load_address>
         <run_address>0x20002520</run_address>
         <size>0x8</size>
         <input_file_ref idref="fl-7"/>
      </object_component>
      <object_component id="oc-2bf">
         <name>.data:LIVE</name>
         <load_address>0x20002518</load_address>
         <run_address>0x20002518</run_address>
         <size>0x8</size>
         <input_file_ref idref="fl-7"/>
      </object_component>
      <object_component id="oc-2d0">
         <name>.data:errorDisplayText</name>
         <load_address>0x200024ac</load_address>
         <run_address>0x200024ac</run_address>
         <size>0x14</size>
         <input_file_ref idref="fl-7"/>
      </object_component>
      <object_component id="oc-2d3">
         <name>.data:txDisplayText</name>
         <load_address>0x200024fc</load_address>
         <run_address>0x200024fc</run_address>
         <size>0x14</size>
         <input_file_ref idref="fl-7"/>
      </object_component>
      <object_component id="oc-2d9">
         <name>.data:autoDisplayText</name>
         <load_address>0x20002498</load_address>
         <run_address>0x20002498</run_address>
         <size>0x14</size>
         <input_file_ref idref="fl-7"/>
      </object_component>
      <object_component id="oc-2ca">
         <name>.data:initDisplayText</name>
         <load_address>0x200024d4</load_address>
         <run_address>0x200024d4</run_address>
         <size>0x14</size>
         <input_file_ref idref="fl-7"/>
      </object_component>
      <object_component id="oc-2d6">
         <name>.data:manualDisplayText</name>
         <load_address>0x200024e8</load_address>
         <run_address>0x200024e8</run_address>
         <size>0x14</size>
         <input_file_ref idref="fl-7"/>
      </object_component>
      <object_component id="oc-2cd">
         <name>.data:fatalDisplayText</name>
         <load_address>0x200024c0</load_address>
         <run_address>0x200024c0</run_address>
         <size>0x14</size>
         <input_file_ref idref="fl-7"/>
      </object_component>
      <object_component id="oc-3ce">
         <name>.data</name>
         <load_address>0x20002534</load_address>
         <run_address>0x20002534</run_address>
         <size>0x4</size>
         <input_file_ref idref="fl-dd"/>
      </object_component>
      <object_component id="oc-382">
         <name>.data:$O1$$</name>
         <load_address>0x20002510</load_address>
         <run_address>0x20002510</run_address>
         <size>0x8</size>
         <input_file_ref idref="fl-e9"/>
      </object_component>
      <object_component id="oc-57b">
         <name>.data</name>
         <load_address>0x20002530</load_address>
         <run_address>0x20002530</run_address>
         <size>0x4</size>
         <input_file_ref idref="fl-f0"/>
      </object_component>
      <object_component id="oc-344">
         <name>.bss</name>
         <uninitialized>true</uninitialized>
         <run_address>0x20002430</run_address>
         <size>0x8</size>
         <input_file_ref idref="fl-d"/>
      </object_component>
      <object_component id="oc-11b">
         <name>.common:received</name>
         <uninitialized>true</uninitialized>
         <run_address>0x20001f40</run_address>
         <size>0x3e8</size>
      </object_component>
      <object_component id="oc-140">
         <name>.common:drone</name>
         <uninitialized>true</uninitialized>
         <run_address>0x20000000</run_address>
         <size>0xfa0</size>
      </object_component>
      <object_component id="oc-13f">
         <name>.common:stop</name>
         <uninitialized>true</uninitialized>
         <run_address>0x20000fa0</run_address>
         <size>0xfa0</size>
      </object_component>
      <object_component id="oc-1e7">
         <name>.common:Left</name>
         <uninitialized>true</uninitialized>
         <run_address>0x20002410</run_address>
         <size>0x10</size>
      </object_component>
      <object_component id="oc-1f1">
         <name>.common:Right</name>
         <uninitialized>true</uninitialized>
         <run_address>0x20002420</run_address>
         <size>0x10</size>
      </object_component>
      <object_component id="oc-21a">
         <name>.common:L_CTRL</name>
         <uninitialized>true</uninitialized>
         <run_address>0x20002438</run_address>
         <size>0x8</size>
      </object_component>
      <object_component id="oc-219">
         <name>.common:R_CTRL</name>
         <uninitialized>true</uninitialized>
         <run_address>0x20002440</run_address>
         <size>0x8</size>
      </object_component>
      <object_component id="oc-2be">
         <name>.common:strBuffer</name>
         <uninitialized>true</uninitialized>
         <run_address>0x20002328</run_address>
         <size>0xc8</size>
      </object_component>
      <object_component id="oc-2de">
         <name>.common:status_reg</name>
         <uninitialized>true</uninitialized>
         <run_address>0x20002450</run_address>
         <size>0x1</size>
      </object_component>
      <object_component id="oc-2df">
         <name>.common:read_PAYLOAD</name>
         <uninitialized>true</uninitialized>
         <run_address>0x200023f0</run_address>
         <size>0x20</size>
      </object_component>
      <object_component id="oc-144">
         <name>.common:clockMCLK</name>
         <uninitialized>true</uninitialized>
         <run_address>0x20002448</run_address>
         <size>0x4</size>
      </object_component>
      <object_component id="oc-153">
         <name>.common:clockSMCLK</name>
         <uninitialized>true</uninitialized>
         <run_address>0x2000244c</run_address>
         <size>0x4</size>
      </object_component>
      <object_component id="oc-29">
         <name>.stack</name>
         <uninitialized>true</uninitialized>
         <run_address>0x2000f800</run_address>
         <size>0x4</size>
         <input_file_ref idref="fl-df"/>
      </object_component>
      <object_component id="oc-611">
         <name>.stack</name>
         <uninitialized>true</uninitialized>
         <run_address>0x2000f800</run_address>
         <size>0x0</size>
      </object_component>
      <object_component id="oc-11c">
         <name>.debug_info</name>
         <load_address>0x0</load_address>
         <run_address>0x0</run_address>
         <size>0x997</size>
         <input_file_ref idref="fl-2"/>
      </object_component>
      <object_component id="oc-9c">
         <name>.debug_info</name>
         <load_address>0x997</load_address>
         <run_address>0x997</run_address>
         <size>0x295</size>
         <input_file_ref idref="fl-2"/>
      </object_component>
      <object_component id="oc-232">
         <name>.debug_info</name>
         <load_address>0xc2c</load_address>
         <run_address>0xc2c</run_address>
         <size>0x26b</size>
         <input_file_ref idref="fl-2"/>
      </object_component>
      <object_component id="oc-2f3">
         <name>.debug_info</name>
         <load_address>0xe97</load_address>
         <run_address>0xe97</run_address>
         <size>0x1055</size>
         <input_file_ref idref="fl-2"/>
      </object_component>
      <object_component id="oc-2ee">
         <name>.debug_info</name>
         <load_address>0x1eec</load_address>
         <run_address>0x1eec</run_address>
         <size>0x37e2</size>
         <input_file_ref idref="fl-2"/>
      </object_component>
      <object_component id="oc-2fd">
         <name>.debug_info</name>
         <load_address>0x56ce</load_address>
         <run_address>0x56ce</run_address>
         <size>0xb3</size>
         <input_file_ref idref="fl-2"/>
      </object_component>
      <object_component id="oc-226">
         <name>.debug_info</name>
         <load_address>0x5781</load_address>
         <run_address>0x5781</run_address>
         <size>0x341</size>
         <input_file_ref idref="fl-2"/>
      </object_component>
      <object_component id="oc-32">
         <name>.debug_info</name>
         <load_address>0x5ac2</load_address>
         <run_address>0x5ac2</run_address>
         <size>0x84</size>
         <input_file_ref idref="fl-2"/>
      </object_component>
      <object_component id="oc-379">
         <name>.debug_info</name>
         <load_address>0x5b46</load_address>
         <run_address>0x5b46</run_address>
         <size>0x2a4</size>
         <input_file_ref idref="fl-2"/>
      </object_component>
      <object_component id="oc-22b">
         <name>.debug_info</name>
         <load_address>0x5dea</load_address>
         <run_address>0x5dea</run_address>
         <size>0xef</size>
         <input_file_ref idref="fl-2"/>
      </object_component>
      <object_component id="oc-221">
         <name>.debug_info</name>
         <load_address>0x5ed9</load_address>
         <run_address>0x5ed9</run_address>
         <size>0xbb</size>
         <input_file_ref idref="fl-2"/>
      </object_component>
      <object_component id="oc-30e">
         <name>.debug_info</name>
         <load_address>0x5f94</load_address>
         <run_address>0x5f94</run_address>
         <size>0xcc</size>
         <input_file_ref idref="fl-2"/>
      </object_component>
      <object_component id="oc-3c9">
         <name>.debug_info</name>
         <load_address>0x6060</load_address>
         <run_address>0x6060</run_address>
         <size>0x2c</size>
         <input_file_ref idref="fl-2"/>
      </object_component>
      <object_component id="oc-309">
         <name>.debug_info</name>
         <load_address>0x608c</load_address>
         <run_address>0x608c</run_address>
         <size>0x102</size>
         <input_file_ref idref="fl-2"/>
      </object_component>
      <object_component id="oc-2f8">
         <name>.debug_info</name>
         <load_address>0x618e</load_address>
         <run_address>0x618e</run_address>
         <size>0x35</size>
         <input_file_ref idref="fl-2"/>
      </object_component>
      <object_component id="oc-75">
         <name>.debug_info</name>
         <load_address>0x61c3</load_address>
         <run_address>0x61c3</run_address>
         <size>0x2de</size>
         <input_file_ref idref="fl-3"/>
      </object_component>
      <object_component id="oc-27">
         <name>.debug_info</name>
         <load_address>0x64a1</load_address>
         <run_address>0x64a1</run_address>
         <size>0x10a</size>
         <input_file_ref idref="fl-3"/>
      </object_component>
      <object_component id="oc-6b">
         <name>.debug_info</name>
         <load_address>0x65ab</load_address>
         <run_address>0x65ab</run_address>
         <size>0x1d1</size>
         <input_file_ref idref="fl-3"/>
      </object_component>
      <object_component id="oc-287">
         <name>.debug_info</name>
         <load_address>0x677c</load_address>
         <run_address>0x677c</run_address>
         <size>0x103</size>
         <input_file_ref idref="fl-4"/>
      </object_component>
      <object_component id="oc-ad">
         <name>.debug_info</name>
         <load_address>0x687f</load_address>
         <run_address>0x687f</run_address>
         <size>0x26f</size>
         <input_file_ref idref="fl-4"/>
      </object_component>
      <object_component id="oc-11e">
         <name>.debug_info</name>
         <load_address>0x6aee</load_address>
         <run_address>0x6aee</run_address>
         <size>0x159a</size>
         <input_file_ref idref="fl-5"/>
      </object_component>
      <object_component id="oc-125">
         <name>.debug_info</name>
         <load_address>0x8088</load_address>
         <run_address>0x8088</run_address>
         <size>0x1c7</size>
         <input_file_ref idref="fl-5"/>
      </object_component>
      <object_component id="oc-214">
         <name>.debug_info</name>
         <load_address>0x824f</load_address>
         <run_address>0x824f</run_address>
         <size>0xec</size>
         <input_file_ref idref="fl-5"/>
      </object_component>
      <object_component id="oc-142">
         <name>.debug_info</name>
         <load_address>0x833b</load_address>
         <run_address>0x833b</run_address>
         <size>0xf2</size>
         <input_file_ref idref="fl-5"/>
      </object_component>
      <object_component id="oc-217">
         <name>.debug_info</name>
         <load_address>0x842d</load_address>
         <run_address>0x842d</run_address>
         <size>0xf6</size>
         <input_file_ref idref="fl-5"/>
      </object_component>
      <object_component id="oc-211">
         <name>.debug_info</name>
         <load_address>0x8523</load_address>
         <run_address>0x8523</run_address>
         <size>0xf6</size>
         <input_file_ref idref="fl-5"/>
      </object_component>
      <object_component id="oc-1e5">
         <name>.debug_info</name>
         <load_address>0x8619</load_address>
         <run_address>0x8619</run_address>
         <size>0xf6</size>
         <input_file_ref idref="fl-5"/>
      </object_component>
      <object_component id="oc-1ef">
         <name>.debug_info</name>
         <load_address>0x870f</load_address>
         <run_address>0x870f</run_address>
         <size>0xf6</size>
         <input_file_ref idref="fl-5"/>
      </object_component>
      <object_component id="oc-146">
         <name>.debug_info</name>
         <load_address>0x8805</load_address>
         <run_address>0x8805</run_address>
         <size>0xf6</size>
         <input_file_ref idref="fl-5"/>
      </object_component>
      <object_component id="oc-149">
         <name>.debug_info</name>
         <load_address>0x88fb</load_address>
         <run_address>0x88fb</run_address>
         <size>0xf6</size>
         <input_file_ref idref="fl-5"/>
      </object_component>
      <object_component id="oc-14c">
         <name>.debug_info</name>
         <load_address>0x89f1</load_address>
         <run_address>0x89f1</run_address>
         <size>0xf6</size>
         <input_file_ref idref="fl-5"/>
      </object_component>
      <object_component id="oc-6e">
         <name>.debug_info</name>
         <load_address>0x8ae7</load_address>
         <run_address>0x8ae7</run_address>
         <size>0x2805</size>
         <input_file_ref idref="fl-5"/>
      </object_component>
      <object_component id="oc-304">
         <name>.debug_info</name>
         <load_address>0xb2ec</load_address>
         <run_address>0xb2ec</run_address>
         <size>0x37e2</size>
         <input_file_ref idref="fl-5"/>
      </object_component>
      <object_component id="oc-372">
         <name>.debug_info</name>
         <load_address>0xeace</load_address>
         <run_address>0xeace</run_address>
         <size>0x55</size>
         <input_file_ref idref="fl-5"/>
      </object_component>
      <object_component id="oc-21c">
         <name>.debug_info</name>
         <load_address>0xeb23</load_address>
         <run_address>0xeb23</run_address>
         <size>0x8b</size>
         <input_file_ref idref="fl-5"/>
      </object_component>
      <object_component id="oc-120">
         <name>.debug_info</name>
         <load_address>0xebae</load_address>
         <run_address>0xebae</run_address>
         <size>0x667</size>
         <input_file_ref idref="fl-6"/>
      </object_component>
      <object_component id="oc-e9">
         <name>.debug_info</name>
         <load_address>0xf215</load_address>
         <run_address>0xf215</run_address>
         <size>0xb34</size>
         <input_file_ref idref="fl-6"/>
      </object_component>
      <object_component id="oc-122">
         <name>.debug_info</name>
         <load_address>0xfd49</load_address>
         <run_address>0xfd49</run_address>
         <size>0x867</size>
         <input_file_ref idref="fl-7"/>
      </object_component>
      <object_component id="oc-2c3">
         <name>.debug_info</name>
         <load_address>0x105b0</load_address>
         <run_address>0x105b0</run_address>
         <size>0x11a</size>
         <input_file_ref idref="fl-7"/>
      </object_component>
      <object_component id="oc-2c0">
         <name>.debug_info</name>
         <load_address>0x106ca</load_address>
         <run_address>0x106ca</run_address>
         <size>0xeb</size>
         <input_file_ref idref="fl-7"/>
      </object_component>
      <object_component id="oc-2d1">
         <name>.debug_info</name>
         <load_address>0x107b5</load_address>
         <run_address>0x107b5</run_address>
         <size>0x103</size>
         <input_file_ref idref="fl-7"/>
      </object_component>
      <object_component id="oc-2d4">
         <name>.debug_info</name>
         <load_address>0x108b8</load_address>
         <run_address>0x108b8</run_address>
         <size>0xfd</size>
         <input_file_ref idref="fl-7"/>
      </object_component>
      <object_component id="oc-2da">
         <name>.debug_info</name>
         <load_address>0x109b5</load_address>
         <run_address>0x109b5</run_address>
         <size>0x101</size>
         <input_file_ref idref="fl-7"/>
      </object_component>
      <object_component id="oc-2cb">
         <name>.debug_info</name>
         <load_address>0x10ab6</load_address>
         <run_address>0x10ab6</run_address>
         <size>0x101</size>
         <input_file_ref idref="fl-7"/>
      </object_component>
      <object_component id="oc-2d7">
         <name>.debug_info</name>
         <load_address>0x10bb7</load_address>
         <run_address>0x10bb7</run_address>
         <size>0x105</size>
         <input_file_ref idref="fl-7"/>
      </object_component>
      <object_component id="oc-2ce">
         <name>.debug_info</name>
         <load_address>0x10cbc</load_address>
         <run_address>0x10cbc</run_address>
         <size>0x103</size>
         <input_file_ref idref="fl-7"/>
      </object_component>
      <object_component id="oc-dd">
         <name>.debug_info</name>
         <load_address>0x10dbf</load_address>
         <run_address>0x10dbf</run_address>
         <size>0x12b5</size>
         <input_file_ref idref="fl-7"/>
      </object_component>
      <object_component id="oc-3d4">
         <name>.debug_info</name>
         <load_address>0x12074</load_address>
         <run_address>0x12074</run_address>
         <size>0x55</size>
         <input_file_ref idref="fl-7"/>
      </object_component>
      <object_component id="oc-488">
         <name>.debug_info</name>
         <load_address>0x120c9</load_address>
         <run_address>0x120c9</run_address>
         <size>0x807</size>
         <input_file_ref idref="fl-d"/>
      </object_component>
      <object_component id="oc-345">
         <name>.debug_info</name>
         <load_address>0x128d0</load_address>
         <run_address>0x128d0</run_address>
         <size>0x140</size>
         <input_file_ref idref="fl-d"/>
      </object_component>
      <object_component id="oc-442">
         <name>.debug_info</name>
         <load_address>0x12a10</load_address>
         <run_address>0x12a10</run_address>
         <size>0x1a8</size>
         <input_file_ref idref="fl-d"/>
      </object_component>
      <object_component id="oc-44e">
         <name>.debug_info</name>
         <load_address>0x12bb8</load_address>
         <run_address>0x12bb8</run_address>
         <size>0x1d9</size>
         <input_file_ref idref="fl-d"/>
      </object_component>
      <object_component id="oc-352">
         <name>.debug_info</name>
         <load_address>0x12d91</load_address>
         <run_address>0x12d91</run_address>
         <size>0x2a8</size>
         <input_file_ref idref="fl-d"/>
      </object_component>
      <object_component id="oc-50d">
         <name>.debug_info</name>
         <load_address>0x13039</load_address>
         <run_address>0x13039</run_address>
         <size>0x1be</size>
         <input_file_ref idref="fl-d"/>
      </object_component>
      <object_component id="oc-1ab">
         <name>.debug_info</name>
         <load_address>0x131f7</load_address>
         <run_address>0x131f7</run_address>
         <size>0x291</size>
         <input_file_ref idref="fl-d"/>
      </object_component>
      <object_component id="oc-1b6">
         <name>.debug_info</name>
         <load_address>0x13488</load_address>
         <run_address>0x13488</run_address>
         <size>0x29d</size>
         <input_file_ref idref="fl-d"/>
      </object_component>
      <object_component id="oc-1b0">
         <name>.debug_info</name>
         <load_address>0x13725</load_address>
         <run_address>0x13725</run_address>
         <size>0x1f7</size>
         <input_file_ref idref="fl-d"/>
      </object_component>
      <object_component id="oc-34b">
         <name>.debug_info</name>
         <load_address>0x1391c</load_address>
         <run_address>0x1391c</run_address>
         <size>0x2f9</size>
         <input_file_ref idref="fl-d"/>
      </object_component>
      <object_component id="oc-45a">
         <name>.debug_info</name>
         <load_address>0x13c15</load_address>
         <run_address>0x13c15</run_address>
         <size>0x28f</size>
         <input_file_ref idref="fl-d"/>
      </object_component>
      <object_component id="oc-1c2">
         <name>.debug_info</name>
         <load_address>0x13ea4</load_address>
         <run_address>0x13ea4</run_address>
         <size>0x1eb</size>
         <input_file_ref idref="fl-d"/>
      </object_component>
      <object_component id="oc-1bc">
         <name>.debug_info</name>
         <load_address>0x1408f</load_address>
         <run_address>0x1408f</run_address>
         <size>0x1e9</size>
         <input_file_ref idref="fl-d"/>
      </object_component>
      <object_component id="oc-454">
         <name>.debug_info</name>
         <load_address>0x14278</load_address>
         <run_address>0x14278</run_address>
         <size>0x1d3</size>
         <input_file_ref idref="fl-d"/>
      </object_component>
      <object_component id="oc-3ef">
         <name>.debug_info</name>
         <load_address>0x1444b</load_address>
         <run_address>0x1444b</run_address>
         <size>0x431a</size>
         <input_file_ref idref="fl-d"/>
      </object_component>
      <object_component id="oc-523">
         <name>.debug_info</name>
         <load_address>0x18765</load_address>
         <run_address>0x18765</run_address>
         <size>0x1b5</size>
         <input_file_ref idref="fl-d"/>
      </object_component>
      <object_component id="oc-3fe">
         <name>.debug_info</name>
         <load_address>0x1891a</load_address>
         <run_address>0x1891a</run_address>
         <size>0x26b</size>
         <input_file_ref idref="fl-d"/>
      </object_component>
      <object_component id="oc-3f4">
         <name>.debug_info</name>
         <load_address>0x18b85</load_address>
         <run_address>0x18b85</run_address>
         <size>0x1028</size>
         <input_file_ref idref="fl-d"/>
      </object_component>
      <object_component id="oc-3a2">
         <name>.debug_info</name>
         <load_address>0x19bad</load_address>
         <run_address>0x19bad</run_address>
         <size>0x297</size>
         <input_file_ref idref="fl-d"/>
      </object_component>
      <object_component id="oc-292">
         <name>.debug_info</name>
         <load_address>0x19e44</load_address>
         <run_address>0x19e44</run_address>
         <size>0xef</size>
         <input_file_ref idref="fl-d"/>
      </object_component>
      <object_component id="oc-28d">
         <name>.debug_info</name>
         <load_address>0x19f33</load_address>
         <run_address>0x19f33</run_address>
         <size>0xbb</size>
         <input_file_ref idref="fl-d"/>
      </object_component>
      <object_component id="oc-199">
         <name>.debug_info</name>
         <load_address>0x19fee</load_address>
         <run_address>0x19fee</run_address>
         <size>0x224</size>
         <input_file_ref idref="fl-e"/>
      </object_component>
      <object_component id="oc-19d">
         <name>.debug_info</name>
         <load_address>0x1a212</load_address>
         <run_address>0x1a212</run_address>
         <size>0x1a3</size>
         <input_file_ref idref="fl-f"/>
      </object_component>
      <object_component id="oc-1a3">
         <name>.debug_info</name>
         <load_address>0x1a3b5</load_address>
         <run_address>0x1a3b5</run_address>
         <size>0x1af</size>
         <input_file_ref idref="fl-f"/>
      </object_component>
      <object_component id="oc-405">
         <name>.debug_info</name>
         <load_address>0x1a564</load_address>
         <run_address>0x1a564</run_address>
         <size>0x701</size>
         <input_file_ref idref="fl-10"/>
      </object_component>
      <object_component id="oc-322">
         <name>.debug_info</name>
         <load_address>0x1ac65</load_address>
         <run_address>0x1ac65</run_address>
         <size>0x135</size>
         <input_file_ref idref="fl-10"/>
      </object_component>
      <object_component id="oc-156">
         <name>.debug_info</name>
         <load_address>0x1ad9a</load_address>
         <run_address>0x1ad9a</run_address>
         <size>0x252</size>
         <input_file_ref idref="fl-10"/>
      </object_component>
      <object_component id="oc-13b">
         <name>.debug_info</name>
         <load_address>0x1afec</load_address>
         <run_address>0x1afec</run_address>
         <size>0x250</size>
         <input_file_ref idref="fl-10"/>
      </object_component>
      <object_component id="oc-168">
         <name>.debug_info</name>
         <load_address>0x1b23c</load_address>
         <run_address>0x1b23c</run_address>
         <size>0x2a5</size>
         <input_file_ref idref="fl-10"/>
      </object_component>
      <object_component id="oc-12f">
         <name>.debug_info</name>
         <load_address>0x1b4e1</load_address>
         <run_address>0x1b4e1</run_address>
         <size>0x2a3</size>
         <input_file_ref idref="fl-10"/>
      </object_component>
      <object_component id="oc-15c">
         <name>.debug_info</name>
         <load_address>0x1b784</load_address>
         <run_address>0x1b784</run_address>
         <size>0x25a</size>
         <input_file_ref idref="fl-10"/>
      </object_component>
      <object_component id="oc-162">
         <name>.debug_info</name>
         <load_address>0x1b9de</load_address>
         <run_address>0x1b9de</run_address>
         <size>0x258</size>
         <input_file_ref idref="fl-10"/>
      </object_component>
[...]
         <value>0x5179</value>
         <object_component_ref idref="oc-445"/>
      </symbol>
      <symbol id="sm-6d6">
         <name>SysCtl_A_getTLVInfo</name>
         <value>0x3f49</value>
         <object_component_ref idref="oc-505"/>
      </symbol>
      <symbol id="sm-6d7">
         <name>SysCtl_A_getNMISourceStatus</name>
         <value>0x52f5</value>
         <object_component_ref idref="oc-433"/>
      </symbol>
      <symbol id="sm-6d8">
         <name>SysCtl_A_disableNMISource</name>
         <value>0x5161</value>
         <object_component_ref idref="oc-439"/>
      </symbol>
      <symbol id="sm-70c">
         <name>SysTick_setPeriod</name>
         <value>0x5191</value>
         <object_component_ref idref="oc-115"/>
      </symbol>
      <symbol id="sm-70d">
         <name>SysTick_disableModule</name>
         <value>0x5315</value>
         <object_component_ref idref="oc-1f8"/>
      </symbol>
      <symbol id="sm-70e">
         <name>SysTick_disableInterrupt</name>
         <value>0x5305</value>
         <object_component_ref idref="oc-1f2"/>
      </symbol>
      <symbol id="sm-70f">
         <name>SysTick_enableInterrupt</name>
         <value>0x5325</value>
         <object_component_ref idref="oc-20a"/>
      </symbol>
      <symbol id="sm-710">
         <name>SysTick_enableModule</name>
         <value>0x5335</value>
         <object_component_ref idref="oc-204"/>
      </symbol>
      <symbol id="sm-749">
         <name>Timer32_startTimer</name>
         <value>0x4c69</value>
         <object_component_ref idref="oc-d0"/>
      </symbol>
      <symbol id="sm-74a">
         <name>Timer32_enableInterrupt</name>
         <value>0x5259</value>
         <object_component_ref idref="oc-fa"/>
      </symbol>
      <symbol id="sm-74b">
         <name>Timer32_setCount</name>
         <value>0x4cd9</value>
         <object_component_ref idref="oc-f4"/>
      </symbol>
      <symbol id="sm-74c">
         <name>Timer32_initModule</name>
         <value>0x455d</value>
         <object_component_ref idref="oc-ee"/>
      </symbol>
      <symbol id="sm-74d">
         <name>Timer32_clearInterruptFlag</name>
         <value>0x5245</value>
         <object_component_ref idref="oc-1e8"/>
      </symbol>
      <symbol id="sm-7ae">
         <name>Timer_A_setCompareValue</name>
         <value>0x503d</value>
         <object_component_ref idref="oc-2a7"/>
      </symbol>
      <symbol id="sm-7af">
         <name>Timer_A_clearCaptureCompareInterrupt</name>
         <value>0x4ef9</value>
         <object_component_ref idref="oc-1d2"/>
      </symbol>
      <symbol id="sm-7b0">
         <name>Timer_A_generatePWM</name>
         <value>0x4479</value>
         <object_component_ref idref="oc-16c"/>
      </symbol>
      <symbol id="sm-7b1">
         <name>Timer_A_startCounter</name>
         <value>0x51d9</value>
         <object_component_ref idref="oc-d6"/>
      </symbol>
      <symbol id="sm-7b2">
         <name>Timer_A_initCapture</name>
         <value>0x4805</value>
         <object_component_ref idref="oc-133"/>
      </symbol>
      <symbol id="sm-7b3">
         <name>Timer_A_getCaptureCompareCount</name>
         <value>0x50ad</value>
         <object_component_ref idref="oc-1d8"/>
      </symbol>
      <symbol id="sm-7b4">
         <name>Timer_A_configureContinuousMode</name>
         <value>0x4d0d</value>
         <object_component_ref idref="oc-127"/>
      </symbol>
      <symbol id="sm-809">
         <name>UART_receiveData</name>
         <value>0x4e3d</value>
         <object_component_ref idref="oc-e2"/>
      </symbol>
      <symbol id="sm-80a">
         <name>UART_enableModule</name>
         <value>0x5205</value>
         <object_component_ref idref="oc-1cc"/>
      </symbol>
      <symbol id="sm-80b">
         <name>UART_transmitData</name>
         <value>0x4d41</value>
         <object_component_ref idref="oc-b8"/>
      </symbol>
      <symbol id="sm-80c">
         <name>UART_getInterruptStatus</name>
         <value>0x51a9</value>
         <object_component_ref idref="oc-be"/>
      </symbol>
      <symbol id="sm-80d">
         <name>UART_initModule</name>
         <value>0x34e5</value>
         <object_component_ref idref="oc-1c6"/>
      </symbol>
      <symbol id="sm-80e">
         <name>UART_clearInterruptFlag</name>
         <value>0x51ef</value>
         <object_component_ref idref="oc-c4"/>
      </symbol>
      <symbol id="sm-81a">
         <name>WDT_A_holdTimer</name>
         <value>0x5089</value>
         <object_component_ref idref="oc-18a"/>
      </symbol>
      <symbol id="sm-82c">
         <name>CPU_wfi</name>
         <value>0x5381</value>
         <object_component_ref idref="oc-4ef"/>
      </symbol>
      <symbol id="sm-82d">
         <name>CPU_cpsie</name>
         <value>0x5361</value>
         <object_component_ref idref="oc-299"/>
      </symbol>
      <symbol id="sm-85c">
         <name>snprintf</name>
         <value>0x4a49</value>
         <object_component_ref idref="oc-2b2"/>
      </symbol>
      <symbol id="sm-87e">
         <name>__aeabi_cdcmpeq</name>
         <value>0x40ed</value>
         <object_component_ref idref="oc-495"/>
      </symbol>
      <symbol id="sm-87f">
         <name>__aeabi_cdcmple</name>
         <value>0x40ed</value>
         <object_component_ref idref="oc-495"/>
      </symbol>
      <symbol id="sm-880">
         <name>__aeabi_cdrcmple</name>
         <value>0x4173</value>
         <object_component_ref idref="oc-2a2"/>
      </symbol>
      <symbol id="sm-88b">
         <name>__aeabi_dmul</name>
         <value>0x391d</value>
         <object_component_ref idref="oc-10b"/>
      </symbol>
      <symbol id="sm-895">
         <name>__aeabi_d2iz</name>
         <value>0x4add</value>
         <object_component_ref idref="oc-2c5"/>
      </symbol>
      <symbol id="sm-89f">
         <name>__aeabi_d2uiz</name>
         <value>0x4b69</value>
         <object_component_ref idref="oc-110"/>
      </symbol>
      <symbol id="sm-8aa">
         <name>__aeabi_f2d</name>
         <value>0x4ca1</value>
         <object_component_ref idref="oc-2ad"/>
      </symbol>
      <symbol id="sm-8b4">
         <name>__aeabi_i2d</name>
         <value>0x4e9d</value>
         <object_component_ref idref="oc-14e"/>
      </symbol>
      <symbol id="sm-8cf">
         <name>memcpy</name>
         <value>0x3d83</value>
         <object_component_ref idref="oc-37"/>
      </symbol>
      <symbol id="sm-8d0">
         <name>__aeabi_memcpy</name>
         <value>0x3d83</value>
         <object_component_ref idref="oc-37"/>
      </symbol>
      <symbol id="sm-8d1">
         <name>__aeabi_memcpy8</name>
         <value>0x3d83</value>
         <object_component_ref idref="oc-37"/>
      </symbol>
      <symbol id="sm-8d2">
         <name>__aeabi_memcpy4</name>
         <value>0x3d83</value>
         <object_component_ref idref="oc-37"/>
      </symbol>
      <symbol id="sm-8dc">
         <name>__aeabi_ui2d</name>
         <value>0x50f1</value>
         <object_component_ref idref="oc-106"/>
      </symbol>
      <symbol id="sm-8f3">
         <name>__TI_zero_init</name>
         <value>0x536d</value>
         <object_component_ref idref="oc-49"/>
      </symbol>
      <symbol id="sm-90a">
         <name>__TI_decompress_none</name>
         <value>0x5345</value>
         <object_component_ref idref="oc-1d"/>
      </symbol>
      <symbol id="sm-92d">
         <name>__TI_decompress_lzss</name>
         <value>0x45c5</value>
         <object_component_ref idref="oc-17"/>
      </symbol>
      <symbol id="sm-943">
         <name>rand</name>
         <value>0x4da9</value>
         <object_component_ref idref="oc-2b8"/>
      </symbol>
      <symbol id="sm-951">
         <name>strlen</name>
         <value>0x526d</value>
         <object_component_ref idref="oc-b2"/>
      </symbol>
      <symbol id="sm-964">
         <name>__stack</name>
         <value>0x2000f800</value>
         <object_component_ref idref="oc-29"/>
      </symbol>
      <symbol id="sm-965">
         <name>_c_int00_noargs</name>
         <value>0x4d75</value>
         <object_component_ref idref="oc-55"/>
      </symbol>
      <symbol id="sm-aca">
         <name>__TI_printfi</name>
         <value>0xcf9</value>
         <object_component_ref idref="oc-3ab"/>
      </symbol>
      <symbol id="sm-ae1">
         <name>__aeabi_dsub</name>
         <value>0x2bc5</value>
         <object_component_ref idref="oc-53f"/>
      </symbol>
      <symbol id="sm-ae2">
         <name>__aeabi_dadd</name>
         <value>0x2bcf</value>
         <object_component_ref idref="oc-53f"/>
      </symbol>
      <symbol id="sm-af6">
         <name>__aeabi_ddiv</name>
         <value>0x3159</value>
         <object_component_ref idref="oc-534"/>
      </symbol>
      <symbol id="sm-b05">
         <name>__aeabi_memset</name>
         <value>0x43ff</value>
         <object_component_ref idref="oc-8d"/>
      </symbol>
      <symbol id="sm-b06">
         <name>memset</name>
         <value>0x4405</value>
         <object_component_ref idref="oc-8d"/>
      </symbol>
      <symbol id="sm-b07">
         <name>__aeabi_memset8</name>
         <value>0x43ff</value>
         <object_component_ref idref="oc-8d"/>
      </symbol>
      <symbol id="sm-b08">
         <name>__aeabi_memset4</name>
         <value>0x43ff</value>
         <object_component_ref idref="oc-8d"/>
      </symbol>
      <symbol id="sm-b09">
         <name>__aeabi_memclr8</name>
         <value>0x43fd</value>
         <object_component_ref idref="oc-8d"/>
      </symbol>
      <symbol id="sm-b0a">
         <name>__aeabi_memclr4</name>
         <value>0x43fd</value>
         <object_component_ref idref="oc-8d"/>
      </symbol>
      <symbol id="sm-b0b">
         <name>__aeabi_memclr</name>
         <value>0x43fd</value>
         <object_component_ref idref="oc-8d"/>
      </symbol>
      <symbol id="sm-b18">
         <name>__aeabi_uldivmod</name>
         <value>0x3e1f</value>
         <object_component_ref idref="oc-52d"/>
      </symbol>
      <symbol id="sm-b40">
         <name>__TI_auto_init_nobinit_nopinit</name>
         <value>0x4b25</value>
         <object_component_ref idref="oc-254"/>
      </symbol>
      <symbol id="sm-b4a">
         <name>_system_pre_init</name>
         <value>0x5385</value>
         <object_component_ref idref="oc-93"/>
      </symbol>
      <symbol id="sm-b56">
         <name>C$$EXIT</name>
         <value>0x5389</value>
         <object_component_ref idref="oc-248"/>
      </symbol>
      <symbol id="sm-b57">
         <name>abort</name>
         <value>0x5389</value>
         <object_component_ref idref="oc-248"/>
      </symbol>
      <symbol id="sm-b6c">
         <name>_nop</name>
         <value>0x1747</value>
         <object_component_ref idref="oc-469"/>
      </symbol>
      <symbol id="sm-b6d">
         <name>_lock</name>
         <value>0x20002510</value>
         <object_component_ref idref="oc-382"/>
      </symbol>
      <symbol id="sm-b6e">
         <name>_unlock</name>
         <value>0x20002514</value>
         <object_component_ref idref="oc-382"/>
      </symbol>
      <symbol id="sm-b7d">
         <name>__TI_ltoa</name>
         <value>0x4909</value>
         <object_component_ref idref="oc-539"/>
      </symbol>
      <symbol id="sm-b94">
         <name>atoi</name>
         <value>0x49fd</value>
         <object_component_ref idref="oc-489"/>
      </symbol>
      <symbol id="sm-b9f">
         <name>_ctypes_</name>
         <value>0x55d0</value>
         <object_component_ref idref="oc-528"/>
      </symbol>
      <symbol id="sm-baf">
         <name>memccpy</name>
         <value>0x5111</value>
         <object_component_ref idref="oc-4b2"/>
      </symbol>
      <symbol id="sm-bbf">
         <name>strchr</name>
         <value>0x521b</value>
         <object_component_ref idref="oc-56b"/>
      </symbol>
      <symbol id="sm-bd5">
         <name>__aeabi_errno_addr</name>
         <value>0x5379</value>
         <object_component_ref idref="oc-4be"/>
      </symbol>
      <symbol id="sm-bd6">
         <name>errno</name>
         <value>0x20002530</value>
         <object_component_ref idref="oc-57b"/>
      </symbol>
      <symbol id="sm-bef">
         <name>wcslen</name>
         <value>0x5293</value>
         <object_component_ref idref="oc-4b8"/>
      </symbol>
      <symbol id="sm-c0f">
         <name>frexpl</name>
         <value>0x462d</value>
         <object_component_ref idref="oc-55f"/>
      </symbol>
      <symbol id="sm-c10">
         <name>frexp</name>
         <value>0x462d</value>
         <object_component_ref idref="oc-55f"/>
      </symbol>
      <symbol id="sm-c2d">
         <name>scalbn</name>
         <value>0x3601</value>
         <object_component_ref idref="oc-565"/>
      </symbol>
      <symbol id="sm-c2e">
         <name>scalbnl</name>
         <value>0x3601</value>
         <object_component_ref idref="oc-565"/>
      </symbol>
      <symbol id="sm-c2f">
         <name>ldexpl</name>
         <value>0x3601</value>
         <object_component_ref idref="oc-565"/>
      </symbol>
      <symbol id="sm-c30">
         <name>ldexp</name>
         <value>0x3601</value>
         <object_component_ref idref="oc-565"/>
      </symbol>
      <symbol id="sm-c3a">
         <name>__aeabi_idiv0</name>
         <value>0x24ff</value>
         <object_component_ref idref="oc-599"/>
      </symbol>
      <symbol id="sm-c3b">
         <name>__aeabi_ldiv0</name>
         <value>0x24ff</value>
         <object_component_ref idref="oc-599"/>
      </symbol>
      <symbol id="sm-c45">
         <name>copysign</name>
         <value>0x512d</value>
         <object_component_ref idref="oc-5ae"/>
      </symbol>
      <symbol id="sm-c46">
         <name>copysignl</name>
         <value>0x512d</value>
         <object_component_ref idref="oc-5ae"/>
      </symbol>
      <symbol id="sm-c47">
         <name>__TI_static_base__</name>
         <value>0x0</value>
      </symbol>
      <symbol id="sm-c4a">
         <name>__mpu_init</name>
         <value>0x0</value>
      </symbol>
      <symbol id="sm-c4b">
         <name>_system_post_cinit</name>
         <value>0x0</value>
      </symbol>
      <symbol id="sm-c4c">
         <name>NMI_Handler</name>
         <value>0x535f</value>
      </symbol>
      <symbol id="sm-c4d">
         <name>HardFault_Handler</name>
         <value>0x535f</value>
      </symbol>
      <symbol id="sm-c4e">
         <name>MemManage_Handler</name>
         <value>0x535f</value>
      </symbol>
      <symbol id="sm-c4f">
         <name>BusFault_Handler</name>
         <value>0x535f</value>
      </symbol>
      <symbol id="sm-c50">
         <name>UsageFault_Handler</name>
         <value>0x535f</value>
      </symbol>
      <symbol id="sm-c51">
         <name>SVC_Handler</name>
         <value>0x535f</value>
      </symbol>
      <symbol id="sm-c52">
         <name>DebugMon_Handler</name>
         <value>0x535f</value>
      </symbol>
      <symbol id="sm-c53">
         <name>PendSV_Handler</name>
         <value>0x535f</value>
      </symbol>
      <symbol id="sm-c54">
         <name>SysTick_Handler</name>
         <value>0xa55</value>
      </symbol>
      <symbol id="sm-c55">
         <name>PSS_IRQHandler</name>
         <value>0x535f</value>
      </symbol>
      <symbol id="sm-c56">
         <name>CS_IRQHandler</name>
         <value>0x535f</value>
      </symbol>
      <symbol id="sm-c57">
         <name>PCM_IRQHandler</name>
         <value>0x535f</value>
      </symbol>
      <symbol id="sm-c58">
         <name>WDT_A_IRQHandler</name>
         <value>0x535f</value>
      </symbol>
      <symbol id="sm-c59">
         <name>FPU_IRQHandler</name>
         <value>0x535f</value>
      </symbol>
      <symbol id="sm-c5a">
         <name>FLCTL_IRQHandler</name>
         <value>0x535f</value>
      </symbol>
      <symbol id="sm-c5b">
         <name>COMP_E0_IRQHandler</name>
         <value>0x535f</value>
      </symbol>
      <symbol id="sm-c5c">
         <name>COMP_E1_IRQHandler</name>
         <value>0x535f</value>
      </symbol>
      <symbol id="sm-c5d">
         <name>TA0_0_IRQHandler</name>
         <value>0x535f</value>
      </symbol>
      <symbol id="sm-c5e">
         <name>TA0_N_IRQHandler</name>
         <value>0x535f</value>
      </symbol>
      <symbol id="sm-c5f">
         <name>TA1_0_IRQHandler</name>
         <value>0x535f</value>
      </symbol>
      <symbol id="sm-c60">
         <name>TA1_N_IRQHandler</name>
         <value>0x535f</value>
      </symbol>
      <symbol id="sm-c61">
         <name>TA2_0_IRQHandler</name>
         <value>0x535f</value>
      </symbol>
      <symbol id="sm-c62">
         <name>TA2_N_IRQHandler</name>
         <value>0x535f</value>
      </symbol>
      <symbol id="sm-c63">
         <name>TA3_0_IRQHandler</name>
         <value>0x9a1</value>
      </symbol>
      <symbol id="sm-c64">
         <name>TA3_N_IRQHandler</name>
         <value>0x933</value>
      </symbol>
      <symbol id="sm-c65">
         <name>EUSCIA0_IRQHandler</name>
         <value>0x535f</value>
      </symbol>
      <symbol id="sm-c66">
         <name>EUSCIA1_IRQHandler</name>
         <value>0x535f</value>
      </symbol>
      <symbol id="sm-c67">
         <name>EUSCIA2_IRQHandler</name>
         <value>0x535f</value>
      </symbol>
      <symbol id="sm-c68">
         <name>EUSCIA3_IRQHandler</name>
         <value>0x535f</value>
      </symbol>
      <symbol id="sm-c69">
         <name>EUSCIB0_IRQHandler</name>
         <value>0x535f</value>
      </symbol>
      <symbol id="sm-c6a">
         <name>EUSCIB1_IRQHandler</name>
         <value>0x535f</value>
      </symbol>
      <symbol id="sm-c6b">
         <name>EUSCIB2_IRQHandler</name>
         <value>0x535f</value>
      </symbol>
      <symbol id="sm-c6c">
         <name>EUSCIB3_IRQHandler</name>
         <value>0x535f</value>
      </symbol>
      <symbol id="sm-c6d">
         <name>ADC14_IRQHandler</name>
         <value>0x535f</value>
      </symbol>
      <symbol id="sm-c6e">
         <name>T32_INT1_IRQHandler</name>
         <value>0xa19</value>
      </symbol>
      <symbol id="sm-c6f">
         <name>T32_INT2_IRQHandler</name>
         <value>0xa0d</value>
      </symbol>
      <symbol id="sm-c70">
         <name>T32_INTC_IRQHandler</name>
         <value>0x535f</value>
      </symbol>
      <symbol id="sm-c71">
         <name>AES256_IRQHandler</name>
         <value>0x535f</value>
      </symbol>
      <symbol id="sm-c72">
         <name>RTC_C_IRQHandler</name>
         <value>0x535f</value>
      </symbol>
      <symbol id="sm-c73">
         <name>DMA_ERR_IRQHandler</name>
         <value>0x535f</value>
      </symbol>
      <symbol id="sm-c74">
         <name>DMA_INT3_IRQHandler</name>
         <value>0x535f</value>
      </symbol>
      <symbol id="sm-c75">
         <name>DMA_INT2_IRQHandler</name>
         <value>0x535f</value>
      </symbol>
      <symbol id="sm-c76">
         <name>DMA_INT1_IRQHandler</name>
         <value>0x535f</value>
      </symbol>
      <symbol id="sm-c77">
         <name>DMA_INT0_IRQHandler</name>
         <value>0x535f</value>
      </symbol>
      <symbol id="sm-c78">
         <name>PORT1_IRQHandler</name>
         <value>0xaa1</value>
      </symbol>
      <symbol id="sm-c79">
         <name>PORT2_IRQHandler</name>
         <value>0x535f</value>
      </symbol>
      <symbol id="sm-c7a">
         <name>PORT3_IRQHandler</name>
         <value>0x535f</value>
      </symbol>
      <symbol id="sm-c7b">
         <name>PORT4_IRQHandler</name>
         <value>0x535f</value>
      </symbol>
      <symbol id="sm-c7c">
         <name>PORT5_IRQHandler</name>
         <value>0x535f</value>
      </symbol>
      <symbol id="sm-c7d">
         <name>PORT6_IRQHandler</name>
         <value>0x535f</value>
      </symbol>
   </symbol_table>
   <title>Link successful</title>
</link_info>
